###############################################################################
#
# IAR ELF Linker V7.80.4.12462/W32 for ARM                28/Apr/2017  18:10:22
# Copyright 2007-2017 IAR Systems AB.
#
#    Output file  =  
#        D:\Workspace\nRF51_Template\EWARM\Debug\Exe\nRF51_Template.out
#    Map file     =  
#        D:\Workspace\nRF51_Template\EWARM\Debug\List\nRF51_Template.map
#    Command line =  
#        D:\Workspace\nRF51_Template\EWARM\Debug\Obj\app_button.o
#        D:\Workspace\nRF51_Template\EWARM\Debug\Obj\app_error.o
#        D:\Workspace\nRF51_Template\EWARM\Debug\Obj\app_error_weak.o
#        D:\Workspace\nRF51_Template\EWARM\Debug\Obj\app_gpiote.o
#        D:\Workspace\nRF51_Template\EWARM\Debug\Obj\app_pwm.o
#        D:\Workspace\nRF51_Template\EWARM\Debug\Obj\app_scheduler.o
#        D:\Workspace\nRF51_Template\EWARM\Debug\Obj\app_timer.o
#        D:\Workspace\nRF51_Template\EWARM\Debug\Obj\app_timer_appsh.o
#        D:\Workspace\nRF51_Template\EWARM\Debug\Obj\app_twi.o
#        D:\Workspace\nRF51_Template\EWARM\Debug\Obj\app_util_platform.o
#        D:\Workspace\nRF51_Template\EWARM\Debug\Obj\ble_advdata.o
#        D:\Workspace\nRF51_Template\EWARM\Debug\Obj\ble_advertising.o
#        D:\Workspace\nRF51_Template\EWARM\Debug\Obj\ble_conn_params.o
#        D:\Workspace\nRF51_Template\EWARM\Debug\Obj\ble_conn_state.o
#        D:\Workspace\nRF51_Template\EWARM\Debug\Obj\ble_srv_common.o
#        D:\Workspace\nRF51_Template\EWARM\Debug\Obj\boards.o
#        D:\Workspace\nRF51_Template\EWARM\Debug\Obj\fds.o
#        D:\Workspace\nRF51_Template\EWARM\Debug\Obj\fstorage.o
#        D:\Workspace\nRF51_Template\EWARM\Debug\Obj\iar_startup_nrf51.o
#        D:\Workspace\nRF51_Template\EWARM\Debug\Obj\main.o
#        D:\Workspace\nRF51_Template\EWARM\Debug\Obj\nrf_adc.o
#        D:\Workspace\nRF51_Template\EWARM\Debug\Obj\nrf_assert.o
#        D:\Workspace\nRF51_Template\EWARM\Debug\Obj\nrf_drv_clock.o
#        D:\Workspace\nRF51_Template\EWARM\Debug\Obj\nrf_drv_common.o
#        D:\Workspace\nRF51_Template\EWARM\Debug\Obj\nrf_drv_gpiote.o
#        D:\Workspace\nRF51_Template\EWARM\Debug\Obj\nrf_drv_power.o
#        D:\Workspace\nRF51_Template\EWARM\Debug\Obj\nrf_drv_ppi.o
#        D:\Workspace\nRF51_Template\EWARM\Debug\Obj\nrf_drv_rng.o
#        D:\Workspace\nRF51_Template\EWARM\Debug\Obj\nrf_drv_timer.o
#        D:\Workspace\nRF51_Template\EWARM\Debug\Obj\nrf_drv_twi.o
#        D:\Workspace\nRF51_Template\EWARM\Debug\Obj\nrf_drv_uart.o
#        D:\Workspace\nRF51_Template\EWARM\Debug\Obj\nrf_log_backend_serial.o
#        D:\Workspace\nRF51_Template\EWARM\Debug\Obj\nrf_log_frontend.o
#        D:\Workspace\nRF51_Template\EWARM\Debug\Obj\nrf_nvic.o
#        D:\Workspace\nRF51_Template\EWARM\Debug\Obj\nrf_queue.o
#        D:\Workspace\nRF51_Template\EWARM\Debug\Obj\nrf_soc.o
#        D:\Workspace\nRF51_Template\EWARM\Debug\Obj\sdk_errors.o
#        D:\Workspace\nRF51_Template\EWARM\Debug\Obj\sdk_mapped_flags.o
#        D:\Workspace\nRF51_Template\EWARM\Debug\Obj\softdevice_handler.o
#        D:\Workspace\nRF51_Template\EWARM\Debug\Obj\softdevice_handler_appsh.o
#        D:\Workspace\nRF51_Template\EWARM\Debug\Obj\system_nrf51.o -o
#        D:\Workspace\nRF51_Template\EWARM\Debug\Exe\nRF51_Template.out --map
#        D:\Workspace\nRF51_Template\EWARM\Debug\List\nRF51_Template.map
#        --config D:\IAR\arm\config\linker\NordicSemi\nrf518xx_xxac.icf
#        --semihosting --entry __iar_program_start --vfe
#
###############################################################################

*******************************************************************************
*** RUNTIME MODEL ATTRIBUTES
***

CppFlavor       = *
__SystemLibrary = DLib


*******************************************************************************
*** PLACEMENT SUMMARY
***

"A0":  place at 0x0001b000 { ro section .intvec };
"P1":  place in [from 0x0001b000 to 0x0003ffff] { ro };
"P2":  place in [from 0x20001fe8 to 0x20007fff] { rw, block CSTACK, block HEAP };
initialize by copy { rw };

  Section            Kind        Address    Size  Object
  -------            ----        -------    ----  ------
"A0":                                       0xc0
  .intvec            ro code  0x0001b000    0xc0  iar_startup_nrf51.o [1]
                            - 0x0001b0c0    0xc0

"P1":                                     0x1662
  .text              ro code  0x0001b0c0   0x5f8  app_timer.o [1]
  .text              ro code  0x0001b6b8    0x98  app_error.o [1]
  .text              ro code  0x0001b750     0x8  app_error_weak.o [1]
  .text              ro code  0x0001b758    0x5c  ABImemcpy.o [4]
  .text              ro code  0x0001b7b4   0x35c  nrf_drv_gpiote.o [1]
  .text              ro code  0x0001bb10   0x280  nrf_drv_uart.o [1]
  .text              ro code  0x0001bd90   0x174  system_nrf51.o [1]
  .text              ro code  0x0001bf04   0x12e  nrf_queue.o [1]
  .text              ro code  0x0001c032     0x2  iar_startup_nrf51.o [1]
  .text              ro code  0x0001c034    0x9a  app_util_platform.o [1]
  .text              ro code  0x0001c0ce     0x2  iar_startup_nrf51.o [1]
  .text              ro code  0x0001c0d0    0xf4  softdevice_handler.o [1]
  .text              ro code  0x0001c1c4    0xd4  nrf_drv_clock.o [1]
  .text              ro code  0x0001c298    0xec  nrf_drv_timer.o [1]
  .text              ro code  0x0001c384    0xd0  nrf_drv_rng.o [1]
  .text              ro code  0x0001c454    0x84  nrf_drv_power.o [1]
  .rodata            const    0x0001c4d8    0x60  softdevice_handler.o [1]
  .rodata            const    0x0001c538    0x40  app_timer.o [1]
  .text              ro code  0x0001c578    0x3c  zero_init3.o [4]
  .text              ro code  0x0001c5b4    0x38  nrf_drv_common.o [1]
  .text              ro code  0x0001c5ec    0x30  copy_init3.o [4]
  .text              ro code  0x0001c61c    0x2c  iar_startup_nrf51.o [1]
  .text              ro code  0x0001c648    0x28  data_init.o [4]
  .iar.init_table    const    0x0001c670    0x24  - Linker created -
  .text              ro code  0x0001c694    0x1a  cmain.o [4]
  .text              ro code  0x0001c6ae     0x4  low_level_init.o [3]
  .text              ro code  0x0001c6b2     0x4  main.o [1]
  .text              ro code  0x0001c6b6     0x8  exit.o [3]
  .text              ro code  0x0001c6be     0x2  iar_startup_nrf51.o [1]
  .text              ro code  0x0001c6c0     0xa  cexit.o [4]
  .text              ro code  0x0001c6ca     0x2  iar_startup_nrf51.o [1]
  .text              ro code  0x0001c6cc    0x14  exit.o [5]
  .rodata            const    0x0001c6e0    0x14  nrf_drv_rng.o [1]
  .text              ro code  0x0001c6f4     0xc  cstartup_M.o [4]
  .rodata            const    0x0001c700     0x4  nrf_drv_gpiote.o [1]
  Initializer bytes  const    0x0001c704     0x4  <for P2-1>
  .text              ro code  0x0001c708     0x2  iar_startup_nrf51.o [1]
  .text              ro code  0x0001c70a     0x2  iar_startup_nrf51.o [1]
  .text              ro code  0x0001c70c     0x2  iar_startup_nrf51.o [1]
  .text              ro code  0x0001c70e     0x2  iar_startup_nrf51.o [1]
  .text              ro code  0x0001c710     0x2  iar_startup_nrf51.o [1]
  .text              ro code  0x0001c712     0x2  iar_startup_nrf51.o [1]
  .text              ro code  0x0001c714     0x2  iar_startup_nrf51.o [1]
  .text              ro code  0x0001c716     0x2  iar_startup_nrf51.o [1]
  .text              ro code  0x0001c718     0x2  iar_startup_nrf51.o [1]
  .text              ro code  0x0001c71a     0x2  iar_startup_nrf51.o [1]
  .text              ro code  0x0001c71c     0x2  iar_startup_nrf51.o [1]
  .text              ro code  0x0001c71e     0x2  iar_startup_nrf51.o [1]
  .text              ro code  0x0001c720     0x2  iar_startup_nrf51.o [1]
  .rodata            const    0x0001c722     0x0  zero_init3.o [4]
  .rodata            const    0x0001c722     0x0  copy_init3.o [4]
                            - 0x0001c722  0x1662

"P2", part 1 of 3:                           0x4
  P2-1                        0x20001fe8     0x4  <Init block>
    .data            inited   0x20001fe8     0x4  system_nrf51.o [1]
                            - 0x20001fec     0x4

"P2", part 2 of 3:                         0x800
  CSTACK                      0x20001ff0   0x800  <Block>
    CSTACK           uninit   0x20001ff0   0x800  <Block tail>
                            - 0x200027f0   0x800

"P2", part 3 of 3:                         0x144
  .bss               zero     0x200027f0    0x48  nrf_drv_gpiote.o [1]
  .bss               zero     0x20002838    0x24  nrf_drv_rng.o [1]
  .bss               zero     0x2000285c    0x24  nrf_drv_timer.o [1]
  .bss               zero     0x20002880    0x20  app_error.o [1]
  .bss               zero     0x200028a0    0x1c  nrf_drv_uart.o [1]
  .bss               zero     0x200028bc    0x14  nrf_drv_clock.o [1]
  .bss               zero     0x200028d0     0xc  nrf_drv_rng.o [1]
  .bss               zero     0x200028dc     0x8  app_timer.o [1]
  .bss               zero     0x200028e4     0x8  app_timer.o [1]
  .bss               zero     0x200028ec     0x8  app_util_platform.o [1]
  .bss               zero     0x200028f4     0x8  nrf_drv_common.o [1]
  .bss               zero     0x200028fc     0x8  nrf_drv_common.o [1]
  .bss               zero     0x20002904     0x8  nrf_drv_common.o [1]
  .bss               zero     0x2000290c     0x4  app_timer.o [1]
  .bss               zero     0x20002910     0x4  app_timer.o [1]
  .bss               zero     0x20002914     0x4  app_timer.o [1]
  .bss               zero     0x20002918     0x4  nrf_drv_power.o [1]
  .bss               zero     0x2000291c     0x4  softdevice_handler.o [1]
  .bss               zero     0x20002920     0x4  softdevice_handler.o [1]
  .bss               zero     0x20002924     0x4  softdevice_handler.o [1]
  .bss               zero     0x20002928     0x4  softdevice_handler.o [1]
  .bss               zero     0x2000292c     0x2  softdevice_handler.o [1]
  .bss               zero     0x2000292e     0x1  app_timer.o [1]
  .bss               zero     0x2000292f     0x1  app_timer.o [1]
  .bss               zero     0x20002930     0x1  app_timer.o [1]
  .bss               zero     0x20002931     0x1  app_timer.o [1]
  .bss               zero     0x20002932     0x1  softdevice_handler.o [1]
  .bss               zero     0x20002933     0x1  softdevice_handler.o [1]
                            - 0x20002934   0x144


*******************************************************************************
*** INIT TABLE
***

          Address     Size
          -------     ----
Zero (__iar_zero_init3)
    1 destination range, total size 0x144:
          0x200027f0  0x144

Copy (__iar_copy_init3)
    1 source range, total size 0x4:
          0x0001c704    0x4
    1 destination range, total size 0x4:
          0x20001fe8    0x4



*******************************************************************************
*** MODULE SUMMARY
***

    Module                ro code  ro data  rw data
    ------                -------  -------  -------
D:\Workspace\nRF51_Template\EWARM\Debug\Obj: [1]
    app_error.o               152                32
    app_error_weak.o            8
    app_timer.o             1 528       64       32
    app_util_platform.o       154                 8
    iar_startup_nrf51.o       270
    main.o                      4
    nrf_drv_clock.o           212                20
    nrf_drv_common.o           56                24
    nrf_drv_gpiote.o          860        4       72
    nrf_drv_power.o           132                 4
    nrf_drv_rng.o             208       20       48
    nrf_drv_timer.o           236                36
    nrf_drv_uart.o            640                28
    nrf_queue.o               302
    softdevice_handler.o      244       96       20
    system_nrf51.o            372        4        4
    -----------------------------------------------
    Total:                  5 378      188      328

command line: [2]
    -----------------------------------------------
    Total:

dl6M_tln.a: [3]
    exit.o                      8
    low_level_init.o            4
    -----------------------------------------------
    Total:                     12

rt6M_tl.a: [4]
    ABImemcpy.o                92
    cexit.o                    10
    cmain.o                    26
    copy_init3.o               48
    cstartup_M.o               12
    data_init.o                40
    zero_init3.o               60
    -----------------------------------------------
    Total:                    288

shb_l.a: [5]
    exit.o                     20
    -----------------------------------------------
    Total:                     20

    Linker created                      36    2 048
---------------------------------------------------
    Grand Total:            5 698      224    2 376


*******************************************************************************
*** ENTRY LIST
***

Entry                      Address   Size  Type      Object
-----                      -------   ----  ----      ------
.iar.init_table$$Base   0x0001c670          --   Gb  - Linker created -
.iar.init_table$$Limit  0x0001c694          --   Gb  - Linker created -
?main                   0x0001c695         Code  Gb  cmain.o [4]
CSTACK$$Base            0x20001ff0          --   Gb  - Linker created -
CSTACK$$Limit           0x200027f0          --   Gb  - Linker created -
GPIOTE_IRQHandler       0x0001b911  0x1fc  Code  Gb  nrf_drv_gpiote.o [1]
LPCOMP_IRQHandler       0x0001c5c9    0xa  Code  Gb  nrf_drv_common.o [1]
NVIC_ClearPendingIRQ    0x0001b0eb    0xe  Code  Lc  app_timer.o [1]
NVIC_DisableIRQ         0x0001b0cf    0xe  Code  Lc  app_timer.o [1]
NVIC_EnableIRQ          0x0001b0c1    0xe  Code  Lc  app_timer.o [1]
NVIC_SetPendingIRQ      0x0001b0dd    0xe  Code  Lc  app_timer.o [1]
POWER_CLOCK_IRQHandler  0x0001c5e1    0xc  Code  Gb  nrf_drv_common.o [1]
RNG_IRQHandler          0x0001c3e5   0x5e  Code  Gb  nrf_drv_rng.o [1]
RTC1_IRQHandler         0x0001b659   0x2c  Code  Gb  app_timer.o [1]
Region$$Table$$Base     0x0001c670          --   Gb  - Linker created -
Region$$Table$$Limit    0x0001c694          --   Gb  - Linker created -
SPI0_TWI0_IRQHandler    0x0001c5b5    0xa  Code  Gb  nrf_drv_common.o [1]
SPI1_TWI1_IRQHandler    0x0001c5bf    0xa  Code  Gb  nrf_drv_common.o [1]
SWI0_IRQHandler         0x0001b685    0x8  Code  Gb  app_timer.o [1]
SWI2_IRQHandler         0x0001c17d   0x26  Code  Gb  softdevice_handler.o [1]
SystemCoreClock         0x20001fe8    0x4  Data  Gb  system_nrf51.o [1]
SystemInit              0x0001bd91   0x4c  Code  Gb  system_nrf51.o [1]
TIMER0_IRQHandler       0x0001c343    0xe  Code  Gb  nrf_drv_timer.o [1]
TIMER1_IRQHandler       0x0001c351    0xe  Code  Gb  nrf_drv_timer.o [1]
TIMER2_IRQHandler       0x0001c35f    0xe  Code  Gb  nrf_drv_timer.o [1]
UART0_IRQHandler        0x0001bd7b    0xc  Code  Gb  nrf_drv_uart.o [1]
__Vectors               0x0001b000          --   Gb  iar_startup_nrf51.o [1]
__Vectors_End           0x0001b0c0         Data  Gb  iar_startup_nrf51.o [1]
__Vectors_Size {Abs}    0x000000c0          --   Gb  iar_startup_nrf51.o [1]
__aeabi_memcpy          0x0001b759         Code  Gb  ABImemcpy.o [4]
__aeabi_memcpy4         0x0001b781         Code  Wk  ABImemcpy.o [4]
__cmain                 0x0001c695         Code  Gb  cmain.o [4]
__exit                  0x0001c6cd   0x14  Code  Gb  exit.o [5]
__iar_copy_init3        0x0001c5ed   0x30  Code  Gb  copy_init3.o [4]
__iar_data_init3        0x0001c649   0x28  Code  Gb  data_init.o [4]
__iar_program_start     0x0001c6f5         Code  Gb  cstartup_M.o [4]
__iar_zero_init3        0x0001c579   0x3c  Code  Gb  zero_init3.o [4]
__low_level_init        0x0001c6af    0x4  Code  Gb  low_level_init.o [3]
__sd_nvic_irq_disable   0x0001c035    0x8  Code  Lc  app_util_platform.o [1]
__sd_nvic_irq_enable    0x0001c03d    0x4  Code  Lc  app_util_platform.o [1]
__vector_table          0x0001b000         Data  Gb  iar_startup_nrf51.o [1]
_call_main              0x0001c6a1         Code  Gb  cmain.o [4]
_exit                   0x0001c6c1         Code  Gb  cexit.o [4]
_main                   0x0001c6ab         Code  Gb  cmain.o [4]
app_error_fault_handler
                        0x0001b751    0x8  Code  Wk  app_error_weak.o [1]
app_error_handler       0x0001b6b9   0x16  Code  Gb  app_error.o [1]
app_error_save_and_stop
                        0x0001b6cf   0x7a  Code  Gb  app_error.o [1]
app_error_save_and_stop::m_error_data
                        0x20002880   0x20  Data  Lc  app_error.o [1]
app_util_critical_region_enter
                        0x0001c0bd    0x8  Code  Gb  app_util_platform.o [1]
app_util_critical_region_exit
                        0x0001c0c5    0xa  Code  Gb  app_util_platform.o [1]
channel_handler_get     0x0001b8f7    0xa  Code  Lc  nrf_drv_gpiote.o [1]
channel_port_get        0x0001b8ed    0xa  Code  Lc  nrf_drv_gpiote.o [1]
clock_clk_started_notify
                        0x0001c205   0x28  Code  Lc  nrf_drv_clock.o [1]
compare_reg_update      0x0001b57d   0x7c  Code  Lc  app_timer.o [1]
elapsed_ticks_acquire   0x0001b339   0x58  Code  Lc  app_timer.o [1]
exit                    0x0001c6b7    0x8  Code  Gb  exit.o [3]
expired_timers_handler  0x0001b42d   0x4e  Code  Lc  app_timer.o [1]
intern_softdevice_events_execute
                        0x0001c0d1   0xa6  Code  Gb  softdevice_handler.o [1]
irq_handler             0x0001c2e5   0x5e  Code  Lc  nrf_drv_timer.o [1]
is_disabled_in_debug_needed
                        0x0001be4d   0x38  Code  Lc  system_nrf51.o [1]
is_manual_peripheral_setup_needed
                        0x0001bddd   0x70  Code  Lc  system_nrf51.o [1]
is_peripheral_domain_setup_needed
                        0x0001be85   0x54  Code  Lc  system_nrf51.o [1]
item_dequeue            0x0001c1ef   0x10  Code  Lc  nrf_drv_clock.o [1]
list_deletions_handler  0x0001b3a5   0x72  Code  Lc  app_timer.o [1]
list_insertions_handler
                        0x0001b491   0xe2  Code  Lc  app_timer.o [1]
m_ble_evt_buffer_size   0x2000292c    0x2  Data  Lc  softdevice_handler.o [1]
m_ble_evt_handler       0x20002924    0x4  Data  Lc  softdevice_handler.o [1]
m_cb                    0x200027f0   0x48  Data  Lc  nrf_drv_gpiote.o [1]
m_cb                    0x2000285c   0x24  Data  Lc  nrf_drv_timer.o [1]
m_cb                    0x200028a0   0x1c  Data  Lc  nrf_drv_uart.o [1]
m_clock_cb              0x200028bc   0x14  Data  Lc  nrf_drv_clock.o [1]
m_comp_lpcomp           0x20002904    0x8  Data  Lc  nrf_drv_common.o [1]
m_evt_schedule_func     0x20002914    0x4  Data  Lc  app_timer.o [1]
m_evt_schedule_func     0x2000291c    0x4  Data  Lc  softdevice_handler.o [1]
m_op_queue              0x200028dc    0x8  Data  Lc  app_timer.o [1]
m_pofwarn_handler       0x20002918    0x4  Data  Lc  nrf_drv_power.o [1]
m_rand_pool             0x0001c6e0   0x14  Data  Lc  nrf_drv_rng.o [1]
m_rand_pool_nrf_queue_buffer
                        0x20002838   0x24  Data  Lc  nrf_drv_rng.o [1]
m_rand_pool_nrf_queue_cb
                        0x200028d0    0xc  Data  Lc  nrf_drv_rng.o [1]
m_rtc1_reset            0x20002931    0x1  Data  Lc  app_timer.o [1]
m_rtc1_running          0x20002930    0x1  Data  Lc  app_timer.o [1]
m_serial_box_0          0x200028f4    0x8  Data  Lc  nrf_drv_common.o [1]
m_serial_box_1          0x200028fc    0x8  Data  Lc  nrf_drv_common.o [1]
m_softdevice_enabled    0x20002932    0x1  Data  Lc  softdevice_handler.o [1]
m_suspended             0x20002933    0x1  Data  Lc  softdevice_handler.o [1]
m_sys_evt_handler       0x20002928    0x4  Data  Lc  softdevice_handler.o [1]
m_ticks_elapsed         0x200028e4    0x8  Data  Lc  app_timer.o [1]
m_ticks_elapsed_q_read_ind
                        0x2000292e    0x1  Data  Lc  app_timer.o [1]
m_ticks_elapsed_q_write_ind
                        0x2000292f    0x1  Data  Lc  app_timer.o [1]
m_ticks_latest          0x20002910    0x4  Data  Lc  app_timer.o [1]
main                    0x0001c6b3    0x4  Code  Gb  main.o [1]
mp_ble_evt_buffer       0x20002920    0x4  Data  Lc  softdevice_handler.o [1]
mp_timer_id_head        0x2000290c    0x4  Data  Lc  app_timer.o [1]
nrf_bitmask_bit_is_set  0x0001b8c1   0x10  Code  Lc  nrf_drv_gpiote.o [1]
nrf_bitmask_bit_set     0x0001b8d1   0x16  Code  Lc  nrf_drv_gpiote.o [1]
nrf_clock_event_check   0x0001c1d7   0x18  Code  Lc  nrf_drv_clock.o [1]
nrf_clock_event_clear   0x0001c1cb    0xc  Code  Lc  nrf_drv_clock.o [1]
nrf_clock_int_disable   0x0001c1c5    0x6  Code  Lc  nrf_drv_clock.o [1]
nrf_delay_us            0x0001b0f9   0x2c  Code  Lc  app_timer.o [1]
nrf_drv_clock_onIRQ     0x0001c22d   0x50  Code  Gb  nrf_drv_clock.o [1]
nrf_drv_clock_on_soc_event
                        0x0001c27d    0xe  Code  Gb  nrf_drv_clock.o [1]
nrf_drv_power_onIRQ     0x0001c4b3   0x1e  Code  Gb  nrf_drv_power.o [1]
nrf_drv_rng_stop        0x0001c3d5   0x10  Code  Lc  nrf_drv_rng.o [1]
nrf_gpio_cfg_sense_set  0x0001b811   0x50  Code  Lc  nrf_drv_gpiote.o [1]
nrf_gpio_pin_port_decode
                        0x0001b80b    0x6  Code  Lc  nrf_drv_gpiote.o [1]
nrf_gpio_pin_sense_get  0x0001b861   0x1e  Code  Lc  nrf_drv_gpiote.o [1]
nrf_gpio_port_in_read   0x0001b87f    0x8  Code  Lc  nrf_drv_gpiote.o [1]
nrf_gpio_ports_read     0x0001b88d   0x2e  Code  Lc  nrf_drv_gpiote.o [1]
nrf_gpiote_event_addr_get
                        0x0001b7db    0x8  Code  Lc  nrf_drv_gpiote.o [1]
nrf_gpiote_event_clear  0x0001b7cd    0xe  Code  Lc  nrf_drv_gpiote.o [1]
nrf_gpiote_event_is_set
                        0x0001b7b5   0x18  Code  Lc  nrf_drv_gpiote.o [1]
nrf_gpiote_event_pin_get
                        0x0001b7eb   0x10  Code  Lc  nrf_drv_gpiote.o [1]
nrf_gpiote_event_polarity_get
                        0x0001b7fb   0x10  Code  Lc  nrf_drv_gpiote.o [1]
nrf_gpiote_int_is_enabled
                        0x0001b7e3    0x8  Code  Lc  nrf_drv_gpiote.o [1]
nrf_nvic_state          0x200028ec    0x8  Data  Gb  app_util_platform.o [1]
nrf_power_event_check   0x0001c473   0x18  Code  Lc  nrf_drv_power.o [1]
nrf_power_event_clear   0x0001c465    0xe  Code  Lc  nrf_drv_power.o [1]
nrf_power_event_get_and_clear
                        0x0001c48b   0x22  Code  Lc  nrf_drv_power.o [1]
nrf_power_int_enable_get
                        0x0001c4ad    0x6  Code  Lc  nrf_drv_power.o [1]
nrf_power_regptr_get    0x0001c455    0x8  Code  Lc  nrf_drv_power.o [1]
nrf_power_regptr_get_c  0x0001c45d    0x8  Code  Lc  nrf_drv_power.o [1]
nrf_queue_is_full       0x0001bf45   0x20  Code  Gb  nrf_queue.o [1]
nrf_queue_next_idx      0x0001bf05   0x14  Code  Lc  nrf_queue.o [1]
nrf_queue_push          0x0001bf65   0xce  Code  Gb  nrf_queue.o [1]
nrf_rng_event_clear     0x0001c3ad    0xa  Code  Lc  nrf_drv_rng.o [1]
nrf_rng_event_get       0x0001c3b7   0x16  Code  Lc  nrf_drv_rng.o [1]
nrf_rng_int_disable     0x0001c385    0x6  Code  Lc  nrf_drv_rng.o [1]
nrf_rng_int_get         0x0001c38b   0x18  Code  Lc  nrf_drv_rng.o [1]
nrf_rng_random_value_get
                        0x0001c3cd    0x8  Code  Lc  nrf_drv_rng.o [1]
nrf_rng_task_trigger    0x0001c3a3    0xa  Code  Lc  nrf_drv_rng.o [1]
nrf_timer_compare_event_get
                        0x0001c2cd    0xe  Code  Lc  nrf_drv_timer.o [1]
nrf_timer_compare_int_get
                        0x0001c2db    0xa  Code  Lc  nrf_drv_timer.o [1]
nrf_timer_event_check   0x0001c2a1   0x14  Code  Lc  nrf_drv_timer.o [1]
nrf_timer_event_clear   0x0001c299    0x8  Code  Lc  nrf_drv_timer.o [1]
nrf_timer_int_enable_check
                        0x0001c2b5   0x18  Code  Lc  nrf_drv_timer.o [1]
nrf_uart_errorsrc_get_and_clear
                        0x0001bb4d   0x10  Code  Lc  nrf_drv_uart.o [1]
nrf_uart_event_check    0x0001bb19   0x14  Code  Lc  nrf_drv_uart.o [1]
nrf_uart_event_clear    0x0001bb11    0x8  Code  Lc  nrf_drv_uart.o [1]
nrf_uart_int_disable    0x0001bb45    0x8  Code  Lc  nrf_drv_uart.o [1]
nrf_uart_int_enable_check
                        0x0001bb2d   0x18  Code  Lc  nrf_drv_uart.o [1]
nrf_uart_rxd_get        0x0001bb5d    0xa  Code  Lc  nrf_drv_uart.o [1]
nrf_uart_task_trigger   0x0001bb6f    0x8  Code  Lc  nrf_drv_uart.o [1]
nrf_uart_txd_set        0x0001bb67    0x8  Code  Lc  nrf_drv_uart.o [1]
queue_utilization_get   0x0001bf19   0x2c  Code  Lc  nrf_queue.o [1]
rtc1_compare0_set       0x0001b1a3    0x6  Code  Lc  app_timer.o [1]
rtc1_counter_get        0x0001b195    0x6  Code  Lc  app_timer.o [1]
rtc1_start              0x0001b125   0x32  Code  Lc  app_timer.o [1]
rtc1_stop               0x0001b157   0x3e  Code  Lc  app_timer.o [1]
rx_byte                 0x0001bba3   0x3e  Code  Lc  nrf_drv_uart.o [1]
rx_done_event           0x0001bbe1   0x1a  Code  Lc  nrf_drv_uart.o [1]
sd_nvic_critical_region_enter
                        0x0001c041   0x3e  Code  Lc  app_util_platform.o [1]
sd_nvic_critical_region_exit
                        0x0001c07f   0x2e  Code  Lc  app_util_platform.o [1]
softdevice_handler_is_enabled
                        0x0001c177    0x6  Code  Gb  softdevice_handler.o [1]
ticks_diff_get          0x0001b19b    0x8  Code  Lc  app_timer.o [1]
timeout_handler_exec    0x0001b27b   0x2e  Code  Lc  app_timer.o [1]
timer_list_handler      0x0001b605   0x50  Code  Lc  app_timer.o [1]
timer_list_handler_sched
                        0x0001b271    0xa  Code  Lc  app_timer.o [1]
timer_list_insert       0x0001b1a9   0x68  Code  Lc  app_timer.o [1]
timer_list_remove       0x0001b211   0x56  Code  Lc  app_timer.o [1]
timer_timeouts_check    0x0001b2a9   0x7a  Code  Lc  app_timer.o [1]
timer_timeouts_check_sched
                        0x0001b267    0xa  Code  Lc  app_timer.o [1]
tx_byte                 0x0001bb7d   0x26  Code  Lc  nrf_drv_uart.o [1]
tx_done_event           0x0001bbfb   0x24  Code  Lc  nrf_drv_uart.o [1]
uart_irq_handler        0x0001bc1f  0x15c  Code  Lc  nrf_drv_uart.o [1]


[1] = D:\Workspace\nRF51_Template\EWARM\Debug\Obj
[2] = command line
[3] = dl6M_tln.a
[4] = rt6M_tl.a
[5] = shb_l.a

  5 698 bytes of readonly  code memory
    224 bytes of readonly  data memory
  2 376 bytes of readwrite data memory

Errors: none
Warnings: none
