###############################################################################
#
# IAR ELF Linker V7.80.4.12462/W32 for ARM                27/Mar/2017  18:43:23
# Copyright 2007-2017 IAR Systems AB.
#
#    Output file  =  
#        D:\Workspace\STM32_Sensor8\EWARM\Debug\Exe\STM32_Sensor8.out
#    Map file     =  
#        D:\Workspace\STM32_Sensor8\EWARM\Debug\List\STM32_Sensor8.map
#    Command line =  
#        D:\Workspace\STM32_Sensor8\EWARM\Debug\Obj\bsp_usart1.o
#        D:\Workspace\STM32_Sensor8\EWARM\Debug\Obj\Global.o
#        D:\Workspace\STM32_Sensor8\EWARM\Debug\Obj\GPIO_LED.o
#        D:\Workspace\STM32_Sensor8\EWARM\Debug\Obj\main.o
#        D:\Workspace\STM32_Sensor8\EWARM\Debug\Obj\misc.o
#        D:\Workspace\STM32_Sensor8\EWARM\Debug\Obj\Sensor8_IIC_Init.o
#        D:\Workspace\STM32_Sensor8\EWARM\Debug\Obj\Sensor8_IIC_Init1.o
#        D:\Workspace\STM32_Sensor8\EWARM\Debug\Obj\Sensor8_IIC_Init2.o
#        D:\Workspace\STM32_Sensor8\EWARM\Debug\Obj\Sensor8_IIC_Init3.o
#        D:\Workspace\STM32_Sensor8\EWARM\Debug\Obj\Sensor8_IIC_Init4.o
#        D:\Workspace\STM32_Sensor8\EWARM\Debug\Obj\Sensor8_IIC_Init5.o
#        D:\Workspace\STM32_Sensor8\EWARM\Debug\Obj\Sensor8_IIC_Init6.o
#        D:\Workspace\STM32_Sensor8\EWARM\Debug\Obj\Sensor8_IIC_Init7.o
#        D:\Workspace\STM32_Sensor8\EWARM\Debug\Obj\SHT30_Driver.o
#        D:\Workspace\STM32_Sensor8\EWARM\Debug\Obj\SHT30_Init.o
#        D:\Workspace\STM32_Sensor8\EWARM\Debug\Obj\startup_stm32f10x_hd.o
#        D:\Workspace\STM32_Sensor8\EWARM\Debug\Obj\stm32f10x_gpio.o
#        D:\Workspace\STM32_Sensor8\EWARM\Debug\Obj\stm32f10x_it.o
#        D:\Workspace\STM32_Sensor8\EWARM\Debug\Obj\stm32f10x_rcc.o
#        D:\Workspace\STM32_Sensor8\EWARM\Debug\Obj\stm32f10x_usart.o
#        D:\Workspace\STM32_Sensor8\EWARM\Debug\Obj\SW_IIC.o
#        D:\Workspace\STM32_Sensor8\EWARM\Debug\Obj\system_stm32f10x.o -o
#        D:\Workspace\STM32_Sensor8\EWARM\Debug\Exe\STM32_Sensor8.out --map
#        D:\Workspace\STM32_Sensor8\EWARM\Debug\List\STM32_Sensor8.map --config
#        D:\IAR\arm\config\linker\ST\stm32f103xE.icf --semihosting --entry
#        __iar_program_start --vfe
#
###############################################################################

*******************************************************************************
*** RUNTIME MODEL ATTRIBUTES
***

CppFlavor       = *
__SystemLibrary = DLib


*******************************************************************************
*** PLACEMENT SUMMARY
***

"A0":  place at 0x08000000 { ro section .intvec };
"P1":  place in [from 0x08000000 to 0x0807ffff] { ro };
"P2":  place in [from 0x20000000 to 0x2000ffff] { rw, block CSTACK, block HEAP };
initialize by copy { rw };

  Section             Kind        Address    Size  Object
  -------             ----        -------    ----  ------
"A0":                                       0x130
  .intvec             ro code  0x08000000   0x130  startup_stm32f10x_hd.o [1]
                             - 0x08000130   0x130

"P1":                                      0x2cb9
  .text               ro code  0x08000130   0xc1a  xprintflarge_nomb.o [3]
  .text               ro code  0x08000d4c    0x16  strchr.o [5]
  .text               ro code  0x08000d64    0x36  strlen.o [5]
  .text               ro code  0x08000d9c    0x58  memchr.o [5]
  .text               ro code  0x08000df4    0xee  I64DivMod.o [5]
  .text               ro code  0x08000ee4    0x76  ABImemcpy_unaligned.o [5]
  .text               ro code  0x08000f5a    0x44  xdnorm.o [4]
  .text               ro code  0x08000fa0    0x2e  DblCmpLe.o [4]
  .text               ro code  0x08000fd0   0x1a2  DblMul.o [4]
  .text               ro code  0x08001174   0x256  DblDiv.o [4]
  .text               ro code  0x080013cc    0x2c  DblToI32.o [4]
  .text               ro code  0x080013f8    0x1c  I32ToDbl.o [4]
  .text               ro code  0x08001414   0x180  DblSub.o [4]
  .text               ro code  0x08001594    0x6c  localeconv.o [3]
  .text               ro code  0x08001600     0xe  div.o [3]
  .text               ro code  0x08001610     0x2  I64DivZer.o [5]
  .text               ro code  0x08001614    0xe8  DblAdd.o [4]
  .text               ro code  0x080016fc     0x2  xtls.o [3]
  .text               ro code  0x080016fe   0x28c  SW_IIC.o [1]
  .text               ro code  0x0800198c   0x1d0  main.o [1]
  .text               ro code  0x08001b5c    0xa0  bsp_usart1.o [1]
  .text               ro code  0x08001bfc    0x24  printf.o [3]
  .text               ro code  0x08001c20   0x174  Sensor8_IIC_Init.o [1]
  .text               ro code  0x08001d94   0x128  Sensor8_IIC_Init2.o [1]
  .text               ro code  0x08001ebc   0x11c  Sensor8_IIC_Init3.o [1]
  .text               ro code  0x08001fd8   0x128  Sensor8_IIC_Init4.o [1]
  .text               ro code  0x08002100   0x128  Sensor8_IIC_Init5.o [1]
  .text               ro code  0x08002228   0x114  Sensor8_IIC_Init6.o [1]
  .text               ro code  0x0800233c   0x114  Sensor8_IIC_Init7.o [1]
  .text               ro code  0x08002450   0x128  SHT30_Driver.o [1]
  .text               ro code  0x08002578    0x60  Global.o [1]
  .text               ro code  0x080025d8    0x4e  FltToDbl.o [4]
  .text               ro code  0x08002628    0xf4  stm32f10x_rcc.o [1]
  .text               ro code  0x0800271c    0xe2  stm32f10x_gpio.o [1]
  .text               ro code  0x08002800    0xfe  stm32f10x_usart.o [1]
  .text               ro code  0x08002900    0x90  DblToFlt.o [4]
  .text               ro code  0x08002990   0x158  system_stm32f10x.o [1]
  .text               ro code  0x08002ae8    0x40  zero_init3.o [5]
  .text               ro code  0x08002b28    0x38  packbits_init_single.o [5]
  .rodata             const    0x08002b60    0x28  main.o [1]
  .text               ro code  0x08002b88    0x28  data_init.o [5]
  .rodata             const    0x08002bb0    0x24  main.o [1]
  .iar.init_table     const    0x08002bd4    0x20  - Linker created -
  .text               ro code  0x08002bf4    0x1a  cmain.o [5]
  .text               ro code  0x08002c0e     0x4  low_level_init.o [3]
  .text               ro code  0x08002c12     0x4  exit.o [3]
  .text               ro code  0x08002c18     0xa  cexit.o [5]
  .text               ro code  0x08002c24    0x14  exit.o [6]
  .text               ro code  0x08002c38    0x16  xprout.o [3]
  .text               ro code  0x08002c50     0xc  putchar.o [3]
  .text               ro code  0x08002c5c    0x12  stm32f10x_it.o [1]
  .text               ro code  0x08002c70    0x10  startup_stm32f10x_hd.o [1]
  .rodata             const    0x08002c80     0xc  main.o [1]
  .text               ro code  0x08002c8c     0xc  cstartup_M.o [5]
  .text               ro code  0x08002c98     0x4  startup_stm32f10x_hd.o [1]
  .text               ro code  0x08002c9c     0x4  startup_stm32f10x_hd.o [1]
  .text               ro code  0x08002ca0     0x4  startup_stm32f10x_hd.o [1]
  .text               ro code  0x08002ca4     0x4  startup_stm32f10x_hd.o [1]
  .text               ro code  0x08002ca8     0x4  startup_stm32f10x_hd.o [1]
  .text               ro code  0x08002cac     0x4  startup_stm32f10x_hd.o [1]
  .text               ro code  0x08002cb0     0x4  startup_stm32f10x_hd.o [1]
  .text               ro code  0x08002cb4     0x4  startup_stm32f10x_hd.o [1]
  .text               ro code  0x08002cb8     0x4  startup_stm32f10x_hd.o [1]
  .text               ro code  0x08002cbc     0x4  startup_stm32f10x_hd.o [1]
  .text               ro code  0x08002cc0     0x4  startup_stm32f10x_hd.o [1]
  .text               ro code  0x08002cc4     0x4  startup_stm32f10x_hd.o [1]
  .text               ro code  0x08002cc8     0x4  startup_stm32f10x_hd.o [1]
  .text               ro code  0x08002ccc     0x4  startup_stm32f10x_hd.o [1]
  .text               ro code  0x08002cd0     0x4  startup_stm32f10x_hd.o [1]
  .text               ro code  0x08002cd4     0x4  startup_stm32f10x_hd.o [1]
  .text               ro code  0x08002cd8     0x4  startup_stm32f10x_hd.o [1]
  .text               ro code  0x08002cdc     0x4  startup_stm32f10x_hd.o [1]
  .text               ro code  0x08002ce0     0x4  startup_stm32f10x_hd.o [1]
  .text               ro code  0x08002ce4     0x4  startup_stm32f10x_hd.o [1]
  .text               ro code  0x08002ce8     0x4  startup_stm32f10x_hd.o [1]
  .text               ro code  0x08002cec     0x4  startup_stm32f10x_hd.o [1]
  .text               ro code  0x08002cf0     0x4  startup_stm32f10x_hd.o [1]
  .text               ro code  0x08002cf4     0x4  startup_stm32f10x_hd.o [1]
  .text               ro code  0x08002cf8     0x4  startup_stm32f10x_hd.o [1]
  .text               ro code  0x08002cfc     0x4  startup_stm32f10x_hd.o [1]
  .text               ro code  0x08002d00     0x4  startup_stm32f10x_hd.o [1]
  .text               ro code  0x08002d04     0x4  startup_stm32f10x_hd.o [1]
  .text               ro code  0x08002d08     0x4  startup_stm32f10x_hd.o [1]
  .text               ro code  0x08002d0c     0x4  startup_stm32f10x_hd.o [1]
  .text               ro code  0x08002d10     0x4  startup_stm32f10x_hd.o [1]
  .text               ro code  0x08002d14     0x4  startup_stm32f10x_hd.o [1]
  .text               ro code  0x08002d18     0x4  startup_stm32f10x_hd.o [1]
  .text               ro code  0x08002d1c     0x4  startup_stm32f10x_hd.o [1]
  .text               ro code  0x08002d20     0x4  startup_stm32f10x_hd.o [1]
  .text               ro code  0x08002d24     0x4  startup_stm32f10x_hd.o [1]
  .text               ro code  0x08002d28     0x4  startup_stm32f10x_hd.o [1]
  .text               ro code  0x08002d2c     0x4  startup_stm32f10x_hd.o [1]
  .text               ro code  0x08002d30     0x4  startup_stm32f10x_hd.o [1]
  .text               ro code  0x08002d34     0x4  startup_stm32f10x_hd.o [1]
  .text               ro code  0x08002d38     0x4  startup_stm32f10x_hd.o [1]
  .text               ro code  0x08002d3c     0x4  startup_stm32f10x_hd.o [1]
  .text               ro code  0x08002d40     0x4  startup_stm32f10x_hd.o [1]
  .text               ro code  0x08002d44     0x4  startup_stm32f10x_hd.o [1]
  .text               ro code  0x08002d48     0x4  startup_stm32f10x_hd.o [1]
  .text               ro code  0x08002d4c     0x4  startup_stm32f10x_hd.o [1]
  .text               ro code  0x08002d50     0x4  startup_stm32f10x_hd.o [1]
  .text               ro code  0x08002d54     0x4  startup_stm32f10x_hd.o [1]
  .text               ro code  0x08002d58     0x4  startup_stm32f10x_hd.o [1]
  .text               ro code  0x08002d5c     0x4  startup_stm32f10x_hd.o [1]
  .text               ro code  0x08002d60     0x4  startup_stm32f10x_hd.o [1]
  .text               ro code  0x08002d64     0x4  startup_stm32f10x_hd.o [1]
  .text               ro code  0x08002d68     0x4  startup_stm32f10x_hd.o [1]
  .text               ro code  0x08002d6c     0x4  startup_stm32f10x_hd.o [1]
  .text               ro code  0x08002d70     0x4  startup_stm32f10x_hd.o [1]
  .text               ro code  0x08002d74     0x4  startup_stm32f10x_hd.o [1]
  .text               ro code  0x08002d78     0x4  startup_stm32f10x_hd.o [1]
  .text               ro code  0x08002d7c     0x4  startup_stm32f10x_hd.o [1]
  .text               ro code  0x08002d80     0x4  startup_stm32f10x_hd.o [1]
  .text               ro code  0x08002d84     0x4  startup_stm32f10x_hd.o [1]
  .text               ro code  0x08002d88     0x4  startup_stm32f10x_hd.o [1]
  .text               ro code  0x08002d8c     0x4  startup_stm32f10x_hd.o [1]
  .text               ro code  0x08002d90     0x4  startup_stm32f10x_hd.o [1]
  .text               ro code  0x08002d94     0x4  startup_stm32f10x_hd.o [1]
  .text               ro code  0x08002d98     0x4  startup_stm32f10x_hd.o [1]
  .text               ro code  0x08002d9c     0x4  startup_stm32f10x_hd.o [1]
  .text               ro code  0x08002da0     0x4  startup_stm32f10x_hd.o [1]
  .text               ro code  0x08002da4     0x4  startup_stm32f10x_hd.o [1]
  .text               ro code  0x08002da8     0x4  startup_stm32f10x_hd.o [1]
  .rodata             const    0x08002dac     0x0  zero_init3.o [5]
  .rodata             const    0x08002dac     0x0  packbits_init_single.o [5]
  Initializer bytes   const    0x08002dac    0x3d  <for P2-1>
                             - 0x08002de9  0x2cb9

"P2", part 1 of 3:                           0xdc
  P2-1                         0x20000000    0xdc  <Init block>
    .data             inited   0x20000000    0x10  stm32f10x_rcc.o [1]
    .data             inited   0x20000010     0x4  stm32f10x_rcc.o [1]
    .data             inited   0x20000014    0x40  xfiles.o [3]
    __DLIB_PERTHREAD  inited   0x20000054    0x88  localeconv.o [3]
                             - 0x200000dc    0xdc

"P2", part 2 of 3:                         0x1000
  CSTACK                       0x200000e0  0x1000  <Block>
    CSTACK            uninit   0x200000e0  0x1000  <Block tail>
                             - 0x200010e0  0x1000

"P2", part 3 of 3:                          0x168
  .bss                zero     0x200010e0    0x50  xfiles.o [3]
  .bss                zero     0x20001130    0x28  Global.o [1]
  .bss                zero     0x20001158    0x28  Global.o [1]
  .bss                zero     0x20001180    0x28  Global.o [1]
  .bss                zero     0x200011a8    0x28  Global.o [1]
  .bss                zero     0x200011d0    0x28  Global.o [1]
  .bss                zero     0x200011f8    0x28  Global.o [1]
  .bss                zero     0x20001220    0x28  Global.o [1]
                             - 0x20001248   0x168


*******************************************************************************
*** INIT TABLE
***

          Address     Size
          -------     ----
Zero (__iar_zero_init3)
    1 destination range, total size 0x168:
          0x200010e0  0x168

Copy/packbits (__iar_packbits_init_single3)
    1 source range, total size 0x3d (27% of destination):
          0x08002dac   0x3d
    1 destination range, total size 0xdc:
          0x20000000   0xdc



*******************************************************************************
*** MODULE SUMMARY
***

    Module                  ro code  ro data  rw data
    ------                  -------  -------  -------
D:\Workspace\STM32_Sensor8\EWARM\Debug\Obj: [1]
    Global.o                     96               280
    SHT30_Driver.o              296
    SW_IIC.o                    652
    Sensor8_IIC_Init.o          372
    Sensor8_IIC_Init2.o         296
    Sensor8_IIC_Init3.o         284
    Sensor8_IIC_Init4.o         296
    Sensor8_IIC_Init5.o         296
    Sensor8_IIC_Init6.o         276
    Sensor8_IIC_Init7.o         276
    bsp_usart1.o                160
    main.o                      464       88
    startup_stm32f10x_hd.o      596
    stm32f10x_gpio.o            226
    stm32f10x_it.o               18
    stm32f10x_rcc.o             244        5       20
    stm32f10x_usart.o           254
    system_stm32f10x.o          344
    -------------------------------------------------
    Total:                    5 446       93      300

command line: [2]
    -------------------------------------------------
    Total:

dl7M_tlf.a: [3]
    div.o                        14
    exit.o                        4
    localeconv.o                108       38      136
    low_level_init.o              4
    printf.o                     36
    putchar.o                    12
    xfiles.o                              18      144
    xprintflarge_nomb.o       3 098
    xprout.o                     22
    xtls.o                        2
    -------------------------------------------------
    Total:                    3 300       56      280

m7M_tl.a: [4]
    DblAdd.o                    232
    DblCmpLe.o                   46
    DblDiv.o                    598
    DblMul.o                    418
    DblSub.o                    384
    DblToFlt.o                  144
    DblToI32.o                   44
    FltToDbl.o                   78
    I32ToDbl.o                   28
    xdnorm.o                     68
    -------------------------------------------------
    Total:                    2 040

rt7M_tl.a: [5]
    ABImemcpy_unaligned.o       118
    I64DivMod.o                 238
    I64DivZer.o                   2
    cexit.o                      10
    cmain.o                      26
    cstartup_M.o                 12
    data_init.o                  40
    memchr.o                     88
    packbits_init_single.o       56
    strchr.o                     22
    strlen.o                     54
    zero_init3.o                 64
    -------------------------------------------------
    Total:                      730

shb_l.a: [6]
    exit.o                       20
    -------------------------------------------------
    Total:                       20

    Gaps                         36
    Linker created                        32    4 096
-----------------------------------------------------
    Grand Total:             11 572      181    4 676


*******************************************************************************
*** ENTRY LIST
***

Entry                      Address   Size  Type      Object
-----                      -------   ----  ----      ------
.iar.init_table$$Base   0x08002bd4          --   Gb  - Linker created -
.iar.init_table$$Limit  0x08002bf4          --   Gb  - Linker created -
?main                   0x08002bf5         Code  Gb  cmain.o [5]
ADCPrescTable           0x20000010    0x4  Data  Lc  stm32f10x_rcc.o [1]
APBAHBPrescTable        0x20000000   0x10  Data  Lc  stm32f10x_rcc.o [1]
BusFault_Handler        0x08002c63    0x2  Code  Gb  stm32f10x_it.o [1]
CSTACK$$Base            0x200000e0          --   Gb  - Linker created -
CSTACK$$Limit           0x200010e0          --   Gb  - Linker created -
DebugMon_Handler        0x08002c69    0x2  Code  Gb  stm32f10x_it.o [1]
GPIO_Init               0x0800271d   0xc0  Code  Gb  stm32f10x_gpio.o [1]
GPIO_Pin_Config         0x08002579   0x26  Code  Gb  Global.o [1]
GPIO_ReadInputDataBit   0x080027dd   0x16  Code  Gb  stm32f10x_gpio.o [1]
GPIO_ResetBits          0x080027f9    0x6  Code  Gb  stm32f10x_gpio.o [1]
GPIO_SetBits            0x080027f3    0x6  Code  Gb  stm32f10x_gpio.o [1]
HardFault_Handler       0x08002c5f    0x2  Code  Gb  stm32f10x_it.o [1]
LoadInt                 0x080006cb   0x6e  Code  Lc  xprintflarge_nomb.o [3]
MemManage_Handler       0x08002c61    0x2  Code  Gb  stm32f10x_it.o [1]
NMI_Handler             0x08002c5d    0x2  Code  Gb  stm32f10x_it.o [1]
PendSV_Handler          0x08002c6b    0x2  Code  Gb  stm32f10x_it.o [1]
RCC_APB2PeriphClockCmd  0x080026e3   0x20  Code  Gb  stm32f10x_rcc.o [1]
RCC_GetClocksFreq       0x08002629   0xba  Code  Gb  stm32f10x_rcc.o [1]
Region$$Table$$Base     0x08002bd4          --   Gb  - Linker created -
Region$$Table$$Limit    0x08002bf4          --   Gb  - Linker created -
SHT30_CalcHumi          0x08002485   0x24  Code  Gb  SHT30_Driver.o [1]
SHT30_CalcTemp          0x08002451   0x34  Code  Gb  SHT30_Driver.o [1]
SHT30_Check_CRC         0x080024a9   0x48  Code  Gb  SHT30_Driver.o [1]
STM32_Delay_ms          0x080025bb   0x1e  Code  Gb  Global.o [1]
STM32_Delay_us          0x0800259f   0x1c  Code  Gb  Global.o [1]
SVC_Handler             0x08002c67    0x2  Code  Gb  stm32f10x_it.o [1]
SW_IIC_Init             0x080016ff   0x5e  Code  Gb  SW_IIC.o [1]
SW_IIC_Read_Byte        0x0800185f   0x84  Code  Gb  SW_IIC.o [1]
SW_IIC_Start            0x08001791   0x2e  Code  Gb  SW_IIC.o [1]
SW_IIC_Stop             0x080017bf   0x26  Code  Gb  SW_IIC.o [1]
SW_IIC_Transfer         0x080018e3   0xa8  Code  Gb  SW_IIC.o [1]
SW_IIC_Wait_SCL_Turn_High
                        0x0800175d   0x34  Code  Lc  SW_IIC.o [1]
SW_IIC_Write_Byte       0x080017e5   0x7a  Code  Gb  SW_IIC.o [1]
Sensor8_IIC2_Delay_us   0x08001d95    0xa  Code  Gb  Sensor8_IIC_Init2.o [1]
Sensor8_IIC2_Init       0x08001e3f   0x4e  Code  Gb  Sensor8_IIC_Init2.o [1]
Sensor8_IIC2_Pin_Init   0x08001d9f   0x18  Code  Gb  Sensor8_IIC_Init2.o [1]
Sensor8_IIC2_SCL_Read   0x08001e31    0xe  Code  Gb  Sensor8_IIC_Init2.o [1]
Sensor8_IIC2_SDA_Read   0x08001e23    0xe  Code  Gb  Sensor8_IIC_Init2.o [1]
Sensor8_IIC2_Set_SCL_High
                        0x08001dd3    0xe  Code  Gb  Sensor8_IIC_Init2.o [1]
Sensor8_IIC2_Set_SCL_Low
                        0x08001de1    0xe  Code  Gb  Sensor8_IIC_Init2.o [1]
Sensor8_IIC2_Set_SDA_High
                        0x08001db7    0xe  Code  Gb  Sensor8_IIC_Init2.o [1]
Sensor8_IIC2_Set_SDA_Input
                        0x08001def   0x1a  Code  Gb  Sensor8_IIC_Init2.o [1]
Sensor8_IIC2_Set_SDA_Low
                        0x08001dc5    0xe  Code  Gb  Sensor8_IIC_Init2.o [1]
Sensor8_IIC2_Set_SDA_Output
                        0x08001e09   0x1a  Code  Gb  Sensor8_IIC_Init2.o [1]
Sensor8_IIC2_s          0x20001158   0x28  Data  Gb  Global.o [1]
Sensor8_IIC3_Delay_us   0x08001ebd    0xa  Code  Gb  Sensor8_IIC_Init3.o [1]
Sensor8_IIC3_Init       0x08001f5f   0x4e  Code  Gb  Sensor8_IIC_Init3.o [1]
Sensor8_IIC3_Pin_Init   0x08001ec7   0x16  Code  Gb  Sensor8_IIC_Init3.o [1]
Sensor8_IIC3_SCL_Read   0x08001f51    0xe  Code  Gb  Sensor8_IIC_Init3.o [1]
Sensor8_IIC3_SDA_Read   0x08001f45    0xc  Code  Gb  Sensor8_IIC_Init3.o [1]
Sensor8_IIC3_Set_SCL_High
                        0x08001ef5    0xe  Code  Gb  Sensor8_IIC_Init3.o [1]
Sensor8_IIC3_Set_SCL_Low
                        0x08001f03    0xe  Code  Gb  Sensor8_IIC_Init3.o [1]
Sensor8_IIC3_Set_SDA_High
                        0x08001edd    0xc  Code  Gb  Sensor8_IIC_Init3.o [1]
Sensor8_IIC3_Set_SDA_Input
                        0x08001f11   0x1a  Code  Gb  Sensor8_IIC_Init3.o [1]
Sensor8_IIC3_Set_SDA_Low
                        0x08001ee9    0xc  Code  Gb  Sensor8_IIC_Init3.o [1]
Sensor8_IIC3_Set_SDA_Output
                        0x08001f2b   0x1a  Code  Gb  Sensor8_IIC_Init3.o [1]
Sensor8_IIC3_s          0x20001180   0x28  Data  Gb  Global.o [1]
Sensor8_IIC4_Delay_us   0x08001fd9    0xa  Code  Gb  Sensor8_IIC_Init4.o [1]
Sensor8_IIC4_Init       0x08002081   0x4e  Code  Gb  Sensor8_IIC_Init4.o [1]
Sensor8_IIC4_Pin_Init   0x08001fe3   0x16  Code  Gb  Sensor8_IIC_Init4.o [1]
Sensor8_IIC4_SCL_Read   0x08002073    0xe  Code  Gb  Sensor8_IIC_Init4.o [1]
Sensor8_IIC4_SDA_Read   0x08002065    0xe  Code  Gb  Sensor8_IIC_Init4.o [1]
Sensor8_IIC4_Set_SCL_High
                        0x08002015    0xe  Code  Gb  Sensor8_IIC_Init4.o [1]
Sensor8_IIC4_Set_SCL_Low
                        0x08002023    0xe  Code  Gb  Sensor8_IIC_Init4.o [1]
Sensor8_IIC4_Set_SDA_High
                        0x08001ff9    0xe  Code  Gb  Sensor8_IIC_Init4.o [1]
Sensor8_IIC4_Set_SDA_Input
                        0x08002031   0x1a  Code  Gb  Sensor8_IIC_Init4.o [1]
Sensor8_IIC4_Set_SDA_Low
                        0x08002007    0xe  Code  Gb  Sensor8_IIC_Init4.o [1]
Sensor8_IIC4_Set_SDA_Output
                        0x0800204b   0x1a  Code  Gb  Sensor8_IIC_Init4.o [1]
Sensor8_IIC4_s          0x200011a8   0x28  Data  Gb  Global.o [1]
Sensor8_IIC5_Delay_us   0x08002101    0xa  Code  Gb  Sensor8_IIC_Init5.o [1]
Sensor8_IIC5_Init       0x080021a9   0x4e  Code  Gb  Sensor8_IIC_Init5.o [1]
Sensor8_IIC5_Pin_Init   0x0800210b   0x16  Code  Gb  Sensor8_IIC_Init5.o [1]
Sensor8_IIC5_SCL_Read   0x0800219b    0xe  Code  Gb  Sensor8_IIC_Init5.o [1]
Sensor8_IIC5_SDA_Read   0x0800218d    0xe  Code  Gb  Sensor8_IIC_Init5.o [1]
Sensor8_IIC5_Set_SCL_High
                        0x0800213d    0xe  Code  Gb  Sensor8_IIC_Init5.o [1]
Sensor8_IIC5_Set_SCL_Low
                        0x0800214b    0xe  Code  Gb  Sensor8_IIC_Init5.o [1]
Sensor8_IIC5_Set_SDA_High
                        0x08002121    0xe  Code  Gb  Sensor8_IIC_Init5.o [1]
Sensor8_IIC5_Set_SDA_Input
                        0x08002159   0x1a  Code  Gb  Sensor8_IIC_Init5.o [1]
Sensor8_IIC5_Set_SDA_Low
                        0x0800212f    0xe  Code  Gb  Sensor8_IIC_Init5.o [1]
Sensor8_IIC5_Set_SDA_Output
                        0x08002173   0x1a  Code  Gb  Sensor8_IIC_Init5.o [1]
Sensor8_IIC5_s          0x200011d0   0x28  Data  Gb  Global.o [1]
Sensor8_IIC6_Delay_us   0x08002229    0xa  Code  Gb  Sensor8_IIC_Init6.o [1]
Sensor8_IIC6_Init       0x080022c3   0x4e  Code  Gb  Sensor8_IIC_Init6.o [1]
Sensor8_IIC6_Pin_Init   0x08002233   0x14  Code  Gb  Sensor8_IIC_Init6.o [1]
Sensor8_IIC6_SCL_Read   0x080022b7    0xc  Code  Gb  Sensor8_IIC_Init6.o [1]
Sensor8_IIC6_SDA_Read   0x080022ab    0xc  Code  Gb  Sensor8_IIC_Init6.o [1]
Sensor8_IIC6_Set_SCL_High
                        0x0800225f    0xc  Code  Gb  Sensor8_IIC_Init6.o [1]
Sensor8_IIC6_Set_SCL_Low
                        0x0800226b    0xc  Code  Gb  Sensor8_IIC_Init6.o [1]
Sensor8_IIC6_Set_SDA_High
                        0x08002247    0xc  Code  Gb  Sensor8_IIC_Init6.o [1]
Sensor8_IIC6_Set_SDA_Input
                        0x08002277   0x1a  Code  Gb  Sensor8_IIC_Init6.o [1]
Sensor8_IIC6_Set_SDA_Low
                        0x08002253    0xc  Code  Gb  Sensor8_IIC_Init6.o [1]
Sensor8_IIC6_Set_SDA_Output
                        0x08002291   0x1a  Code  Gb  Sensor8_IIC_Init6.o [1]
Sensor8_IIC6_s          0x200011f8   0x28  Data  Gb  Global.o [1]
Sensor8_IIC7_Delay_us   0x0800233d    0xa  Code  Gb  Sensor8_IIC_Init7.o [1]
Sensor8_IIC7_Init       0x080023d7   0x4e  Code  Gb  Sensor8_IIC_Init7.o [1]
Sensor8_IIC7_Pin_Init   0x08002347   0x14  Code  Gb  Sensor8_IIC_Init7.o [1]
Sensor8_IIC7_SCL_Read   0x080023cb    0xc  Code  Gb  Sensor8_IIC_Init7.o [1]
Sensor8_IIC7_SDA_Read   0x080023bf    0xc  Code  Gb  Sensor8_IIC_Init7.o [1]
Sensor8_IIC7_Set_SCL_High
                        0x08002373    0xc  Code  Gb  Sensor8_IIC_Init7.o [1]
Sensor8_IIC7_Set_SCL_Low
                        0x0800237f    0xc  Code  Gb  Sensor8_IIC_Init7.o [1]
Sensor8_IIC7_Set_SDA_High
                        0x0800235b    0xc  Code  Gb  Sensor8_IIC_Init7.o [1]
Sensor8_IIC7_Set_SDA_Input
                        0x0800238b   0x1a  Code  Gb  Sensor8_IIC_Init7.o [1]
Sensor8_IIC7_Set_SDA_Low
                        0x08002367    0xc  Code  Gb  Sensor8_IIC_Init7.o [1]
Sensor8_IIC7_Set_SDA_Output
                        0x080023a5   0x1a  Code  Gb  Sensor8_IIC_Init7.o [1]
Sensor8_IIC7_s          0x20001220   0x28  Data  Gb  Global.o [1]
Sensor8_IIC_Delay_us    0x08001c21    0xa  Code  Gb  Sensor8_IIC_Init.o [1]
Sensor8_IIC_Get_Data    0x08002501   0x78  Code  Gb  SHT30_Driver.o [1]
Sensor8_IIC_Init        0x08001cbb   0x4e  Code  Gb  Sensor8_IIC_Init.o [1]
Sensor8_IIC_Pin_Init    0x08001c2b   0x14  Code  Gb  Sensor8_IIC_Init.o [1]
Sensor8_IIC_Read_Register
                        0x08001d09   0x60  Code  Gb  Sensor8_IIC_Init.o [1]
Sensor8_IIC_SCL_Read    0x08001caf    0xc  Code  Gb  Sensor8_IIC_Init.o [1]
Sensor8_IIC_SDA_Read    0x08001ca3    0xc  Code  Gb  Sensor8_IIC_Init.o [1]
Sensor8_IIC_Set_SCL_High
                        0x08001c57    0xc  Code  Gb  Sensor8_IIC_Init.o [1]
Sensor8_IIC_Set_SCL_Low
                        0x08001c63    0xc  Code  Gb  Sensor8_IIC_Init.o [1]
Sensor8_IIC_Set_SDA_High
                        0x08001c3f    0xc  Code  Gb  Sensor8_IIC_Init.o [1]
Sensor8_IIC_Set_SDA_Input
                        0x08001c6f   0x1a  Code  Gb  Sensor8_IIC_Init.o [1]
Sensor8_IIC_Set_SDA_Low
                        0x08001c4b    0xc  Code  Gb  Sensor8_IIC_Init.o [1]
Sensor8_IIC_Set_SDA_Output
                        0x08001c89   0x1a  Code  Gb  Sensor8_IIC_Init.o [1]
Sensor8_IIC_s           0x20001130   0x28  Data  Gb  Global.o [1]
SetSysClock             0x080029e5    0x8  Code  Lc  system_stm32f10x.o [1]
SetSysClockTo72         0x080029ed   0xe0  Code  Lc  system_stm32f10x.o [1]
SysTick_Handler         0x08002c6d    0x2  Code  Gb  stm32f10x_it.o [1]
SystemInit              0x08002991   0x54  Code  Gb  system_stm32f10x.o [1]
USART1_Config           0x08001b5d   0x78  Code  Gb  bsp_usart1.o [1]
USART_Cmd               0x080028c1   0x1c  Code  Gb  stm32f10x_usart.o [1]
USART_GetFlagStatus     0x080028e5   0x1a  Code  Gb  stm32f10x_usart.o [1]
USART_Init              0x08002801   0xba  Code  Gb  stm32f10x_usart.o [1]
USART_SendData          0x080028dd    0x8  Code  Gb  stm32f10x_usart.o [1]
UsageFault_Handler      0x08002c65    0x2  Code  Gb  stm32f10x_it.o [1]
_GenldLargeNoMb         0x08000ac3  0x23e  Code  Lc  xprintflarge_nomb.o [3]
_LdtobLargeNoMb         0x08000845  0x278  Code  Lc  xprintflarge_nomb.o [3]
_LitobLargeNoMb         0x08000739  0x10a  Code  Lc  xprintflarge_nomb.o [3]
_Locale_aeabi_lconv     0x200000a4   0x38  Data  Gb  localeconv.o [3]
_Locale_lconv           0x20000054   0x50  Data  Gb  localeconv.o [3]
_PrintfLargeNoMb        0x08000131  0x594  Code  Gb  xprintflarge_nomb.o [3]
_Prout                  0x08002c39   0x16  Code  Gb  xprout.o [3]
_PutcharsLargeNoMb      0x08000d01   0x2e  Code  Lc  xprintflarge_nomb.o [3]
__aeabi_cdcmple         0x08000fa1         Code  Gb  DblCmpLe.o [4]
__aeabi_d2f             0x08002901         Code  Gb  DblToFlt.o [4]
__aeabi_d2uiz           0x080013cd         Code  Gb  DblToI32.o [4]
__aeabi_dadd            0x08001615         Code  Gb  DblAdd.o [4]
__aeabi_ddiv            0x08001175         Code  Gb  DblDiv.o [4]
__aeabi_dmul            0x08000fd1         Code  Gb  DblMul.o [4]
__aeabi_dsub            0x08001415         Code  Gb  DblSub.o [4]
__aeabi_f2d             0x080025d9         Code  Gb  FltToDbl.o [4]
__aeabi_ldiv0           0x08001611         Code  Gb  I64DivZer.o [5]
__aeabi_ui2d            0x080013f9         Code  Gb  I32ToDbl.o [4]
__aeabi_uldivmod        0x08000df5         Code  Gb  I64DivMod.o [5]
__cmain                 0x08002bf5         Code  Gb  cmain.o [5]
__exit                  0x08002c25   0x14  Code  Gb  exit.o [6]
__iar_Dnorm             0x08000f5b   0x44  Code  Gb  xdnorm.o [4]
__iar_Locale_lconv_init
                        0x08001595   0x3a  Code  Gb  localeconv.o [3]
__iar_Memchr            0x08000d9d         Code  Gb  memchr.o [5]
__iar_Stdout            0x20000014   0x40  Data  Gb  xfiles.o [3]
__iar_Strchr            0x08000d4d         Code  Gb  strchr.o [5]
__iar_d2uiz             0x080013d9         Code  Gb  DblToI32.o [4]
__iar_dadd              0x08001629         Code  Gb  DblAdd.o [4]
__iar_data_init3        0x08002b89   0x28  Code  Gb  data_init.o [5]
__iar_dlib_perthread_access
                        0x080016fd    0x2  Code  Gb  xtls.o [3]
__iar_dsub              0x08001429         Code  Gb  DblSub.o [4]
__iar_dsubStart         0x0800143b         Code  Gb  DblSub.o [4]
__iar_packbits_init_single3
                        0x08002b29   0x38  Code  Gb  packbits_init_single.o [5]
__iar_program_start     0x08002c8d         Code  Gb  cstartup_M.o [5]
__iar_ui2d              0x080013fd         Code  Gb  I32ToDbl.o [4]
__iar_unaligned___aeabi_memcpy
                        0x08000ee5         Code  Gb  ABImemcpy_unaligned.o [5]
__iar_unaligned___aeabi_memcpy4
                        0x08000f05         Code  Gb  ABImemcpy_unaligned.o [5]
__iar_unaligned___aeabi_memcpy8
                        0x08000f05         Code  Gb  ABImemcpy_unaligned.o [5]
__iar_zero_init3        0x08002ae9   0x40  Code  Gb  zero_init3.o [5]
__low_level_init        0x08002c0f    0x4  Code  Gb  low_level_init.o [3]
__vector_table          0x08000000         Data  Gb  startup_stm32f10x_hd.o [1]
_call_main              0x08002c01         Code  Gb  cmain.o [5]
_exit                   0x08002c19         Code  Gb  cexit.o [5]
_main                   0x08002c0b         Code  Gb  cmain.o [5]
div                     0x08001601    0xe  Code  Gb  div.o [3]
exit                    0x08002c13    0x4  Code  Gb  exit.o [3]
fputc                   0x08001bd5   0x20  Code  Gb  bsp_usart1.o [1]
localeconv              0x080015cf   0x16  Code  Gb  localeconv.o [3]
main                    0x0800198d  0x1d0  Code  Gb  main.o [1]
memchr                  0x08000d9d         Code  Gb  memchr.o [5]
obuf                    0x200010e0   0x50  Data  Lc  xfiles.o [3]
printf                  0x08001bfd   0x24  Code  Gb  printf.o [3]
putchar                 0x08002c51    0xc  Code  Gb  putchar.o [3]
strchr                  0x08000d4d         Code  Gb  strchr.o [5]
strlen                  0x08000d65         Code  Gb  strlen.o [5]


[1] = D:\Workspace\STM32_Sensor8\EWARM\Debug\Obj
[2] = command line
[3] = dl7M_tlf.a
[4] = m7M_tl.a
[5] = rt7M_tl.a
[6] = shb_l.a

  11 572 bytes of readonly  code memory
     181 bytes of readonly  data memory
   4 676 bytes of readwrite data memory

Errors: none
Warnings: none
