###############################################################################
#
# IAR ELF Linker V7.80.4.12462/W32 for ARM                01/Apr/2017  14:38:40
# Copyright 2007-2017 IAR Systems AB.
#
#    Output file  =  
#        D:\Workspace\STM32_Sensor8\EWARM\Debug\Exe\STM32_Sensor8.out
#    Map file     =  
#        D:\Workspace\STM32_Sensor8\EWARM\Debug\List\STM32_Sensor8.map
#    Command line =  
#        D:\Workspace\STM32_Sensor8\EWARM\Debug\Obj\BH1721_Driver.o
#        D:\Workspace\STM32_Sensor8\EWARM\Debug\Obj\bsp_usart1.o
#        D:\Workspace\STM32_Sensor8\EWARM\Debug\Obj\Global.o
#        D:\Workspace\STM32_Sensor8\EWARM\Debug\Obj\main.o
#        D:\Workspace\STM32_Sensor8\EWARM\Debug\Obj\misc.o
#        D:\Workspace\STM32_Sensor8\EWARM\Debug\Obj\sensirion_common.o
#        D:\Workspace\STM32_Sensor8\EWARM\Debug\Obj\sensirion_configuration.o
#        D:\Workspace\STM32_Sensor8\EWARM\Debug\Obj\Sensor8_IIC_Init.o
#        D:\Workspace\STM32_Sensor8\EWARM\Debug\Obj\Sensor8_IIC_Init1.o
#        D:\Workspace\STM32_Sensor8\EWARM\Debug\Obj\Sensor8_IIC_Init2.o
#        D:\Workspace\STM32_Sensor8\EWARM\Debug\Obj\Sensor8_IIC_Init3.o
#        D:\Workspace\STM32_Sensor8\EWARM\Debug\Obj\Sensor8_IIC_Init4.o
#        D:\Workspace\STM32_Sensor8\EWARM\Debug\Obj\Sensor8_IIC_Init5.o
#        D:\Workspace\STM32_Sensor8\EWARM\Debug\Obj\Sensor8_IIC_Init6.o
#        D:\Workspace\STM32_Sensor8\EWARM\Debug\Obj\Sensor8_IIC_Init7.o
#        D:\Workspace\STM32_Sensor8\EWARM\Debug\Obj\Sgpc10_Driver.o
#        D:\Workspace\STM32_Sensor8\EWARM\Debug\Obj\sgpc1x.o
#        D:\Workspace\STM32_Sensor8\EWARM\Debug\Obj\sgpc1x_featureset.o
#        D:\Workspace\STM32_Sensor8\EWARM\Debug\Obj\SHT30_Driver.o
#        D:\Workspace\STM32_Sensor8\EWARM\Debug\Obj\SHT30_Init.o
#        D:\Workspace\STM32_Sensor8\EWARM\Debug\Obj\startup_stm32f10x_hd.o
#        D:\Workspace\STM32_Sensor8\EWARM\Debug\Obj\stm32f10x_gpio.o
#        D:\Workspace\STM32_Sensor8\EWARM\Debug\Obj\stm32f10x_it.o
#        D:\Workspace\STM32_Sensor8\EWARM\Debug\Obj\stm32f10x_rcc.o
#        D:\Workspace\STM32_Sensor8\EWARM\Debug\Obj\stm32f10x_usart.o
#        D:\Workspace\STM32_Sensor8\EWARM\Debug\Obj\sw_i2c.o
#        D:\Workspace\STM32_Sensor8\EWARM\Debug\Obj\SW_IIC.o
#        D:\Workspace\STM32_Sensor8\EWARM\Debug\Obj\system_stm32f10x.o -o
#        D:\Workspace\STM32_Sensor8\EWARM\Debug\Exe\STM32_Sensor8.out --map
#        D:\Workspace\STM32_Sensor8\EWARM\Debug\List\STM32_Sensor8.map --config
#        D:\IAR\arm\config\linker\ST\stm32f103xE.icf --semihosting --entry
#        __iar_program_start --vfe
#
###############################################################################

*******************************************************************************
*** RUNTIME MODEL ATTRIBUTES
***

CppFlavor       = *
__SystemLibrary = DLib


*******************************************************************************
*** PLACEMENT SUMMARY
***

"A0":  place at 0x08000000 { ro section .intvec };
"P1":  place in [from 0x08000000 to 0x0807ffff] { ro };
"P2":  place in [from 0x20000000 to 0x2000ffff] { rw, block CSTACK, block HEAP };
initialize by copy { rw };

  Section            Kind        Address    Size  Object
  -------            ----        -------    ----  ------
"A0":                                      0x130
  .intvec            ro code  0x08000000   0x130  startup_stm32f10x_hd.o [1]
                            - 0x08000130   0x130

"P1":                                     0x2321
  .text              ro code  0x08000130   0x470  main.o [1]
  .text              ro code  0x080005a0    0xfc  Sensor8_IIC_Init.o [1]
  .text              ro code  0x0800069c   0x100  Sensor8_IIC_Init1.o [1]
  .text              ro code  0x0800079c    0xf8  Sensor8_IIC_Init2.o [1]
  .text              ro code  0x08000894    0xf8  Sensor8_IIC_Init3.o [1]
  .text              ro code  0x0800098c   0x10c  Sensor8_IIC_Init4.o [1]
  .text              ro code  0x08000a98   0x11c  Sensor8_IIC_Init5.o [1]
  .text              ro code  0x08000bb4   0x114  Sensor8_IIC_Init6.o [1]
  .text              ro code  0x08000cc8    0xf8  Sensor8_IIC_Init7.o [1]
  .text              ro code  0x08000dc0    0x24  printf.o [3]
  .text              ro code  0x08000de4   0x112  Sgpc10_Driver.o [1]
  .text              ro code  0x08000ef6    0x60  Global.o [1]
  .text              ro code  0x08000f58    0xe2  stm32f10x_gpio.o [1]
  .text              ro code  0x0800103c   0x188  SHT30_Driver.o [1]
  .text              ro code  0x080011c4    0xa0  bsp_usart1.o [1]
  .text              ro code  0x08001264   0x28c  SW_IIC.o [1]
  .text              ro code  0x080014f0   0x14e  xprintftiny.o [3]
  .text              ro code  0x0800163e    0x5a  sensirion_common.o [1]
  .text              ro code  0x08001698    0xf4  stm32f10x_rcc.o [1]
  .text              ro code  0x0800178c    0x1c  I32ToDbl.o [4]
  .text              ro code  0x080017a8   0x1a2  DblMul.o [4]
  .text              ro code  0x0800194c   0x256  DblDiv.o [4]
  .text              ro code  0x08001ba4    0x90  DblToFlt.o [4]
  .text              ro code  0x08001c34    0x4e  FltToDbl.o [4]
  .text              ro code  0x08001c84    0xe8  DblAdd.o [4]
  .text              ro code  0x08001d6c    0xfe  stm32f10x_usart.o [1]
  .text              ro code  0x08001e6c    0x36  strlen.o [5]
  .text              ro code  0x08001ea4   0x16c  DblSub.o [4]
  .text              ro code  0x08002010   0x158  system_stm32f10x.o [1]
  .text              ro code  0x08002168    0x40  zero_init3.o [5]
  .text              ro code  0x080021a8    0x38  packbits_init_single.o [5]
  .text              ro code  0x080021e0    0x28  data_init.o [5]
  .iar.init_table    const    0x08002208    0x20  - Linker created -
  .rodata            const    0x08002228    0x20  main.o [1]
  .rodata            const    0x08002248    0x1c  main.o [1]
  .text              ro code  0x08002264    0x1a  cmain.o [5]
  .text              ro code  0x0800227e     0x4  low_level_init.o [3]
  .text              ro code  0x08002282     0x4  exit.o [3]
  .text              ro code  0x08002288     0xa  cexit.o [5]
  .text              ro code  0x08002294    0x14  exit.o [6]
  .text              ro code  0x080022a8    0x16  xprout.o [3]
  .text              ro code  0x080022c0     0xc  putchar.o [3]
  .text              ro code  0x080022cc    0x12  stm32f10x_it.o [1]
  .text              ro code  0x080022e0    0x10  startup_stm32f10x_hd.o [1]
  .rodata            const    0x080022f0     0xc  main.o [1]
  .text              ro code  0x080022fc     0xc  cstartup_M.o [5]
  .text              ro code  0x08002308     0x4  startup_stm32f10x_hd.o [1]
  .text              ro code  0x0800230c     0x4  startup_stm32f10x_hd.o [1]
  .text              ro code  0x08002310     0x4  startup_stm32f10x_hd.o [1]
  .text              ro code  0x08002314     0x4  startup_stm32f10x_hd.o [1]
  .text              ro code  0x08002318     0x4  startup_stm32f10x_hd.o [1]
  .text              ro code  0x0800231c     0x4  startup_stm32f10x_hd.o [1]
  .text              ro code  0x08002320     0x4  startup_stm32f10x_hd.o [1]
  .text              ro code  0x08002324     0x4  startup_stm32f10x_hd.o [1]
  .text              ro code  0x08002328     0x4  startup_stm32f10x_hd.o [1]
  .text              ro code  0x0800232c     0x4  startup_stm32f10x_hd.o [1]
  .text              ro code  0x08002330     0x4  startup_stm32f10x_hd.o [1]
  .text              ro code  0x08002334     0x4  startup_stm32f10x_hd.o [1]
  .text              ro code  0x08002338     0x4  startup_stm32f10x_hd.o [1]
  .text              ro code  0x0800233c     0x4  startup_stm32f10x_hd.o [1]
  .text              ro code  0x08002340     0x4  startup_stm32f10x_hd.o [1]
  .text              ro code  0x08002344     0x4  startup_stm32f10x_hd.o [1]
  .text              ro code  0x08002348     0x4  startup_stm32f10x_hd.o [1]
  .text              ro code  0x0800234c     0x4  startup_stm32f10x_hd.o [1]
  .text              ro code  0x08002350     0x4  startup_stm32f10x_hd.o [1]
  .text              ro code  0x08002354     0x4  startup_stm32f10x_hd.o [1]
  .text              ro code  0x08002358     0x4  startup_stm32f10x_hd.o [1]
  .text              ro code  0x0800235c     0x4  startup_stm32f10x_hd.o [1]
  .text              ro code  0x08002360     0x4  startup_stm32f10x_hd.o [1]
  .text              ro code  0x08002364     0x4  startup_stm32f10x_hd.o [1]
  .text              ro code  0x08002368     0x4  startup_stm32f10x_hd.o [1]
  .text              ro code  0x0800236c     0x4  startup_stm32f10x_hd.o [1]
  .text              ro code  0x08002370     0x4  startup_stm32f10x_hd.o [1]
  .text              ro code  0x08002374     0x4  startup_stm32f10x_hd.o [1]
  .text              ro code  0x08002378     0x4  startup_stm32f10x_hd.o [1]
  .text              ro code  0x0800237c     0x4  startup_stm32f10x_hd.o [1]
  .text              ro code  0x08002380     0x4  startup_stm32f10x_hd.o [1]
  .text              ro code  0x08002384     0x4  startup_stm32f10x_hd.o [1]
  .text              ro code  0x08002388     0x4  startup_stm32f10x_hd.o [1]
  .text              ro code  0x0800238c     0x4  startup_stm32f10x_hd.o [1]
  .text              ro code  0x08002390     0x4  startup_stm32f10x_hd.o [1]
  .text              ro code  0x08002394     0x4  startup_stm32f10x_hd.o [1]
  .text              ro code  0x08002398     0x4  startup_stm32f10x_hd.o [1]
  .text              ro code  0x0800239c     0x4  startup_stm32f10x_hd.o [1]
  .text              ro code  0x080023a0     0x4  startup_stm32f10x_hd.o [1]
  .text              ro code  0x080023a4     0x4  startup_stm32f10x_hd.o [1]
  .text              ro code  0x080023a8     0x4  startup_stm32f10x_hd.o [1]
  .text              ro code  0x080023ac     0x4  startup_stm32f10x_hd.o [1]
  .text              ro code  0x080023b0     0x4  startup_stm32f10x_hd.o [1]
  .text              ro code  0x080023b4     0x4  startup_stm32f10x_hd.o [1]
  .text              ro code  0x080023b8     0x4  startup_stm32f10x_hd.o [1]
  .text              ro code  0x080023bc     0x4  startup_stm32f10x_hd.o [1]
  .text              ro code  0x080023c0     0x4  startup_stm32f10x_hd.o [1]
  .text              ro code  0x080023c4     0x4  startup_stm32f10x_hd.o [1]
  .text              ro code  0x080023c8     0x4  startup_stm32f10x_hd.o [1]
  .text              ro code  0x080023cc     0x4  startup_stm32f10x_hd.o [1]
  .text              ro code  0x080023d0     0x4  startup_stm32f10x_hd.o [1]
  .text              ro code  0x080023d4     0x4  startup_stm32f10x_hd.o [1]
  .text              ro code  0x080023d8     0x4  startup_stm32f10x_hd.o [1]
  .text              ro code  0x080023dc     0x4  startup_stm32f10x_hd.o [1]
  .text              ro code  0x080023e0     0x4  startup_stm32f10x_hd.o [1]
  .text              ro code  0x080023e4     0x4  startup_stm32f10x_hd.o [1]
  .text              ro code  0x080023e8     0x4  startup_stm32f10x_hd.o [1]
  .text              ro code  0x080023ec     0x4  startup_stm32f10x_hd.o [1]
  .text              ro code  0x080023f0     0x4  startup_stm32f10x_hd.o [1]
  .text              ro code  0x080023f4     0x4  startup_stm32f10x_hd.o [1]
  .text              ro code  0x080023f8     0x4  startup_stm32f10x_hd.o [1]
  .text              ro code  0x080023fc     0x4  startup_stm32f10x_hd.o [1]
  .text              ro code  0x08002400     0x4  startup_stm32f10x_hd.o [1]
  .text              ro code  0x08002404     0x4  startup_stm32f10x_hd.o [1]
  .text              ro code  0x08002408     0x4  startup_stm32f10x_hd.o [1]
  .text              ro code  0x0800240c     0x4  startup_stm32f10x_hd.o [1]
  .text              ro code  0x08002410     0x4  startup_stm32f10x_hd.o [1]
  .text              ro code  0x08002414     0x4  startup_stm32f10x_hd.o [1]
  .text              ro code  0x08002418     0x4  startup_stm32f10x_hd.o [1]
  .rodata            const    0x0800241c     0x0  zero_init3.o [5]
  .rodata            const    0x0800241c     0x0  packbits_init_single.o [5]
  Initializer bytes  const    0x0800241c    0x35  <for P2-1>
                            - 0x08002451  0x2321

"P2", part 1 of 3:                          0x54
  P2-1                        0x20000000    0x54  <Init block>
    .data            inited   0x20000000    0x10  stm32f10x_rcc.o [1]
    .data            inited   0x20000010     0x4  stm32f10x_rcc.o [1]
    .data            inited   0x20000014    0x40  xfiles.o [3]
                            - 0x20000054    0x54

"P2", part 2 of 3:                        0x1000
  CSTACK                      0x20000058  0x1000  <Block>
    CSTACK           uninit   0x20000058  0x1000  <Block tail>
                            - 0x20001058  0x1000

"P2", part 3 of 3:                         0x190
  .bss               zero     0x20001058    0x50  xfiles.o [3]
  .bss               zero     0x200010a8    0x28  Global.o [1]
  .bss               zero     0x200010d0    0x28  Global.o [1]
  .bss               zero     0x200010f8    0x28  Global.o [1]
  .bss               zero     0x20001120    0x28  Global.o [1]
  .bss               zero     0x20001148    0x28  Global.o [1]
  .bss               zero     0x20001170    0x28  Global.o [1]
  .bss               zero     0x20001198    0x28  Global.o [1]
  .bss               zero     0x200011c0    0x28  Global.o [1]
                            - 0x200011e8   0x190


*******************************************************************************
*** INIT TABLE
***

          Address     Size
          -------     ----
Zero (__iar_zero_init3)
    1 destination range, total size 0x190:
          0x20001058  0x190

Copy/packbits (__iar_packbits_init_single3)
    1 source range, total size 0x35 (63% of destination):
          0x0800241c   0x35
    1 destination range, total size 0x54:
          0x20000000   0x54



*******************************************************************************
*** MODULE SUMMARY
***

    Module                  ro code  ro data  rw data
    ------                  -------  -------  -------
D:\Workspace\STM32_Sensor8\EWARM\Debug\Obj: [1]
    Global.o                     96               320
    SHT30_Driver.o              392
    SW_IIC.o                    652
    Sensor8_IIC_Init.o          252
    Sensor8_IIC_Init1.o         256
    Sensor8_IIC_Init2.o         248
    Sensor8_IIC_Init3.o         248
    Sensor8_IIC_Init4.o         268
    Sensor8_IIC_Init5.o         284
    Sensor8_IIC_Init6.o         276
    Sensor8_IIC_Init7.o         248
    Sgpc10_Driver.o             274
    bsp_usart1.o                160
    main.o                    1 136       72
    sensirion_common.o           90
    startup_stm32f10x_hd.o      596
    stm32f10x_gpio.o            226
    stm32f10x_it.o               18
    stm32f10x_rcc.o             244       12       20
    stm32f10x_usart.o           254
    system_stm32f10x.o          344
    -------------------------------------------------
    Total:                    6 562       84      340

command line: [2]
    -------------------------------------------------
    Total:

dl7M_tlf.a: [3]
    exit.o                        4
    low_level_init.o              4
    printf.o                     36
    putchar.o                    12
    xfiles.o                              41      144
    xprintftiny.o               334
    xprout.o                     22
    -------------------------------------------------
    Total:                      412       41      144

m7M_tl.a: [4]
    DblAdd.o                    232
    DblDiv.o                    598
    DblMul.o                    418
    DblSub.o                    364
    DblToFlt.o                  144
    FltToDbl.o                   78
    I32ToDbl.o                   28
    -------------------------------------------------
    Total:                    1 862

rt7M_tl.a: [5]
    cexit.o                      10
    cmain.o                      26
    cstartup_M.o                 12
    data_init.o                  40
    packbits_init_single.o       56
    strlen.o                     54
    zero_init3.o                 64
    -------------------------------------------------
    Total:                      262

shb_l.a: [6]
    exit.o                       20
    -------------------------------------------------
    Total:                       20

    Gaps                         22
    Linker created                        32    4 096
-----------------------------------------------------
    Grand Total:              9 140      157    4 580


*******************************************************************************
*** ENTRY LIST
***

Entry                      Address   Size  Type      Object
-----                      -------   ----  ----      ------
.iar.init_table$$Base   0x08002208          --   Gb  - Linker created -
.iar.init_table$$Limit  0x08002228          --   Gb  - Linker created -
?main                   0x08002265         Code  Gb  cmain.o [5]
ADCPrescTable           0x20000010    0x4  Data  Lc  stm32f10x_rcc.o [1]
APBAHBPrescTable        0x20000000   0x10  Data  Lc  stm32f10x_rcc.o [1]
BusFault_Handler        0x080022d3    0x2  Code  Gb  stm32f10x_it.o [1]
CSTACK$$Base            0x20000058          --   Gb  - Linker created -
CSTACK$$Limit           0x20001058          --   Gb  - Linker created -
DebugMon_Handler        0x080022d9    0x2  Code  Gb  stm32f10x_it.o [1]
GPIO_Init               0x08000f59   0xc0  Code  Gb  stm32f10x_gpio.o [1]
GPIO_Pin_Config         0x08000ef7   0x26  Code  Gb  Global.o [1]
GPIO_ReadInputDataBit   0x08001019   0x16  Code  Gb  stm32f10x_gpio.o [1]
GPIO_ResetBits          0x08001035    0x6  Code  Gb  stm32f10x_gpio.o [1]
GPIO_SetBits            0x0800102f    0x6  Code  Gb  stm32f10x_gpio.o [1]
HardFault_Handler       0x080022cf    0x2  Code  Gb  stm32f10x_it.o [1]
IIC8_Test               0x08000233  0x310  Code  Gb  main.o [1]
MemManage_Handler       0x080022d1    0x2  Code  Gb  stm32f10x_it.o [1]
NMI_Handler             0x080022cd    0x2  Code  Gb  stm32f10x_it.o [1]
PendSV_Handler          0x080022db    0x2  Code  Gb  stm32f10x_it.o [1]
RCC_APB2PeriphClockCmd  0x08001753   0x20  Code  Gb  stm32f10x_rcc.o [1]
RCC_GetClocksFreq       0x08001699   0xba  Code  Gb  stm32f10x_rcc.o [1]
Region$$Table$$Base     0x08002208          --   Gb  - Linker created -
Region$$Table$$Limit    0x08002228          --   Gb  - Linker created -
SHT30_CalcHumi          0x08001071   0x24  Code  Gb  SHT30_Driver.o [1]
SHT30_CalcTemp          0x0800103d   0x34  Code  Gb  SHT30_Driver.o [1]
SHT30_Check_CRC         0x08001095   0x48  Code  Gb  SHT30_Driver.o [1]
SHT30_IIC_Get_Data      0x080010dd   0x78  Code  Gb  SHT30_Driver.o [1]
SHT30_IIC_Read_Register
                        0x08001155   0x60  Code  Gb  SHT30_Driver.o [1]
STM32_Delay_ms          0x08000f39   0x1e  Code  Gb  Global.o [1]
STM32_Delay_us          0x08000f1d   0x1c  Code  Gb  Global.o [1]
SVC_Handler             0x080022d7    0x2  Code  Gb  stm32f10x_it.o [1]
SW_IIC_Init             0x08001265   0x5e  Code  Gb  SW_IIC.o [1]
SW_IIC_Read_Byte        0x080013c5   0x84  Code  Gb  SW_IIC.o [1]
SW_IIC_Start            0x080012f7   0x2e  Code  Gb  SW_IIC.o [1]
SW_IIC_Stop             0x08001325   0x26  Code  Gb  SW_IIC.o [1]
SW_IIC_Transfer         0x08001449   0xa8  Code  Gb  SW_IIC.o [1]
SW_IIC_Wait_SCL_Turn_High
                        0x080012c3   0x34  Code  Lc  SW_IIC.o [1]
SW_IIC_Write_Byte       0x0800134b   0x7a  Code  Gb  SW_IIC.o [1]
Sensor8_IIC1_Delay_us   0x0800069d    0xa  Code  Gb  Sensor8_IIC_Init1.o [1]
Sensor8_IIC1_Init       0x08000723   0x4e  Code  Gb  Sensor8_IIC_Init1.o [1]
Sensor8_IIC1_Pin_Init   0x080006a7   0x16  Code  Gb  Sensor8_IIC_Init1.o [1]
Sensor8_IIC1_SCL_Read   0x08000715    0xe  Code  Gb  Sensor8_IIC_Init1.o [1]
Sensor8_IIC1_SDA_Read   0x08000709    0xc  Code  Gb  Sensor8_IIC_Init1.o [1]
Sensor8_IIC1_Set_SCL_High
                        0x080006d5    0xe  Code  Gb  Sensor8_IIC_Init1.o [1]
Sensor8_IIC1_Set_SCL_Low
                        0x080006e3    0xe  Code  Gb  Sensor8_IIC_Init1.o [1]
Sensor8_IIC1_Set_SDA_High
                        0x080006bd    0xc  Code  Gb  Sensor8_IIC_Init1.o [1]
Sensor8_IIC1_Set_SDA_Input
                        0x080006f1    0xc  Code  Gb  Sensor8_IIC_Init1.o [1]
Sensor8_IIC1_Set_SDA_Low
                        0x080006c9    0xc  Code  Gb  Sensor8_IIC_Init1.o [1]
Sensor8_IIC1_Set_SDA_Output
                        0x080006fd    0xc  Code  Gb  Sensor8_IIC_Init1.o [1]
Sensor8_IIC1_s          0x200010d0   0x28  Data  Gb  Global.o [1]
Sensor8_IIC2_Delay_us   0x0800079d    0xa  Code  Gb  Sensor8_IIC_Init2.o [1]
Sensor8_IIC2_Init       0x0800081b   0x4e  Code  Gb  Sensor8_IIC_Init2.o [1]
Sensor8_IIC2_Pin_Init   0x080007a7   0x14  Code  Gb  Sensor8_IIC_Init2.o [1]
Sensor8_IIC2_SCL_Read   0x0800080f    0xc  Code  Gb  Sensor8_IIC_Init2.o [1]
Sensor8_IIC2_SDA_Read   0x08000803    0xc  Code  Gb  Sensor8_IIC_Init2.o [1]
Sensor8_IIC2_Set_SCL_High
                        0x080007d3    0xc  Code  Gb  Sensor8_IIC_Init2.o [1]
Sensor8_IIC2_Set_SCL_Low
                        0x080007df    0xc  Code  Gb  Sensor8_IIC_Init2.o [1]
Sensor8_IIC2_Set_SDA_High
                        0x080007bb    0xc  Code  Gb  Sensor8_IIC_Init2.o [1]
Sensor8_IIC2_Set_SDA_Input
                        0x080007eb    0xc  Code  Gb  Sensor8_IIC_Init2.o [1]
Sensor8_IIC2_Set_SDA_Low
                        0x080007c7    0xc  Code  Gb  Sensor8_IIC_Init2.o [1]
Sensor8_IIC2_Set_SDA_Output
                        0x080007f7    0xc  Code  Gb  Sensor8_IIC_Init2.o [1]
Sensor8_IIC2_s          0x200010f8   0x28  Data  Gb  Global.o [1]
Sensor8_IIC3_Delay_us   0x08000895    0xa  Code  Gb  Sensor8_IIC_Init3.o [1]
Sensor8_IIC3_Init       0x08000913   0x4e  Code  Gb  Sensor8_IIC_Init3.o [1]
Sensor8_IIC3_Pin_Init   0x0800089f   0x14  Code  Gb  Sensor8_IIC_Init3.o [1]
Sensor8_IIC3_SCL_Read   0x08000907    0xc  Code  Gb  Sensor8_IIC_Init3.o [1]
Sensor8_IIC3_SDA_Read   0x080008fb    0xc  Code  Gb  Sensor8_IIC_Init3.o [1]
Sensor8_IIC3_Set_SCL_High
                        0x080008cb    0xc  Code  Gb  Sensor8_IIC_Init3.o [1]
Sensor8_IIC3_Set_SCL_Low
                        0x080008d7    0xc  Code  Gb  Sensor8_IIC_Init3.o [1]
Sensor8_IIC3_Set_SDA_High
                        0x080008b3    0xc  Code  Gb  Sensor8_IIC_Init3.o [1]
Sensor8_IIC3_Set_SDA_Input
                        0x080008e3    0xc  Code  Gb  Sensor8_IIC_Init3.o [1]
Sensor8_IIC3_Set_SDA_Low
                        0x080008bf    0xc  Code  Gb  Sensor8_IIC_Init3.o [1]
Sensor8_IIC3_Set_SDA_Output
                        0x080008ef    0xc  Code  Gb  Sensor8_IIC_Init3.o [1]
Sensor8_IIC3_s          0x20001120   0x28  Data  Gb  Global.o [1]
Sensor8_IIC4_Delay_us   0x0800098d    0xa  Code  Gb  Sensor8_IIC_Init4.o [1]
Sensor8_IIC4_Init       0x08000a1f   0x4e  Code  Gb  Sensor8_IIC_Init4.o [1]
Sensor8_IIC4_Pin_Init   0x08000997   0x18  Code  Gb  Sensor8_IIC_Init4.o [1]
Sensor8_IIC4_SCL_Read   0x08000a11    0xe  Code  Gb  Sensor8_IIC_Init4.o [1]
Sensor8_IIC4_SDA_Read   0x08000a03    0xe  Code  Gb  Sensor8_IIC_Init4.o [1]
Sensor8_IIC4_Set_SCL_High
                        0x080009cb    0xe  Code  Gb  Sensor8_IIC_Init4.o [1]
Sensor8_IIC4_Set_SCL_Low
                        0x080009d9    0xe  Code  Gb  Sensor8_IIC_Init4.o [1]
Sensor8_IIC4_Set_SDA_High
                        0x080009af    0xe  Code  Gb  Sensor8_IIC_Init4.o [1]
Sensor8_IIC4_Set_SDA_Input
                        0x080009e7    0xe  Code  Gb  Sensor8_IIC_Init4.o [1]
Sensor8_IIC4_Set_SDA_Low
                        0x080009bd    0xe  Code  Gb  Sensor8_IIC_Init4.o [1]
Sensor8_IIC4_Set_SDA_Output
                        0x080009f5    0xe  Code  Gb  Sensor8_IIC_Init4.o [1]
Sensor8_IIC4_s          0x20001148   0x28  Data  Gb  Global.o [1]
Sensor8_IIC5_Delay_us   0x08000a99    0xa  Code  Gb  Sensor8_IIC_Init5.o [1]
Sensor8_IIC5_Init       0x08000b35   0x4e  Code  Gb  Sensor8_IIC_Init5.o [1]
Sensor8_IIC5_Pin_Init   0x08000aa3   0x28  Code  Gb  Sensor8_IIC_Init5.o [1]
Sensor8_IIC5_SCL_Read   0x08000b29    0xc  Code  Gb  Sensor8_IIC_Init5.o [1]
Sensor8_IIC5_SDA_Read   0x08000b1b    0xe  Code  Gb  Sensor8_IIC_Init5.o [1]
Sensor8_IIC5_Set_SCL_High
                        0x08000ae7    0xc  Code  Gb  Sensor8_IIC_Init5.o [1]
Sensor8_IIC5_Set_SCL_Low
                        0x08000af3    0xc  Code  Gb  Sensor8_IIC_Init5.o [1]
Sensor8_IIC5_Set_SDA_High
                        0x08000acb    0xe  Code  Gb  Sensor8_IIC_Init5.o [1]
Sensor8_IIC5_Set_SDA_Input
                        0x08000aff    0xe  Code  Gb  Sensor8_IIC_Init5.o [1]
Sensor8_IIC5_Set_SDA_Low
                        0x08000ad9    0xe  Code  Gb  Sensor8_IIC_Init5.o [1]
Sensor8_IIC5_Set_SDA_Output
                        0x08000b0d    0xe  Code  Gb  Sensor8_IIC_Init5.o [1]
Sensor8_IIC5_s          0x20001170   0x28  Data  Gb  Global.o [1]
Sensor8_IIC6_Delay_us   0x08000bb5    0xa  Code  Gb  Sensor8_IIC_Init6.o [1]
Sensor8_IIC6_Init       0x08000c4b   0x4e  Code  Gb  Sensor8_IIC_Init6.o [1]
Sensor8_IIC6_Pin_Init   0x08000bbf   0x26  Code  Gb  Sensor8_IIC_Init6.o [1]
Sensor8_IIC6_SCL_Read   0x08000c3d    0xe  Code  Gb  Sensor8_IIC_Init6.o [1]
Sensor8_IIC6_SDA_Read   0x08000c31    0xc  Code  Gb  Sensor8_IIC_Init6.o [1]
Sensor8_IIC6_Set_SCL_High
                        0x08000bfd    0xe  Code  Gb  Sensor8_IIC_Init6.o [1]
Sensor8_IIC6_Set_SCL_Low
                        0x08000c0b    0xe  Code  Gb  Sensor8_IIC_Init6.o [1]
Sensor8_IIC6_Set_SDA_High
                        0x08000be5    0xc  Code  Gb  Sensor8_IIC_Init6.o [1]
Sensor8_IIC6_Set_SDA_Input
                        0x08000c19    0xc  Code  Gb  Sensor8_IIC_Init6.o [1]
Sensor8_IIC6_Set_SDA_Low
                        0x08000bf1    0xc  Code  Gb  Sensor8_IIC_Init6.o [1]
Sensor8_IIC6_Set_SDA_Output
                        0x08000c25    0xc  Code  Gb  Sensor8_IIC_Init6.o [1]
Sensor8_IIC6_s          0x20001198   0x28  Data  Gb  Global.o [1]
Sensor8_IIC7_Delay_us   0x08000cc9    0xa  Code  Gb  Sensor8_IIC_Init7.o [1]
Sensor8_IIC7_Init       0x08000d47   0x4e  Code  Gb  Sensor8_IIC_Init7.o [1]
Sensor8_IIC7_Pin_Init   0x08000cd3   0x14  Code  Gb  Sensor8_IIC_Init7.o [1]
Sensor8_IIC7_SCL_Read   0x08000d3b    0xc  Code  Gb  Sensor8_IIC_Init7.o [1]
Sensor8_IIC7_SDA_Read   0x08000d2f    0xc  Code  Gb  Sensor8_IIC_Init7.o [1]
Sensor8_IIC7_Set_SCL_High
                        0x08000cff    0xc  Code  Gb  Sensor8_IIC_Init7.o [1]
Sensor8_IIC7_Set_SCL_Low
                        0x08000d0b    0xc  Code  Gb  Sensor8_IIC_Init7.o [1]
Sensor8_IIC7_Set_SDA_High
                        0x08000ce7    0xc  Code  Gb  Sensor8_IIC_Init7.o [1]
Sensor8_IIC7_Set_SDA_Input
                        0x08000d17    0xc  Code  Gb  Sensor8_IIC_Init7.o [1]
Sensor8_IIC7_Set_SDA_Low
                        0x08000cf3    0xc  Code  Gb  Sensor8_IIC_Init7.o [1]
Sensor8_IIC7_Set_SDA_Output
                        0x08000d23    0xc  Code  Gb  Sensor8_IIC_Init7.o [1]
Sensor8_IIC7_s          0x200011c0   0x28  Data  Gb  Global.o [1]
Sensor8_IIC_Delay_us    0x080005a1    0xa  Code  Gb  Sensor8_IIC_Init.o [1]
Sensor8_IIC_Init        0x08000621   0x4e  Code  Gb  Sensor8_IIC_Init.o [1]
Sensor8_IIC_Pin_Init    0x080005ab   0x16  Code  Gb  Sensor8_IIC_Init.o [1]
Sensor8_IIC_SCL_Read    0x08000615    0xc  Code  Gb  Sensor8_IIC_Init.o [1]
Sensor8_IIC_SDA_Read    0x08000609    0xc  Code  Gb  Sensor8_IIC_Init.o [1]
Sensor8_IIC_Set_SCL_High
                        0x080005d9    0xc  Code  Gb  Sensor8_IIC_Init.o [1]
Sensor8_IIC_Set_SCL_Low
                        0x080005e5    0xc  Code  Gb  Sensor8_IIC_Init.o [1]
Sensor8_IIC_Set_SDA_High
                        0x080005c1    0xc  Code  Gb  Sensor8_IIC_Init.o [1]
Sensor8_IIC_Set_SDA_Input
                        0x080005f1    0xc  Code  Gb  Sensor8_IIC_Init.o [1]
Sensor8_IIC_Set_SDA_Low
                        0x080005cd    0xc  Code  Gb  Sensor8_IIC_Init.o [1]
Sensor8_IIC_Set_SDA_Output
                        0x080005fd    0xc  Code  Gb  Sensor8_IIC_Init.o [1]
Sensor8_IIC_s           0x200010a8   0x28  Data  Gb  Global.o [1]
SetSysClock             0x08002065    0x8  Code  Lc  system_stm32f10x.o [1]
SetSysClockTo72         0x0800206d   0xe0  Code  Lc  system_stm32f10x.o [1]
Sgpc10_Get_Data         0x08000e71   0x86  Code  Gb  Sgpc10_Driver.o [1]
Sgpc10_Init_Air_Quality
                        0x08000e4b   0x26  Code  Gb  Sgpc10_Driver.o [1]
Sgpc10_Read_Register    0x08000de5   0x66  Code  Gb  Sgpc10_Driver.o [1]
SysTick_Handler         0x080022dd    0x2  Code  Gb  stm32f10x_it.o [1]
Sys_Init                0x08000131  0x102  Code  Gb  main.o [1]
SystemInit              0x08002011   0x54  Code  Gb  system_stm32f10x.o [1]
USART1_Config           0x080011c5   0x78  Code  Gb  bsp_usart1.o [1]
USART_Cmd               0x08001e2d   0x1c  Code  Gb  stm32f10x_usart.o [1]
USART_GetFlagStatus     0x08001e51   0x1a  Code  Gb  stm32f10x_usart.o [1]
USART_Init              0x08001d6d   0xba  Code  Gb  stm32f10x_usart.o [1]
USART_SendData          0x08001e49    0x8  Code  Gb  stm32f10x_usart.o [1]
UsageFault_Handler      0x080022d5    0x2  Code  Gb  stm32f10x_it.o [1]
_PrintfTiny             0x08001509  0x136  Code  Gb  xprintftiny.o [3]
_Prout                  0x080022a9   0x16  Code  Gb  xprout.o [3]
__aeabi_d2f             0x08001ba5         Code  Gb  DblToFlt.o [4]
__aeabi_dadd            0x08001c85         Code  Gb  DblAdd.o [4]
__aeabi_ddiv            0x0800194d         Code  Gb  DblDiv.o [4]
__aeabi_dmul            0x080017a9         Code  Gb  DblMul.o [4]
__aeabi_f2d             0x08001c35         Code  Gb  FltToDbl.o [4]
__aeabi_ui2d            0x0800178d         Code  Gb  I32ToDbl.o [4]
__cmain                 0x08002265         Code  Gb  cmain.o [5]
__exit                  0x08002295   0x14  Code  Gb  exit.o [6]
__iar_Stdout            0x20000014   0x40  Data  Gb  xfiles.o [3]
__iar_dadd              0x08001c99         Code  Gb  DblAdd.o [4]
__iar_data_init3        0x080021e1   0x28  Code  Gb  data_init.o [5]
__iar_dsub              0x08001ea5         Code  Gb  DblSub.o [4]
__iar_dsubStart         0x08001eb7         Code  Gb  DblSub.o [4]
__iar_packbits_init_single3
                        0x080021a9   0x38  Code  Gb  packbits_init_single.o [5]
__iar_program_start     0x080022fd         Code  Gb  cstartup_M.o [5]
__iar_ui2d              0x08001791         Code  Gb  I32ToDbl.o [4]
__iar_zero_init3        0x08002169   0x40  Code  Gb  zero_init3.o [5]
__low_level_init        0x0800227f    0x4  Code  Gb  low_level_init.o [3]
__vector_table          0x08000000         Data  Gb  startup_stm32f10x_hd.o [1]
_call_main              0x08002271         Code  Gb  cmain.o [5]
_exit                   0x08002289         Code  Gb  cexit.o [5]
_main                   0x0800227b         Code  Gb  cmain.o [5]
exit                    0x08002283    0x4  Code  Gb  exit.o [3]
fputc                   0x0800123d   0x20  Code  Gb  bsp_usart1.o [1]
main                    0x08000543   0x16  Code  Gb  main.o [1]
obuf                    0x20001058   0x50  Data  Lc  xfiles.o [3]
out                     0x080014f1   0x18  Code  Lc  xprintftiny.o [3]
printf                  0x08000dc1   0x24  Code  Gb  printf.o [3]
putchar                 0x080022c1    0xc  Code  Gb  putchar.o [3]
sensirion_common_check_crc
                        0x0800167f   0x1a  Code  Gb  sensirion_common.o [1]
sensirion_common_generate_crc
                        0x0800163f   0x40  Code  Gb  sensirion_common.o [1]
strlen                  0x08001e6d         Code  Gb  strlen.o [5]


[1] = D:\Workspace\STM32_Sensor8\EWARM\Debug\Obj
[2] = command line
[3] = dl7M_tlf.a
[4] = m7M_tl.a
[5] = rt7M_tl.a
[6] = shb_l.a

  9 140 bytes of readonly  code memory
    157 bytes of readonly  data memory
  4 580 bytes of readwrite data memory

Errors: none
Warnings: none
