###############################################################################
#
# IAR ELF Linker V7.80.4.12462/W32 for ARM                05/Apr/2017  11:24:03
# Copyright 2007-2017 IAR Systems AB.
#
#    Output file  =  
#        D:\Workspace\STM32_Sensor8\EWARM\Debug\Exe\STM32_Sensor8.out
#    Map file     =  
#        D:\Workspace\STM32_Sensor8\EWARM\Debug\List\STM32_Sensor8.map
#    Command line =  
#        D:\Workspace\STM32_Sensor8\EWARM\Debug\Obj\BH1721_Driver.o
#        D:\Workspace\STM32_Sensor8\EWARM\Debug\Obj\bsp_usart1.o
#        D:\Workspace\STM32_Sensor8\EWARM\Debug\Obj\Global.o
#        D:\Workspace\STM32_Sensor8\EWARM\Debug\Obj\main.o
#        D:\Workspace\STM32_Sensor8\EWARM\Debug\Obj\misc.o
#        D:\Workspace\STM32_Sensor8\EWARM\Debug\Obj\sensirion_common.o
#        D:\Workspace\STM32_Sensor8\EWARM\Debug\Obj\sensirion_configuration.o
#        D:\Workspace\STM32_Sensor8\EWARM\Debug\Obj\Sensor8_IIC_Init.o
#        D:\Workspace\STM32_Sensor8\EWARM\Debug\Obj\Sensor8_IIC_Init1.o
#        D:\Workspace\STM32_Sensor8\EWARM\Debug\Obj\Sensor8_IIC_Init2.o
#        D:\Workspace\STM32_Sensor8\EWARM\Debug\Obj\Sensor8_IIC_Init3.o
#        D:\Workspace\STM32_Sensor8\EWARM\Debug\Obj\Sensor8_IIC_Init4.o
#        D:\Workspace\STM32_Sensor8\EWARM\Debug\Obj\Sensor8_IIC_Init5.o
#        D:\Workspace\STM32_Sensor8\EWARM\Debug\Obj\Sensor8_IIC_Init6.o
#        D:\Workspace\STM32_Sensor8\EWARM\Debug\Obj\Sensor8_IIC_Init7.o
#        D:\Workspace\STM32_Sensor8\EWARM\Debug\Obj\Sgpc10_Driver.o
#        D:\Workspace\STM32_Sensor8\EWARM\Debug\Obj\sgpc1x.o
#        D:\Workspace\STM32_Sensor8\EWARM\Debug\Obj\sgpc1x_featureset.o
#        D:\Workspace\STM32_Sensor8\EWARM\Debug\Obj\SHT30_Driver.o
#        D:\Workspace\STM32_Sensor8\EWARM\Debug\Obj\SHT30_Init.o
#        D:\Workspace\STM32_Sensor8\EWARM\Debug\Obj\startup_stm32f10x_hd.o
#        D:\Workspace\STM32_Sensor8\EWARM\Debug\Obj\stm32f10x_gpio.o
#        D:\Workspace\STM32_Sensor8\EWARM\Debug\Obj\stm32f10x_it.o
#        D:\Workspace\STM32_Sensor8\EWARM\Debug\Obj\stm32f10x_rcc.o
#        D:\Workspace\STM32_Sensor8\EWARM\Debug\Obj\stm32f10x_usart.o
#        D:\Workspace\STM32_Sensor8\EWARM\Debug\Obj\sw_i2c.o
#        D:\Workspace\STM32_Sensor8\EWARM\Debug\Obj\SW_IIC.o
#        D:\Workspace\STM32_Sensor8\EWARM\Debug\Obj\Sys_Timer.o
#        D:\Workspace\STM32_Sensor8\EWARM\Debug\Obj\system_stm32f10x.o -o
#        D:\Workspace\STM32_Sensor8\EWARM\Debug\Exe\STM32_Sensor8.out --map
#        D:\Workspace\STM32_Sensor8\EWARM\Debug\List\STM32_Sensor8.map --config
#        D:\IAR\arm\config\linker\ST\stm32f103xE.icf --semihosting --entry
#        __iar_program_start --vfe
#
###############################################################################

*******************************************************************************
*** RUNTIME MODEL ATTRIBUTES
***

CppFlavor       = *
__SystemLibrary = DLib


*******************************************************************************
*** PLACEMENT SUMMARY
***

"A0":  place at 0x08000000 { ro section .intvec };
"P1":  place in [from 0x08000000 to 0x0807ffff] { ro };
"P2":  place in [from 0x20000000 to 0x2000ffff] { rw, block CSTACK, block HEAP };
initialize by copy { rw };

  Section            Kind        Address    Size  Object
  -------            ----        -------    ----  ------
"A0":                                      0x130
  .intvec            ro code  0x08000000   0x130  startup_stm32f10x_hd.o [1]
                            - 0x08000130   0x130

"P1":                                     0x2455
  .text              ro code  0x08000130   0x4b4  main.o [1]
  .text              ro code  0x080005e4    0xfc  Sensor8_IIC_Init.o [1]
  .text              ro code  0x080006e0   0x100  Sensor8_IIC_Init1.o [1]
  .text              ro code  0x080007e0   0x10c  Sensor8_IIC_Init2.o [1]
  .text              ro code  0x080008ec    0xf8  Sensor8_IIC_Init3.o [1]
  .text              ro code  0x080009e4   0x10c  Sensor8_IIC_Init4.o [1]
  .text              ro code  0x08000af0   0x11c  Sensor8_IIC_Init5.o [1]
  .text              ro code  0x08000c0c   0x114  Sensor8_IIC_Init6.o [1]
  .text              ro code  0x08000d20    0xf8  Sensor8_IIC_Init7.o [1]
  .text              ro code  0x08000e18    0x24  printf.o [3]
  .text              ro code  0x08000e3c   0x112  Sgpc10_Driver.o [1]
  .text              ro code  0x08000f4e    0x60  Global.o [1]
  .text              ro code  0x08000fb0    0xe2  stm32f10x_gpio.o [1]
  .text              ro code  0x08001094    0xb8  BH1721_Driver.o [1]
  .text              ro code  0x0800114c   0x188  SHT30_Driver.o [1]
  .text              ro code  0x080012d4    0xa0  bsp_usart1.o [1]
  .text              ro code  0x08001374   0x28c  SW_IIC.o [1]
  .text              ro code  0x08001600   0x14e  xprintftiny.o [3]
  .text              ro code  0x0800174e    0x5a  sensirion_common.o [1]
  .text              ro code  0x080017a8    0xf4  stm32f10x_rcc.o [1]
  .text              ro code  0x0800189c    0x1c  I32ToDbl.o [4]
  .text              ro code  0x080018b8   0x256  DblDiv.o [4]
  .text              ro code  0x08001b10    0x90  DblToFlt.o [4]
  .text              ro code  0x08001ba0   0x1a2  DblMul.o [4]
  .text              ro code  0x08001d44    0x4e  FltToDbl.o [4]
  .text              ro code  0x08001d94    0xe8  DblAdd.o [4]
  .text              ro code  0x08001e7c    0xfe  stm32f10x_usart.o [1]
  .text              ro code  0x08001f7c    0x36  strlen.o [5]
  .text              ro code  0x08001fb4   0x16c  DblSub.o [4]
  .text              ro code  0x08002120   0x158  system_stm32f10x.o [1]
  .text              ro code  0x08002278    0x40  zero_init3.o [5]
  .text              ro code  0x080022b8    0x3c  Sys_Timer.o [1]
  .text              ro code  0x080022f4    0x38  packbits_init_single.o [5]
  .text              ro code  0x0800232c    0x28  data_init.o [5]
  .iar.init_table    const    0x08002354    0x20  - Linker created -
  .rodata            const    0x08002374    0x20  main.o [1]
  .text              ro code  0x08002394    0x1a  cmain.o [5]
  .text              ro code  0x080023ae     0x4  low_level_init.o [3]
  .text              ro code  0x080023b2     0x4  exit.o [3]
  .text              ro code  0x080023b8     0xa  cexit.o [5]
  .text              ro code  0x080023c4    0x14  exit.o [6]
  .text              ro code  0x080023d8    0x18  stm32f10x_it.o [1]
  .text              ro code  0x080023f0    0x16  xprout.o [3]
  .text              ro code  0x08002408     0xc  putchar.o [3]
  .text              ro code  0x08002414    0x10  startup_stm32f10x_hd.o [1]
  .rodata            const    0x08002424     0xc  main.o [1]
  .text              ro code  0x08002430     0xc  cstartup_M.o [5]
  .text              ro code  0x0800243c     0x4  startup_stm32f10x_hd.o [1]
  .text              ro code  0x08002440     0x4  startup_stm32f10x_hd.o [1]
  .text              ro code  0x08002444     0x4  startup_stm32f10x_hd.o [1]
  .text              ro code  0x08002448     0x4  startup_stm32f10x_hd.o [1]
  .text              ro code  0x0800244c     0x4  startup_stm32f10x_hd.o [1]
  .text              ro code  0x08002450     0x4  startup_stm32f10x_hd.o [1]
  .text              ro code  0x08002454     0x4  startup_stm32f10x_hd.o [1]
  .text              ro code  0x08002458     0x4  startup_stm32f10x_hd.o [1]
  .text              ro code  0x0800245c     0x4  startup_stm32f10x_hd.o [1]
  .text              ro code  0x08002460     0x4  startup_stm32f10x_hd.o [1]
  .text              ro code  0x08002464     0x4  startup_stm32f10x_hd.o [1]
  .text              ro code  0x08002468     0x4  startup_stm32f10x_hd.o [1]
  .text              ro code  0x0800246c     0x4  startup_stm32f10x_hd.o [1]
  .text              ro code  0x08002470     0x4  startup_stm32f10x_hd.o [1]
  .text              ro code  0x08002474     0x4  startup_stm32f10x_hd.o [1]
  .text              ro code  0x08002478     0x4  startup_stm32f10x_hd.o [1]
  .text              ro code  0x0800247c     0x4  startup_stm32f10x_hd.o [1]
  .text              ro code  0x08002480     0x4  startup_stm32f10x_hd.o [1]
  .text              ro code  0x08002484     0x4  startup_stm32f10x_hd.o [1]
  .text              ro code  0x08002488     0x4  startup_stm32f10x_hd.o [1]
  .text              ro code  0x0800248c     0x4  startup_stm32f10x_hd.o [1]
  .text              ro code  0x08002490     0x4  startup_stm32f10x_hd.o [1]
  .text              ro code  0x08002494     0x4  startup_stm32f10x_hd.o [1]
  .text              ro code  0x08002498     0x4  startup_stm32f10x_hd.o [1]
  .text              ro code  0x0800249c     0x4  startup_stm32f10x_hd.o [1]
  .text              ro code  0x080024a0     0x4  startup_stm32f10x_hd.o [1]
  .text              ro code  0x080024a4     0x4  startup_stm32f10x_hd.o [1]
  .text              ro code  0x080024a8     0x4  startup_stm32f10x_hd.o [1]
  .text              ro code  0x080024ac     0x4  startup_stm32f10x_hd.o [1]
  .text              ro code  0x080024b0     0x4  startup_stm32f10x_hd.o [1]
  .text              ro code  0x080024b4     0x4  startup_stm32f10x_hd.o [1]
  .text              ro code  0x080024b8     0x4  startup_stm32f10x_hd.o [1]
  .text              ro code  0x080024bc     0x4  startup_stm32f10x_hd.o [1]
  .text              ro code  0x080024c0     0x4  startup_stm32f10x_hd.o [1]
  .text              ro code  0x080024c4     0x4  startup_stm32f10x_hd.o [1]
  .text              ro code  0x080024c8     0x4  startup_stm32f10x_hd.o [1]
  .text              ro code  0x080024cc     0x4  startup_stm32f10x_hd.o [1]
  .text              ro code  0x080024d0     0x4  startup_stm32f10x_hd.o [1]
  .text              ro code  0x080024d4     0x4  startup_stm32f10x_hd.o [1]
  .text              ro code  0x080024d8     0x4  startup_stm32f10x_hd.o [1]
  .text              ro code  0x080024dc     0x4  startup_stm32f10x_hd.o [1]
  .text              ro code  0x080024e0     0x4  startup_stm32f10x_hd.o [1]
  .text              ro code  0x080024e4     0x4  startup_stm32f10x_hd.o [1]
  .text              ro code  0x080024e8     0x4  startup_stm32f10x_hd.o [1]
  .text              ro code  0x080024ec     0x4  startup_stm32f10x_hd.o [1]
  .text              ro code  0x080024f0     0x4  startup_stm32f10x_hd.o [1]
  .text              ro code  0x080024f4     0x4  startup_stm32f10x_hd.o [1]
  .text              ro code  0x080024f8     0x4  startup_stm32f10x_hd.o [1]
  .text              ro code  0x080024fc     0x4  startup_stm32f10x_hd.o [1]
  .text              ro code  0x08002500     0x4  startup_stm32f10x_hd.o [1]
  .text              ro code  0x08002504     0x4  startup_stm32f10x_hd.o [1]
  .text              ro code  0x08002508     0x4  startup_stm32f10x_hd.o [1]
  .text              ro code  0x0800250c     0x4  startup_stm32f10x_hd.o [1]
  .text              ro code  0x08002510     0x4  startup_stm32f10x_hd.o [1]
  .text              ro code  0x08002514     0x4  startup_stm32f10x_hd.o [1]
  .text              ro code  0x08002518     0x4  startup_stm32f10x_hd.o [1]
  .text              ro code  0x0800251c     0x4  startup_stm32f10x_hd.o [1]
  .text              ro code  0x08002520     0x4  startup_stm32f10x_hd.o [1]
  .text              ro code  0x08002524     0x4  startup_stm32f10x_hd.o [1]
  .text              ro code  0x08002528     0x4  startup_stm32f10x_hd.o [1]
  .text              ro code  0x0800252c     0x4  startup_stm32f10x_hd.o [1]
  .text              ro code  0x08002530     0x4  startup_stm32f10x_hd.o [1]
  .text              ro code  0x08002534     0x4  startup_stm32f10x_hd.o [1]
  .text              ro code  0x08002538     0x4  startup_stm32f10x_hd.o [1]
  .text              ro code  0x0800253c     0x4  startup_stm32f10x_hd.o [1]
  .text              ro code  0x08002540     0x4  startup_stm32f10x_hd.o [1]
  .text              ro code  0x08002544     0x4  startup_stm32f10x_hd.o [1]
  .text              ro code  0x08002548     0x4  startup_stm32f10x_hd.o [1]
  .text              ro code  0x0800254c     0x4  startup_stm32f10x_hd.o [1]
  .rodata            const    0x08002550     0x0  zero_init3.o [5]
  .rodata            const    0x08002550     0x0  packbits_init_single.o [5]
  Initializer bytes  const    0x08002550    0x35  <for P2-1>
                            - 0x08002585  0x2455

"P2", part 1 of 3:                          0x54
  P2-1                        0x20000000    0x54  <Init block>
    .data            inited   0x20000000    0x10  stm32f10x_rcc.o [1]
    .data            inited   0x20000010     0x4  stm32f10x_rcc.o [1]
    .data            inited   0x20000014    0x40  xfiles.o [3]
                            - 0x20000054    0x54

"P2", part 2 of 3:                        0x1000
  CSTACK                      0x20000058  0x1000  <Block>
    CSTACK           uninit   0x20000058  0x1000  <Block tail>
                            - 0x20001058  0x1000

"P2", part 3 of 3:                         0x194
  .bss               zero     0x20001058    0x50  xfiles.o [3]
  .bss               zero     0x200010a8    0x28  Global.o [1]
  .bss               zero     0x200010d0    0x28  Global.o [1]
  .bss               zero     0x200010f8    0x28  Global.o [1]
  .bss               zero     0x20001120    0x28  Global.o [1]
  .bss               zero     0x20001148    0x28  Global.o [1]
  .bss               zero     0x20001170    0x28  Global.o [1]
  .bss               zero     0x20001198    0x28  Global.o [1]
  .bss               zero     0x200011c0    0x28  Global.o [1]
  .bss               zero     0x200011e8     0x2  Global.o [1]
                            - 0x200011ea   0x192


*******************************************************************************
*** INIT TABLE
***

          Address     Size
          -------     ----
Zero (__iar_zero_init3)
    1 destination range, total size 0x192:
          0x20001058  0x192

Copy/packbits (__iar_packbits_init_single3)
    1 source range, total size 0x35 (63% of destination):
          0x08002550   0x35
    1 destination range, total size 0x54:
          0x20000000   0x54



*******************************************************************************
*** MODULE SUMMARY
***

    Module                  ro code  ro data  rw data
    ------                  -------  -------  -------
D:\Workspace\STM32_Sensor8\EWARM\Debug\Obj: [1]
    BH1721_Driver.o             184
    Global.o                     96               322
    SHT30_Driver.o              392
    SW_IIC.o                    652
    Sensor8_IIC_Init.o          252
    Sensor8_IIC_Init1.o         256
    Sensor8_IIC_Init2.o         268
    Sensor8_IIC_Init3.o         248
    Sensor8_IIC_Init4.o         268
    Sensor8_IIC_Init5.o         284
    Sensor8_IIC_Init6.o         276
    Sensor8_IIC_Init7.o         248
    Sgpc10_Driver.o             274
    Sys_Timer.o                  60
    bsp_usart1.o                160
    main.o                    1 204       44
    sensirion_common.o           90
    startup_stm32f10x_hd.o      596
    stm32f10x_gpio.o            226
    stm32f10x_it.o               24
    stm32f10x_rcc.o             244       12       20
    stm32f10x_usart.o           254
    system_stm32f10x.o          344
    -------------------------------------------------
    Total:                    6 900       56      342

command line: [2]
    -------------------------------------------------
    Total:

dl7M_tlf.a: [3]
    exit.o                        4
    low_level_init.o              4
    printf.o                     36
    putchar.o                    12
    xfiles.o                              41      144
    xprintftiny.o               334
    xprout.o                     22
    -------------------------------------------------
    Total:                      412       41      144

m7M_tl.a: [4]
    DblAdd.o                    232
    DblDiv.o                    598
    DblMul.o                    418
    DblSub.o                    364
    DblToFlt.o                  144
    FltToDbl.o                   78
    I32ToDbl.o                   28
    -------------------------------------------------
    Total:                    1 862

rt7M_tl.a: [5]
    cexit.o                      10
    cmain.o                      26
    cstartup_M.o                 12
    data_init.o                  40
    packbits_init_single.o       56
    strlen.o                     54
    zero_init3.o                 64
    -------------------------------------------------
    Total:                      262

shb_l.a: [6]
    exit.o                       20
    -------------------------------------------------
    Total:                       20

    Gaps                         20
    Linker created                        32    4 096
-----------------------------------------------------
    Grand Total:              9 476      129    4 582


*******************************************************************************
*** ENTRY LIST
***

Entry                      Address   Size  Type      Object
-----                      -------   ----  ----      ------
.iar.init_table$$Base   0x08002354          --   Gb  - Linker created -
.iar.init_table$$Limit  0x08002374          --   Gb  - Linker created -
?main                   0x08002395         Code  Gb  cmain.o [5]
ADCPrescTable           0x20000010    0x4  Data  Lc  stm32f10x_rcc.o [1]
APBAHBPrescTable        0x20000000   0x10  Data  Lc  stm32f10x_rcc.o [1]
BH1721_CalcData         0x080010e7   0x26  Code  Gb  BH1721_Driver.o [1]
BH1721_Get_Data         0x08001115   0x38  Code  Gb  BH1721_Driver.o [1]
BH1721_Read_Register    0x08001095   0x52  Code  Gb  BH1721_Driver.o [1]
BusFault_Handler        0x080023df    0x2  Code  Gb  stm32f10x_it.o [1]
CSTACK$$Base            0x20000058          --   Gb  - Linker created -
CSTACK$$Limit           0x20001058          --   Gb  - Linker created -
DebugMon_Handler        0x080023e5    0x2  Code  Gb  stm32f10x_it.o [1]
GPIO_Init               0x08000fb1   0xc0  Code  Gb  stm32f10x_gpio.o [1]
GPIO_Pin_Config         0x08000f4f   0x26  Code  Gb  Global.o [1]
GPIO_ReadInputDataBit   0x08001071   0x16  Code  Gb  stm32f10x_gpio.o [1]
GPIO_ResetBits          0x0800108d    0x6  Code  Gb  stm32f10x_gpio.o [1]
GPIO_SetBits            0x08001087    0x6  Code  Gb  stm32f10x_gpio.o [1]
HardFault_Handler       0x080023db    0x2  Code  Gb  stm32f10x_it.o [1]
IIC8_Test               0x08000235  0x356  Code  Gb  main.o [1]
MemManage_Handler       0x080023dd    0x2  Code  Gb  stm32f10x_it.o [1]
NMI_Handler             0x080023d9    0x2  Code  Gb  stm32f10x_it.o [1]
PendSV_Handler          0x080023e7    0x2  Code  Gb  stm32f10x_it.o [1]
RCC_APB2PeriphClockCmd  0x08001863   0x20  Code  Gb  stm32f10x_rcc.o [1]
RCC_GetClocksFreq       0x080017a9   0xba  Code  Gb  stm32f10x_rcc.o [1]
Region$$Table$$Base     0x08002354          --   Gb  - Linker created -
Region$$Table$$Limit    0x08002374          --   Gb  - Linker created -
SHT30_CalcHumi          0x08001181   0x24  Code  Gb  SHT30_Driver.o [1]
SHT30_CalcTemp          0x0800114d   0x34  Code  Gb  SHT30_Driver.o [1]
SHT30_Check_CRC         0x080011a5   0x48  Code  Gb  SHT30_Driver.o [1]
SHT30_IIC_Get_Data      0x080011ed   0x78  Code  Gb  SHT30_Driver.o [1]
SHT30_IIC_Read_Register
                        0x08001265   0x60  Code  Gb  SHT30_Driver.o [1]
STM32_Delay_ms          0x08000f91   0x1e  Code  Gb  Global.o [1]
STM32_Delay_us          0x08000f75   0x1c  Code  Gb  Global.o [1]
SVC_Handler             0x080023e3    0x2  Code  Gb  stm32f10x_it.o [1]
SW_IIC_Init             0x08001375   0x5e  Code  Gb  SW_IIC.o [1]
SW_IIC_Read_Byte        0x080014d5   0x84  Code  Gb  SW_IIC.o [1]
SW_IIC_Start            0x08001407   0x2e  Code  Gb  SW_IIC.o [1]
SW_IIC_Stop             0x08001435   0x26  Code  Gb  SW_IIC.o [1]
SW_IIC_Transfer         0x08001559   0xa8  Code  Gb  SW_IIC.o [1]
SW_IIC_Wait_SCL_Turn_High
                        0x080013d3   0x34  Code  Lc  SW_IIC.o [1]
SW_IIC_Write_Byte       0x0800145b   0x7a  Code  Gb  SW_IIC.o [1]
Sensor8_IIC1_Delay_us   0x080006e1    0xa  Code  Gb  Sensor8_IIC_Init1.o [1]
Sensor8_IIC1_Init       0x08000767   0x4e  Code  Gb  Sensor8_IIC_Init1.o [1]
Sensor8_IIC1_Pin_Init   0x080006eb   0x16  Code  Gb  Sensor8_IIC_Init1.o [1]
Sensor8_IIC1_SCL_Read   0x08000759    0xe  Code  Gb  Sensor8_IIC_Init1.o [1]
Sensor8_IIC1_SDA_Read   0x0800074d    0xc  Code  Gb  Sensor8_IIC_Init1.o [1]
Sensor8_IIC1_Set_SCL_High
                        0x08000719    0xe  Code  Gb  Sensor8_IIC_Init1.o [1]
Sensor8_IIC1_Set_SCL_Low
                        0x08000727    0xe  Code  Gb  Sensor8_IIC_Init1.o [1]
Sensor8_IIC1_Set_SDA_High
                        0x08000701    0xc  Code  Gb  Sensor8_IIC_Init1.o [1]
Sensor8_IIC1_Set_SDA_Input
                        0x08000735    0xc  Code  Gb  Sensor8_IIC_Init1.o [1]
Sensor8_IIC1_Set_SDA_Low
                        0x0800070d    0xc  Code  Gb  Sensor8_IIC_Init1.o [1]
Sensor8_IIC1_Set_SDA_Output
                        0x08000741    0xc  Code  Gb  Sensor8_IIC_Init1.o [1]
Sensor8_IIC1_s          0x200010d0   0x28  Data  Gb  Global.o [1]
Sensor8_IIC2_Delay_us   0x080007e1    0xa  Code  Gb  Sensor8_IIC_Init2.o [1]
Sensor8_IIC2_Init       0x08000871   0x4e  Code  Gb  Sensor8_IIC_Init2.o [1]
Sensor8_IIC2_Pin_Init   0x080007eb   0x16  Code  Gb  Sensor8_IIC_Init2.o [1]
Sensor8_IIC2_SCL_Read   0x08000863    0xe  Code  Gb  Sensor8_IIC_Init2.o [1]
Sensor8_IIC2_SDA_Read   0x08000855    0xe  Code  Gb  Sensor8_IIC_Init2.o [1]
Sensor8_IIC2_Set_SCL_High
                        0x0800081d    0xe  Code  Gb  Sensor8_IIC_Init2.o [1]
Sensor8_IIC2_Set_SCL_Low
                        0x0800082b    0xe  Code  Gb  Sensor8_IIC_Init2.o [1]
Sensor8_IIC2_Set_SDA_High
                        0x08000801    0xe  Code  Gb  Sensor8_IIC_Init2.o [1]
Sensor8_IIC2_Set_SDA_Input
                        0x08000839    0xe  Code  Gb  Sensor8_IIC_Init2.o [1]
Sensor8_IIC2_Set_SDA_Low
                        0x0800080f    0xe  Code  Gb  Sensor8_IIC_Init2.o [1]
Sensor8_IIC2_Set_SDA_Output
                        0x08000847    0xe  Code  Gb  Sensor8_IIC_Init2.o [1]
Sensor8_IIC2_s          0x200010f8   0x28  Data  Gb  Global.o [1]
Sensor8_IIC3_Delay_us   0x080008ed    0xa  Code  Gb  Sensor8_IIC_Init3.o [1]
Sensor8_IIC3_Init       0x0800096b   0x4e  Code  Gb  Sensor8_IIC_Init3.o [1]
Sensor8_IIC3_Pin_Init   0x080008f7   0x14  Code  Gb  Sensor8_IIC_Init3.o [1]
Sensor8_IIC3_SCL_Read   0x0800095f    0xc  Code  Gb  Sensor8_IIC_Init3.o [1]
Sensor8_IIC3_SDA_Read   0x08000953    0xc  Code  Gb  Sensor8_IIC_Init3.o [1]
Sensor8_IIC3_Set_SCL_High
                        0x08000923    0xc  Code  Gb  Sensor8_IIC_Init3.o [1]
Sensor8_IIC3_Set_SCL_Low
                        0x0800092f    0xc  Code  Gb  Sensor8_IIC_Init3.o [1]
Sensor8_IIC3_Set_SDA_High
                        0x0800090b    0xc  Code  Gb  Sensor8_IIC_Init3.o [1]
Sensor8_IIC3_Set_SDA_Input
                        0x0800093b    0xc  Code  Gb  Sensor8_IIC_Init3.o [1]
Sensor8_IIC3_Set_SDA_Low
                        0x08000917    0xc  Code  Gb  Sensor8_IIC_Init3.o [1]
Sensor8_IIC3_Set_SDA_Output
                        0x08000947    0xc  Code  Gb  Sensor8_IIC_Init3.o [1]
Sensor8_IIC3_s          0x20001120   0x28  Data  Gb  Global.o [1]
Sensor8_IIC4_Delay_us   0x080009e5    0xa  Code  Gb  Sensor8_IIC_Init4.o [1]
Sensor8_IIC4_Init       0x08000a77   0x4e  Code  Gb  Sensor8_IIC_Init4.o [1]
Sensor8_IIC4_Pin_Init   0x080009ef   0x18  Code  Gb  Sensor8_IIC_Init4.o [1]
Sensor8_IIC4_SCL_Read   0x08000a69    0xe  Code  Gb  Sensor8_IIC_Init4.o [1]
Sensor8_IIC4_SDA_Read   0x08000a5b    0xe  Code  Gb  Sensor8_IIC_Init4.o [1]
Sensor8_IIC4_Set_SCL_High
                        0x08000a23    0xe  Code  Gb  Sensor8_IIC_Init4.o [1]
Sensor8_IIC4_Set_SCL_Low
                        0x08000a31    0xe  Code  Gb  Sensor8_IIC_Init4.o [1]
Sensor8_IIC4_Set_SDA_High
                        0x08000a07    0xe  Code  Gb  Sensor8_IIC_Init4.o [1]
Sensor8_IIC4_Set_SDA_Input
                        0x08000a3f    0xe  Code  Gb  Sensor8_IIC_Init4.o [1]
Sensor8_IIC4_Set_SDA_Low
                        0x08000a15    0xe  Code  Gb  Sensor8_IIC_Init4.o [1]
Sensor8_IIC4_Set_SDA_Output
                        0x08000a4d    0xe  Code  Gb  Sensor8_IIC_Init4.o [1]
Sensor8_IIC4_s          0x20001148   0x28  Data  Gb  Global.o [1]
Sensor8_IIC5_Delay_us   0x08000af1    0xa  Code  Gb  Sensor8_IIC_Init5.o [1]
Sensor8_IIC5_Init       0x08000b8d   0x4e  Code  Gb  Sensor8_IIC_Init5.o [1]
Sensor8_IIC5_Pin_Init   0x08000afb   0x28  Code  Gb  Sensor8_IIC_Init5.o [1]
Sensor8_IIC5_SCL_Read   0x08000b81    0xc  Code  Gb  Sensor8_IIC_Init5.o [1]
Sensor8_IIC5_SDA_Read   0x08000b73    0xe  Code  Gb  Sensor8_IIC_Init5.o [1]
Sensor8_IIC5_Set_SCL_High
                        0x08000b3f    0xc  Code  Gb  Sensor8_IIC_Init5.o [1]
Sensor8_IIC5_Set_SCL_Low
                        0x08000b4b    0xc  Code  Gb  Sensor8_IIC_Init5.o [1]
Sensor8_IIC5_Set_SDA_High
                        0x08000b23    0xe  Code  Gb  Sensor8_IIC_Init5.o [1]
Sensor8_IIC5_Set_SDA_Input
                        0x08000b57    0xe  Code  Gb  Sensor8_IIC_Init5.o [1]
Sensor8_IIC5_Set_SDA_Low
                        0x08000b31    0xe  Code  Gb  Sensor8_IIC_Init5.o [1]
Sensor8_IIC5_Set_SDA_Output
                        0x08000b65    0xe  Code  Gb  Sensor8_IIC_Init5.o [1]
Sensor8_IIC5_s          0x20001170   0x28  Data  Gb  Global.o [1]
Sensor8_IIC6_Delay_us   0x08000c0d    0xa  Code  Gb  Sensor8_IIC_Init6.o [1]
Sensor8_IIC6_Init       0x08000ca3   0x4e  Code  Gb  Sensor8_IIC_Init6.o [1]
Sensor8_IIC6_Pin_Init   0x08000c17   0x26  Code  Gb  Sensor8_IIC_Init6.o [1]
Sensor8_IIC6_SCL_Read   0x08000c95    0xe  Code  Gb  Sensor8_IIC_Init6.o [1]
Sensor8_IIC6_SDA_Read   0x08000c89    0xc  Code  Gb  Sensor8_IIC_Init6.o [1]
Sensor8_IIC6_Set_SCL_High
                        0x08000c55    0xe  Code  Gb  Sensor8_IIC_Init6.o [1]
Sensor8_IIC6_Set_SCL_Low
                        0x08000c63    0xe  Code  Gb  Sensor8_IIC_Init6.o [1]
Sensor8_IIC6_Set_SDA_High
                        0x08000c3d    0xc  Code  Gb  Sensor8_IIC_Init6.o [1]
Sensor8_IIC6_Set_SDA_Input
                        0x08000c71    0xc  Code  Gb  Sensor8_IIC_Init6.o [1]
Sensor8_IIC6_Set_SDA_Low
                        0x08000c49    0xc  Code  Gb  Sensor8_IIC_Init6.o [1]
Sensor8_IIC6_Set_SDA_Output
                        0x08000c7d    0xc  Code  Gb  Sensor8_IIC_Init6.o [1]
Sensor8_IIC6_s          0x20001198   0x28  Data  Gb  Global.o [1]
Sensor8_IIC7_Delay_us   0x08000d21    0xa  Code  Gb  Sensor8_IIC_Init7.o [1]
Sensor8_IIC7_Init       0x08000d9f   0x4e  Code  Gb  Sensor8_IIC_Init7.o [1]
Sensor8_IIC7_Pin_Init   0x08000d2b   0x14  Code  Gb  Sensor8_IIC_Init7.o [1]
Sensor8_IIC7_SCL_Read   0x08000d93    0xc  Code  Gb  Sensor8_IIC_Init7.o [1]
Sensor8_IIC7_SDA_Read   0x08000d87    0xc  Code  Gb  Sensor8_IIC_Init7.o [1]
Sensor8_IIC7_Set_SCL_High
                        0x08000d57    0xc  Code  Gb  Sensor8_IIC_Init7.o [1]
Sensor8_IIC7_Set_SCL_Low
                        0x08000d63    0xc  Code  Gb  Sensor8_IIC_Init7.o [1]
Sensor8_IIC7_Set_SDA_High
                        0x08000d3f    0xc  Code  Gb  Sensor8_IIC_Init7.o [1]
Sensor8_IIC7_Set_SDA_Input
                        0x08000d6f    0xc  Code  Gb  Sensor8_IIC_Init7.o [1]
Sensor8_IIC7_Set_SDA_Low
                        0x08000d4b    0xc  Code  Gb  Sensor8_IIC_Init7.o [1]
Sensor8_IIC7_Set_SDA_Output
                        0x08000d7b    0xc  Code  Gb  Sensor8_IIC_Init7.o [1]
Sensor8_IIC7_s          0x200011c0   0x28  Data  Gb  Global.o [1]
Sensor8_IIC_Delay_us    0x080005e5    0xa  Code  Gb  Sensor8_IIC_Init.o [1]
Sensor8_IIC_Init        0x08000665   0x4e  Code  Gb  Sensor8_IIC_Init.o [1]
Sensor8_IIC_Pin_Init    0x080005ef   0x16  Code  Gb  Sensor8_IIC_Init.o [1]
Sensor8_IIC_SCL_Read    0x08000659    0xc  Code  Gb  Sensor8_IIC_Init.o [1]
Sensor8_IIC_SDA_Read    0x0800064d    0xc  Code  Gb  Sensor8_IIC_Init.o [1]
Sensor8_IIC_Set_SCL_High
                        0x0800061d    0xc  Code  Gb  Sensor8_IIC_Init.o [1]
Sensor8_IIC_Set_SCL_Low
                        0x08000629    0xc  Code  Gb  Sensor8_IIC_Init.o [1]
Sensor8_IIC_Set_SDA_High
                        0x08000605    0xc  Code  Gb  Sensor8_IIC_Init.o [1]
Sensor8_IIC_Set_SDA_Input
                        0x08000635    0xc  Code  Gb  Sensor8_IIC_Init.o [1]
Sensor8_IIC_Set_SDA_Low
                        0x08000611    0xc  Code  Gb  Sensor8_IIC_Init.o [1]
Sensor8_IIC_Set_SDA_Output
                        0x08000641    0xc  Code  Gb  Sensor8_IIC_Init.o [1]
Sensor8_IIC_s           0x200010a8   0x28  Data  Gb  Global.o [1]
SetSysClock             0x08002175    0x8  Code  Lc  system_stm32f10x.o [1]
SetSysClockTo72         0x0800217d   0xe0  Code  Lc  system_stm32f10x.o [1]
Sgpc10_Get_Data         0x08000ec9   0x86  Code  Gb  Sgpc10_Driver.o [1]
Sgpc10_Init_Air_Quality
                        0x08000ea3   0x26  Code  Gb  Sgpc10_Driver.o [1]
Sgpc10_Read_Register    0x08000e3d   0x66  Code  Gb  Sgpc10_Driver.o [1]
SysTick_Handler         0x080023e9    0x8  Code  Gb  stm32f10x_it.o [1]
Sys_Init                0x08000131  0x104  Code  Gb  main.o [1]
SystemInit              0x08002121   0x54  Code  Gb  system_stm32f10x.o [1]
System_Time_Delay       0x200011e8    0x2  Data  Gb  Global.o [1]
Timer_Handler           0x080022b9   0x32  Code  Gb  Sys_Timer.o [1]
USART1_Config           0x080012d5   0x78  Code  Gb  bsp_usart1.o [1]
USART_Cmd               0x08001f3d   0x1c  Code  Gb  stm32f10x_usart.o [1]
USART_GetFlagStatus     0x08001f61   0x1a  Code  Gb  stm32f10x_usart.o [1]
USART_Init              0x08001e7d   0xba  Code  Gb  stm32f10x_usart.o [1]
USART_SendData          0x08001f59    0x8  Code  Gb  stm32f10x_usart.o [1]
UsageFault_Handler      0x080023e1    0x2  Code  Gb  stm32f10x_it.o [1]
_PrintfTiny             0x08001619  0x136  Code  Gb  xprintftiny.o [3]
_Prout                  0x080023f1   0x16  Code  Gb  xprout.o [3]
__aeabi_d2f             0x08001b11         Code  Gb  DblToFlt.o [4]
__aeabi_dadd            0x08001d95         Code  Gb  DblAdd.o [4]
__aeabi_ddiv            0x080018b9         Code  Gb  DblDiv.o [4]
__aeabi_dmul            0x08001ba1         Code  Gb  DblMul.o [4]
__aeabi_f2d             0x08001d45         Code  Gb  FltToDbl.o [4]
__aeabi_ui2d            0x0800189d         Code  Gb  I32ToDbl.o [4]
__cmain                 0x08002395         Code  Gb  cmain.o [5]
__exit                  0x080023c5   0x14  Code  Gb  exit.o [6]
__iar_Stdout            0x20000014   0x40  Data  Gb  xfiles.o [3]
__iar_dadd              0x08001da9         Code  Gb  DblAdd.o [4]
__iar_data_init3        0x0800232d   0x28  Code  Gb  data_init.o [5]
__iar_dsub              0x08001fb5         Code  Gb  DblSub.o [4]
__iar_dsubStart         0x08001fc7         Code  Gb  DblSub.o [4]
__iar_packbits_init_single3
                        0x080022f5   0x38  Code  Gb  packbits_init_single.o [5]
__iar_program_start     0x08002431         Code  Gb  cstartup_M.o [5]
__iar_ui2d              0x080018a1         Code  Gb  I32ToDbl.o [4]
__iar_zero_init3        0x08002279   0x40  Code  Gb  zero_init3.o [5]
__low_level_init        0x080023af    0x4  Code  Gb  low_level_init.o [3]
__vector_table          0x08000000         Data  Gb  startup_stm32f10x_hd.o [1]
_call_main              0x080023a1         Code  Gb  cmain.o [5]
_exit                   0x080023b9         Code  Gb  cexit.o [5]
_main                   0x080023ab         Code  Gb  cmain.o [5]
exit                    0x080023b3    0x4  Code  Gb  exit.o [3]
fputc                   0x0800134d   0x20  Code  Gb  bsp_usart1.o [1]
main                    0x0800058b   0x16  Code  Gb  main.o [1]
obuf                    0x20001058   0x50  Data  Lc  xfiles.o [3]
out                     0x08001601   0x18  Code  Lc  xprintftiny.o [3]
printf                  0x08000e19   0x24  Code  Gb  printf.o [3]
putchar                 0x08002409    0xc  Code  Gb  putchar.o [3]
sensirion_common_check_crc
                        0x0800178f   0x1a  Code  Gb  sensirion_common.o [1]
sensirion_common_generate_crc
                        0x0800174f   0x40  Code  Gb  sensirion_common.o [1]
strlen                  0x08001f7d         Code  Gb  strlen.o [5]


[1] = D:\Workspace\STM32_Sensor8\EWARM\Debug\Obj
[2] = command line
[3] = dl7M_tlf.a
[4] = m7M_tl.a
[5] = rt7M_tl.a
[6] = shb_l.a

  9 476 bytes of readonly  code memory
    129 bytes of readonly  data memory
  4 582 bytes of readwrite data memory

Errors: none
Warnings: none
