###############################################################################
#
# IAR ELF Linker V7.80.4.12462/W32 for ARM                13/Apr/2017  15:08:01
# Copyright 2007-2017 IAR Systems AB.
#
#    Output file  =  
#        D:\Workspace\STM32_Sensor8\EWARM\Debug\Exe\STM32_Sensor8.out
#    Map file     =  
#        D:\Workspace\STM32_Sensor8\EWARM\Debug\List\STM32_Sensor8.map
#    Command line =  
#        D:\Workspace\STM32_Sensor8\EWARM\Debug\Obj\BH1721_Driver.o
#        D:\Workspace\STM32_Sensor8\EWARM\Debug\Obj\bsp_usart1.o
#        D:\Workspace\STM32_Sensor8\EWARM\Debug\Obj\Global.o
#        D:\Workspace\STM32_Sensor8\EWARM\Debug\Obj\main.o
#        D:\Workspace\STM32_Sensor8\EWARM\Debug\Obj\misc.o
#        D:\Workspace\STM32_Sensor8\EWARM\Debug\Obj\sensirion_common.o
#        D:\Workspace\STM32_Sensor8\EWARM\Debug\Obj\sensirion_configuration.o
#        D:\Workspace\STM32_Sensor8\EWARM\Debug\Obj\Sensor8_IIC_Init.o
#        D:\Workspace\STM32_Sensor8\EWARM\Debug\Obj\Sensor8_IIC_Init1.o
#        D:\Workspace\STM32_Sensor8\EWARM\Debug\Obj\Sensor8_IIC_Init2.o
#        D:\Workspace\STM32_Sensor8\EWARM\Debug\Obj\Sensor8_IIC_Init3.o
#        D:\Workspace\STM32_Sensor8\EWARM\Debug\Obj\Sensor8_IIC_Init4.o
#        D:\Workspace\STM32_Sensor8\EWARM\Debug\Obj\Sensor8_IIC_Init5.o
#        D:\Workspace\STM32_Sensor8\EWARM\Debug\Obj\Sensor8_IIC_Init6.o
#        D:\Workspace\STM32_Sensor8\EWARM\Debug\Obj\Sensor8_IIC_Init7.o
#        D:\Workspace\STM32_Sensor8\EWARM\Debug\Obj\Sgpc10_Driver.o
#        D:\Workspace\STM32_Sensor8\EWARM\Debug\Obj\sgpc1x.o
#        D:\Workspace\STM32_Sensor8\EWARM\Debug\Obj\sgpc1x_featureset.o
#        D:\Workspace\STM32_Sensor8\EWARM\Debug\Obj\SHT30_Driver.o
#        D:\Workspace\STM32_Sensor8\EWARM\Debug\Obj\SHT30_Init.o
#        D:\Workspace\STM32_Sensor8\EWARM\Debug\Obj\startup_stm32f10x_hd.o
#        D:\Workspace\STM32_Sensor8\EWARM\Debug\Obj\stm32f10x_gpio.o
#        D:\Workspace\STM32_Sensor8\EWARM\Debug\Obj\stm32f10x_it.o
#        D:\Workspace\STM32_Sensor8\EWARM\Debug\Obj\stm32f10x_rcc.o
#        D:\Workspace\STM32_Sensor8\EWARM\Debug\Obj\stm32f10x_usart.o
#        D:\Workspace\STM32_Sensor8\EWARM\Debug\Obj\sw_i2c.o
#        D:\Workspace\STM32_Sensor8\EWARM\Debug\Obj\SW_IIC.o
#        D:\Workspace\STM32_Sensor8\EWARM\Debug\Obj\Sys_Timer.o
#        D:\Workspace\STM32_Sensor8\EWARM\Debug\Obj\system_stm32f10x.o -o
#        D:\Workspace\STM32_Sensor8\EWARM\Debug\Exe\STM32_Sensor8.out --map
#        D:\Workspace\STM32_Sensor8\EWARM\Debug\List\STM32_Sensor8.map --config
#        D:\IAR\arm\config\linker\ST\stm32f103xE.icf --semihosting --entry
#        __iar_program_start --vfe
#
###############################################################################

*******************************************************************************
*** RUNTIME MODEL ATTRIBUTES
***

CppFlavor       = *
__SystemLibrary = DLib


*******************************************************************************
*** PLACEMENT SUMMARY
***

"A0":  place at 0x08000000 { ro section .intvec };
"P1":  place in [from 0x08000000 to 0x0807ffff] { ro };
"P2":  place in [from 0x20000000 to 0x2000ffff] { rw, block CSTACK, block HEAP };
initialize by copy { rw };

  Section            Kind        Address    Size  Object
  -------            ----        -------    ----  ------
"A0":                                      0x130
  .intvec            ro code  0x08000000   0x130  startup_stm32f10x_hd.o [1]
                            - 0x08000130   0x130

"P1":                                     0x1a15
  .text              ro code  0x08000130   0x3e4  main.o [1]
  .text              ro code  0x08000514    0xfc  Sensor8_IIC_Init.o [1]
  .text              ro code  0x08000610   0x100  Sensor8_IIC_Init1.o [1]
  .text              ro code  0x08000710   0x10c  Sensor8_IIC_Init2.o [1]
  .text              ro code  0x0800081c    0xf8  Sensor8_IIC_Init3.o [1]
  .text              ro code  0x08000914   0x10c  Sensor8_IIC_Init4.o [1]
  .text              ro code  0x08000a20   0x11c  Sensor8_IIC_Init5.o [1]
  .text              ro code  0x08000b3c   0x114  Sensor8_IIC_Init6.o [1]
  .text              ro code  0x08000c50    0xf8  Sensor8_IIC_Init7.o [1]
  .text              ro code  0x08000d48    0x24  printf.o [3]
  .text              ro code  0x08000d6c   0x112  Sgpc10_Driver.o [1]
  .text              ro code  0x08000e7e    0x60  Global.o [1]
  .text              ro code  0x08000ee0    0xe2  stm32f10x_gpio.o [1]
  .text              ro code  0x08000fc4    0xa0  bsp_usart1.o [1]
  .text              ro code  0x08001064   0x28c  SW_IIC.o [1]
  .text              ro code  0x080012f0   0x14e  xprintftiny.o [3]
  .text              ro code  0x0800143e    0x5a  sensirion_common.o [1]
  .text              ro code  0x08001498    0xf4  stm32f10x_rcc.o [1]
  .text              ro code  0x0800158c    0xfe  stm32f10x_usart.o [1]
  .text              ro code  0x0800168c    0x36  strlen.o [5]
  .text              ro code  0x080016c4   0x158  system_stm32f10x.o [1]
  .text              ro code  0x0800181c    0x40  zero_init3.o [5]
  .text              ro code  0x0800185c    0x3c  Sys_Timer.o [1]
  .text              ro code  0x08001898    0x38  packbits_init_single.o [5]
  .text              ro code  0x080018d0    0x28  data_init.o [5]
  .iar.init_table    const    0x080018f8    0x20  - Linker created -
  .rodata            const    0x08001918    0x20  main.o [1]
  .rodata            const    0x08001938    0x1c  main.o [1]
  .text              ro code  0x08001954    0x1a  cmain.o [5]
  .text              ro code  0x0800196e     0x4  low_level_init.o [3]
  .text              ro code  0x08001972     0x4  exit.o [3]
  .text              ro code  0x08001978     0xa  cexit.o [5]
  .text              ro code  0x08001984    0x14  exit.o [6]
  .text              ro code  0x08001998    0x18  stm32f10x_it.o [1]
  .text              ro code  0x080019b0    0x16  xprout.o [3]
  .text              ro code  0x080019c8     0xc  putchar.o [3]
  .text              ro code  0x080019d4    0x10  startup_stm32f10x_hd.o [1]
  .rodata            const    0x080019e4     0xc  main.o [1]
  .text              ro code  0x080019f0     0xc  cstartup_M.o [5]
  .text              ro code  0x080019fc     0x4  startup_stm32f10x_hd.o [1]
  .text              ro code  0x08001a00     0x4  startup_stm32f10x_hd.o [1]
  .text              ro code  0x08001a04     0x4  startup_stm32f10x_hd.o [1]
  .text              ro code  0x08001a08     0x4  startup_stm32f10x_hd.o [1]
  .text              ro code  0x08001a0c     0x4  startup_stm32f10x_hd.o [1]
  .text              ro code  0x08001a10     0x4  startup_stm32f10x_hd.o [1]
  .text              ro code  0x08001a14     0x4  startup_stm32f10x_hd.o [1]
  .text              ro code  0x08001a18     0x4  startup_stm32f10x_hd.o [1]
  .text              ro code  0x08001a1c     0x4  startup_stm32f10x_hd.o [1]
  .text              ro code  0x08001a20     0x4  startup_stm32f10x_hd.o [1]
  .text              ro code  0x08001a24     0x4  startup_stm32f10x_hd.o [1]
  .text              ro code  0x08001a28     0x4  startup_stm32f10x_hd.o [1]
  .text              ro code  0x08001a2c     0x4  startup_stm32f10x_hd.o [1]
  .text              ro code  0x08001a30     0x4  startup_stm32f10x_hd.o [1]
  .text              ro code  0x08001a34     0x4  startup_stm32f10x_hd.o [1]
  .text              ro code  0x08001a38     0x4  startup_stm32f10x_hd.o [1]
  .text              ro code  0x08001a3c     0x4  startup_stm32f10x_hd.o [1]
  .text              ro code  0x08001a40     0x4  startup_stm32f10x_hd.o [1]
  .text              ro code  0x08001a44     0x4  startup_stm32f10x_hd.o [1]
  .text              ro code  0x08001a48     0x4  startup_stm32f10x_hd.o [1]
  .text              ro code  0x08001a4c     0x4  startup_stm32f10x_hd.o [1]
  .text              ro code  0x08001a50     0x4  startup_stm32f10x_hd.o [1]
  .text              ro code  0x08001a54     0x4  startup_stm32f10x_hd.o [1]
  .text              ro code  0x08001a58     0x4  startup_stm32f10x_hd.o [1]
  .text              ro code  0x08001a5c     0x4  startup_stm32f10x_hd.o [1]
  .text              ro code  0x08001a60     0x4  startup_stm32f10x_hd.o [1]
  .text              ro code  0x08001a64     0x4  startup_stm32f10x_hd.o [1]
  .text              ro code  0x08001a68     0x4  startup_stm32f10x_hd.o [1]
  .text              ro code  0x08001a6c     0x4  startup_stm32f10x_hd.o [1]
  .text              ro code  0x08001a70     0x4  startup_stm32f10x_hd.o [1]
  .text              ro code  0x08001a74     0x4  startup_stm32f10x_hd.o [1]
  .text              ro code  0x08001a78     0x4  startup_stm32f10x_hd.o [1]
  .text              ro code  0x08001a7c     0x4  startup_stm32f10x_hd.o [1]
  .text              ro code  0x08001a80     0x4  startup_stm32f10x_hd.o [1]
  .text              ro code  0x08001a84     0x4  startup_stm32f10x_hd.o [1]
  .text              ro code  0x08001a88     0x4  startup_stm32f10x_hd.o [1]
  .text              ro code  0x08001a8c     0x4  startup_stm32f10x_hd.o [1]
  .text              ro code  0x08001a90     0x4  startup_stm32f10x_hd.o [1]
  .text              ro code  0x08001a94     0x4  startup_stm32f10x_hd.o [1]
  .text              ro code  0x08001a98     0x4  startup_stm32f10x_hd.o [1]
  .text              ro code  0x08001a9c     0x4  startup_stm32f10x_hd.o [1]
  .text              ro code  0x08001aa0     0x4  startup_stm32f10x_hd.o [1]
  .text              ro code  0x08001aa4     0x4  startup_stm32f10x_hd.o [1]
  .text              ro code  0x08001aa8     0x4  startup_stm32f10x_hd.o [1]
  .text              ro code  0x08001aac     0x4  startup_stm32f10x_hd.o [1]
  .text              ro code  0x08001ab0     0x4  startup_stm32f10x_hd.o [1]
  .text              ro code  0x08001ab4     0x4  startup_stm32f10x_hd.o [1]
  .text              ro code  0x08001ab8     0x4  startup_stm32f10x_hd.o [1]
  .text              ro code  0x08001abc     0x4  startup_stm32f10x_hd.o [1]
  .text              ro code  0x08001ac0     0x4  startup_stm32f10x_hd.o [1]
  .text              ro code  0x08001ac4     0x4  startup_stm32f10x_hd.o [1]
  .text              ro code  0x08001ac8     0x4  startup_stm32f10x_hd.o [1]
  .text              ro code  0x08001acc     0x4  startup_stm32f10x_hd.o [1]
  .text              ro code  0x08001ad0     0x4  startup_stm32f10x_hd.o [1]
  .text              ro code  0x08001ad4     0x4  startup_stm32f10x_hd.o [1]
  .text              ro code  0x08001ad8     0x4  startup_stm32f10x_hd.o [1]
  .text              ro code  0x08001adc     0x4  startup_stm32f10x_hd.o [1]
  .text              ro code  0x08001ae0     0x4  startup_stm32f10x_hd.o [1]
  .text              ro code  0x08001ae4     0x4  startup_stm32f10x_hd.o [1]
  .text              ro code  0x08001ae8     0x4  startup_stm32f10x_hd.o [1]
  .text              ro code  0x08001aec     0x4  startup_stm32f10x_hd.o [1]
  .text              ro code  0x08001af0     0x4  startup_stm32f10x_hd.o [1]
  .text              ro code  0x08001af4     0x4  startup_stm32f10x_hd.o [1]
  .text              ro code  0x08001af8     0x4  startup_stm32f10x_hd.o [1]
  .text              ro code  0x08001afc     0x4  startup_stm32f10x_hd.o [1]
  .text              ro code  0x08001b00     0x4  startup_stm32f10x_hd.o [1]
  .text              ro code  0x08001b04     0x4  startup_stm32f10x_hd.o [1]
  .text              ro code  0x08001b08     0x4  startup_stm32f10x_hd.o [1]
  .text              ro code  0x08001b0c     0x4  startup_stm32f10x_hd.o [1]
  .rodata            const    0x08001b10     0x0  zero_init3.o [5]
  .rodata            const    0x08001b10     0x0  packbits_init_single.o [5]
  Initializer bytes  const    0x08001b10    0x35  <for P2-1>
                            - 0x08001b45  0x1a15

"P2", part 1 of 3:                          0x54
  P2-1                        0x20000000    0x54  <Init block>
    .data            inited   0x20000000    0x10  stm32f10x_rcc.o [1]
    .data            inited   0x20000010     0x4  stm32f10x_rcc.o [1]
    .data            inited   0x20000014    0x40  xfiles.o [3]
                            - 0x20000054    0x54

"P2", part 2 of 3:                        0x1000
  CSTACK                      0x20000058  0x1000  <Block>
    CSTACK           uninit   0x20000058  0x1000  <Block tail>
                            - 0x20001058  0x1000

"P2", part 3 of 3:                         0x194
  .bss               zero     0x20001058    0x50  xfiles.o [3]
  .bss               zero     0x200010a8    0x28  Global.o [1]
  .bss               zero     0x200010d0    0x28  Global.o [1]
  .bss               zero     0x200010f8    0x28  Global.o [1]
  .bss               zero     0x20001120    0x28  Global.o [1]
  .bss               zero     0x20001148    0x28  Global.o [1]
  .bss               zero     0x20001170    0x28  Global.o [1]
  .bss               zero     0x20001198    0x28  Global.o [1]
  .bss               zero     0x200011c0    0x28  Global.o [1]
  .bss               zero     0x200011e8     0x2  Global.o [1]
                            - 0x200011ea   0x192


*******************************************************************************
*** INIT TABLE
***

          Address     Size
          -------     ----
Zero (__iar_zero_init3)
    1 destination range, total size 0x192:
          0x20001058  0x192

Copy/packbits (__iar_packbits_init_single3)
    1 source range, total size 0x35 (63% of destination):
          0x08001b10   0x35
    1 destination range, total size 0x54:
          0x20000000   0x54



*******************************************************************************
*** MODULE SUMMARY
***

    Module                  ro code  ro data  rw data
    ------                  -------  -------  -------
D:\Workspace\STM32_Sensor8\EWARM\Debug\Obj: [1]
    Global.o                     96               322
    SW_IIC.o                    652
    Sensor8_IIC_Init.o          252
    Sensor8_IIC_Init1.o         256
    Sensor8_IIC_Init2.o         268
    Sensor8_IIC_Init3.o         248
    Sensor8_IIC_Init4.o         268
    Sensor8_IIC_Init5.o         284
    Sensor8_IIC_Init6.o         276
    Sensor8_IIC_Init7.o         248
    Sgpc10_Driver.o             274
    Sys_Timer.o                  60
    bsp_usart1.o                160
    main.o                      996       72
    sensirion_common.o           90
    startup_stm32f10x_hd.o      596
    stm32f10x_gpio.o            226
    stm32f10x_it.o               24
    stm32f10x_rcc.o             244       12       20
    stm32f10x_usart.o           254
    system_stm32f10x.o          344
    -------------------------------------------------
    Total:                    6 116       84      342

command line: [2]
    -------------------------------------------------
    Total:

dl7M_tlf.a: [3]
    exit.o                        4
    low_level_init.o              4
    printf.o                     36
    putchar.o                    12
    xfiles.o                              41      144
    xprintftiny.o               334
    xprout.o                     22
    -------------------------------------------------
    Total:                      412       41      144

m7M_tl.a: [4]
    -------------------------------------------------
    Total:

rt7M_tl.a: [5]
    cexit.o                      10
    cmain.o                      26
    cstartup_M.o                 12
    data_init.o                  40
    packbits_init_single.o       56
    strlen.o                     54
    zero_init3.o                 64
    -------------------------------------------------
    Total:                      262

shb_l.a: [6]
    exit.o                       20
    -------------------------------------------------
    Total:                       20

    Gaps                         14
    Linker created                        32    4 096
-----------------------------------------------------
    Grand Total:              6 824      157    4 582


*******************************************************************************
*** ENTRY LIST
***

Entry                      Address   Size  Type      Object
-----                      -------   ----  ----      ------
.iar.init_table$$Base   0x080018f8          --   Gb  - Linker created -
.iar.init_table$$Limit  0x08001918          --   Gb  - Linker created -
?main                   0x08001955         Code  Gb  cmain.o [5]
ADCPrescTable           0x20000010    0x4  Data  Lc  stm32f10x_rcc.o [1]
APBAHBPrescTable        0x20000000   0x10  Data  Lc  stm32f10x_rcc.o [1]
BusFault_Handler        0x0800199f    0x2  Code  Gb  stm32f10x_it.o [1]
CSTACK$$Base            0x20000058          --   Gb  - Linker created -
CSTACK$$Limit           0x20001058          --   Gb  - Linker created -
DebugMon_Handler        0x080019a5    0x2  Code  Gb  stm32f10x_it.o [1]
GPIO_Init               0x08000ee1   0xc0  Code  Gb  stm32f10x_gpio.o [1]
GPIO_Pin_Config         0x08000e7f   0x26  Code  Gb  Global.o [1]
GPIO_ReadInputDataBit   0x08000fa1   0x16  Code  Gb  stm32f10x_gpio.o [1]
GPIO_ResetBits          0x08000fbd    0x6  Code  Gb  stm32f10x_gpio.o [1]
GPIO_SetBits            0x08000fb7    0x6  Code  Gb  stm32f10x_gpio.o [1]
HardFault_Handler       0x0800199b    0x2  Code  Gb  stm32f10x_it.o [1]
IIC8_Test               0x08000217  0x2a0  Code  Gb  main.o [1]
MemManage_Handler       0x0800199d    0x2  Code  Gb  stm32f10x_it.o [1]
NMI_Handler             0x08001999    0x2  Code  Gb  stm32f10x_it.o [1]
PendSV_Handler          0x080019a7    0x2  Code  Gb  stm32f10x_it.o [1]
RCC_APB2PeriphClockCmd  0x08001553   0x20  Code  Gb  stm32f10x_rcc.o [1]
RCC_GetClocksFreq       0x08001499   0xba  Code  Gb  stm32f10x_rcc.o [1]
Region$$Table$$Base     0x080018f8          --   Gb  - Linker created -
Region$$Table$$Limit    0x08001918          --   Gb  - Linker created -
STM32_Delay_ms          0x08000ec1   0x1e  Code  Gb  Global.o [1]
STM32_Delay_us          0x08000ea5   0x1c  Code  Gb  Global.o [1]
SVC_Handler             0x080019a3    0x2  Code  Gb  stm32f10x_it.o [1]
SW_IIC_Init             0x08001065   0x5e  Code  Gb  SW_IIC.o [1]
SW_IIC_Read_Byte        0x080011c5   0x84  Code  Gb  SW_IIC.o [1]
SW_IIC_Start            0x080010f7   0x2e  Code  Gb  SW_IIC.o [1]
SW_IIC_Stop             0x08001125   0x26  Code  Gb  SW_IIC.o [1]
SW_IIC_Transfer         0x08001249   0xa8  Code  Gb  SW_IIC.o [1]
SW_IIC_Wait_SCL_Turn_High
                        0x080010c3   0x34  Code  Lc  SW_IIC.o [1]
SW_IIC_Write_Byte       0x0800114b   0x7a  Code  Gb  SW_IIC.o [1]
Sensor8_IIC1_Delay_us   0x08000611    0xa  Code  Gb  Sensor8_IIC_Init1.o [1]
Sensor8_IIC1_Init       0x08000697   0x4e  Code  Gb  Sensor8_IIC_Init1.o [1]
Sensor8_IIC1_Pin_Init   0x0800061b   0x16  Code  Gb  Sensor8_IIC_Init1.o [1]
Sensor8_IIC1_SCL_Read   0x08000689    0xe  Code  Gb  Sensor8_IIC_Init1.o [1]
Sensor8_IIC1_SDA_Read   0x0800067d    0xc  Code  Gb  Sensor8_IIC_Init1.o [1]
Sensor8_IIC1_Set_SCL_High
                        0x08000649    0xe  Code  Gb  Sensor8_IIC_Init1.o [1]
Sensor8_IIC1_Set_SCL_Low
                        0x08000657    0xe  Code  Gb  Sensor8_IIC_Init1.o [1]
Sensor8_IIC1_Set_SDA_High
                        0x08000631    0xc  Code  Gb  Sensor8_IIC_Init1.o [1]
Sensor8_IIC1_Set_SDA_Input
                        0x08000665    0xc  Code  Gb  Sensor8_IIC_Init1.o [1]
Sensor8_IIC1_Set_SDA_Low
                        0x0800063d    0xc  Code  Gb  Sensor8_IIC_Init1.o [1]
Sensor8_IIC1_Set_SDA_Output
                        0x08000671    0xc  Code  Gb  Sensor8_IIC_Init1.o [1]
Sensor8_IIC1_s          0x200010d0   0x28  Data  Gb  Global.o [1]
Sensor8_IIC2_Delay_us   0x08000711    0xa  Code  Gb  Sensor8_IIC_Init2.o [1]
Sensor8_IIC2_Init       0x080007a1   0x4e  Code  Gb  Sensor8_IIC_Init2.o [1]
Sensor8_IIC2_Pin_Init   0x0800071b   0x16  Code  Gb  Sensor8_IIC_Init2.o [1]
Sensor8_IIC2_SCL_Read   0x08000793    0xe  Code  Gb  Sensor8_IIC_Init2.o [1]
Sensor8_IIC2_SDA_Read   0x08000785    0xe  Code  Gb  Sensor8_IIC_Init2.o [1]
Sensor8_IIC2_Set_SCL_High
                        0x0800074d    0xe  Code  Gb  Sensor8_IIC_Init2.o [1]
Sensor8_IIC2_Set_SCL_Low
                        0x0800075b    0xe  Code  Gb  Sensor8_IIC_Init2.o [1]
Sensor8_IIC2_Set_SDA_High
                        0x08000731    0xe  Code  Gb  Sensor8_IIC_Init2.o [1]
Sensor8_IIC2_Set_SDA_Input
                        0x08000769    0xe  Code  Gb  Sensor8_IIC_Init2.o [1]
Sensor8_IIC2_Set_SDA_Low
                        0x0800073f    0xe  Code  Gb  Sensor8_IIC_Init2.o [1]
Sensor8_IIC2_Set_SDA_Output
                        0x08000777    0xe  Code  Gb  Sensor8_IIC_Init2.o [1]
Sensor8_IIC2_s          0x200010f8   0x28  Data  Gb  Global.o [1]
Sensor8_IIC3_Delay_us   0x0800081d    0xa  Code  Gb  Sensor8_IIC_Init3.o [1]
Sensor8_IIC3_Init       0x0800089b   0x4e  Code  Gb  Sensor8_IIC_Init3.o [1]
Sensor8_IIC3_Pin_Init   0x08000827   0x14  Code  Gb  Sensor8_IIC_Init3.o [1]
Sensor8_IIC3_SCL_Read   0x0800088f    0xc  Code  Gb  Sensor8_IIC_Init3.o [1]
Sensor8_IIC3_SDA_Read   0x08000883    0xc  Code  Gb  Sensor8_IIC_Init3.o [1]
Sensor8_IIC3_Set_SCL_High
                        0x08000853    0xc  Code  Gb  Sensor8_IIC_Init3.o [1]
Sensor8_IIC3_Set_SCL_Low
                        0x0800085f    0xc  Code  Gb  Sensor8_IIC_Init3.o [1]
Sensor8_IIC3_Set_SDA_High
                        0x0800083b    0xc  Code  Gb  Sensor8_IIC_Init3.o [1]
Sensor8_IIC3_Set_SDA_Input
                        0x0800086b    0xc  Code  Gb  Sensor8_IIC_Init3.o [1]
Sensor8_IIC3_Set_SDA_Low
                        0x08000847    0xc  Code  Gb  Sensor8_IIC_Init3.o [1]
Sensor8_IIC3_Set_SDA_Output
                        0x08000877    0xc  Code  Gb  Sensor8_IIC_Init3.o [1]
Sensor8_IIC3_s          0x20001120   0x28  Data  Gb  Global.o [1]
Sensor8_IIC4_Delay_us   0x08000915    0xa  Code  Gb  Sensor8_IIC_Init4.o [1]
Sensor8_IIC4_Init       0x080009a7   0x4e  Code  Gb  Sensor8_IIC_Init4.o [1]
Sensor8_IIC4_Pin_Init   0x0800091f   0x18  Code  Gb  Sensor8_IIC_Init4.o [1]
Sensor8_IIC4_SCL_Read   0x08000999    0xe  Code  Gb  Sensor8_IIC_Init4.o [1]
Sensor8_IIC4_SDA_Read   0x0800098b    0xe  Code  Gb  Sensor8_IIC_Init4.o [1]
Sensor8_IIC4_Set_SCL_High
                        0x08000953    0xe  Code  Gb  Sensor8_IIC_Init4.o [1]
Sensor8_IIC4_Set_SCL_Low
                        0x08000961    0xe  Code  Gb  Sensor8_IIC_Init4.o [1]
Sensor8_IIC4_Set_SDA_High
                        0x08000937    0xe  Code  Gb  Sensor8_IIC_Init4.o [1]
Sensor8_IIC4_Set_SDA_Input
                        0x0800096f    0xe  Code  Gb  Sensor8_IIC_Init4.o [1]
Sensor8_IIC4_Set_SDA_Low
                        0x08000945    0xe  Code  Gb  Sensor8_IIC_Init4.o [1]
Sensor8_IIC4_Set_SDA_Output
                        0x0800097d    0xe  Code  Gb  Sensor8_IIC_Init4.o [1]
Sensor8_IIC4_s          0x20001148   0x28  Data  Gb  Global.o [1]
Sensor8_IIC5_Delay_us   0x08000a21    0xa  Code  Gb  Sensor8_IIC_Init5.o [1]
Sensor8_IIC5_Init       0x08000abd   0x4e  Code  Gb  Sensor8_IIC_Init5.o [1]
Sensor8_IIC5_Pin_Init   0x08000a2b   0x28  Code  Gb  Sensor8_IIC_Init5.o [1]
Sensor8_IIC5_SCL_Read   0x08000ab1    0xc  Code  Gb  Sensor8_IIC_Init5.o [1]
Sensor8_IIC5_SDA_Read   0x08000aa3    0xe  Code  Gb  Sensor8_IIC_Init5.o [1]
Sensor8_IIC5_Set_SCL_High
                        0x08000a6f    0xc  Code  Gb  Sensor8_IIC_Init5.o [1]
Sensor8_IIC5_Set_SCL_Low
                        0x08000a7b    0xc  Code  Gb  Sensor8_IIC_Init5.o [1]
Sensor8_IIC5_Set_SDA_High
                        0x08000a53    0xe  Code  Gb  Sensor8_IIC_Init5.o [1]
Sensor8_IIC5_Set_SDA_Input
                        0x08000a87    0xe  Code  Gb  Sensor8_IIC_Init5.o [1]
Sensor8_IIC5_Set_SDA_Low
                        0x08000a61    0xe  Code  Gb  Sensor8_IIC_Init5.o [1]
Sensor8_IIC5_Set_SDA_Output
                        0x08000a95    0xe  Code  Gb  Sensor8_IIC_Init5.o [1]
Sensor8_IIC5_s          0x20001170   0x28  Data  Gb  Global.o [1]
Sensor8_IIC6_Delay_us   0x08000b3d    0xa  Code  Gb  Sensor8_IIC_Init6.o [1]
Sensor8_IIC6_Init       0x08000bd3   0x4e  Code  Gb  Sensor8_IIC_Init6.o [1]
Sensor8_IIC6_Pin_Init   0x08000b47   0x26  Code  Gb  Sensor8_IIC_Init6.o [1]
Sensor8_IIC6_SCL_Read   0x08000bc5    0xe  Code  Gb  Sensor8_IIC_Init6.o [1]
Sensor8_IIC6_SDA_Read   0x08000bb9    0xc  Code  Gb  Sensor8_IIC_Init6.o [1]
Sensor8_IIC6_Set_SCL_High
                        0x08000b85    0xe  Code  Gb  Sensor8_IIC_Init6.o [1]
Sensor8_IIC6_Set_SCL_Low
                        0x08000b93    0xe  Code  Gb  Sensor8_IIC_Init6.o [1]
Sensor8_IIC6_Set_SDA_High
                        0x08000b6d    0xc  Code  Gb  Sensor8_IIC_Init6.o [1]
Sensor8_IIC6_Set_SDA_Input
                        0x08000ba1    0xc  Code  Gb  Sensor8_IIC_Init6.o [1]
Sensor8_IIC6_Set_SDA_Low
                        0x08000b79    0xc  Code  Gb  Sensor8_IIC_Init6.o [1]
Sensor8_IIC6_Set_SDA_Output
                        0x08000bad    0xc  Code  Gb  Sensor8_IIC_Init6.o [1]
Sensor8_IIC6_s          0x20001198   0x28  Data  Gb  Global.o [1]
Sensor8_IIC7_Delay_us   0x08000c51    0xa  Code  Gb  Sensor8_IIC_Init7.o [1]
Sensor8_IIC7_Init       0x08000ccf   0x4e  Code  Gb  Sensor8_IIC_Init7.o [1]
Sensor8_IIC7_Pin_Init   0x08000c5b   0x14  Code  Gb  Sensor8_IIC_Init7.o [1]
Sensor8_IIC7_SCL_Read   0x08000cc3    0xc  Code  Gb  Sensor8_IIC_Init7.o [1]
Sensor8_IIC7_SDA_Read   0x08000cb7    0xc  Code  Gb  Sensor8_IIC_Init7.o [1]
Sensor8_IIC7_Set_SCL_High
                        0x08000c87    0xc  Code  Gb  Sensor8_IIC_Init7.o [1]
Sensor8_IIC7_Set_SCL_Low
                        0x08000c93    0xc  Code  Gb  Sensor8_IIC_Init7.o [1]
Sensor8_IIC7_Set_SDA_High
                        0x08000c6f    0xc  Code  Gb  Sensor8_IIC_Init7.o [1]
Sensor8_IIC7_Set_SDA_Input
                        0x08000c9f    0xc  Code  Gb  Sensor8_IIC_Init7.o [1]
Sensor8_IIC7_Set_SDA_Low
                        0x08000c7b    0xc  Code  Gb  Sensor8_IIC_Init7.o [1]
Sensor8_IIC7_Set_SDA_Output
                        0x08000cab    0xc  Code  Gb  Sensor8_IIC_Init7.o [1]
Sensor8_IIC7_s          0x200011c0   0x28  Data  Gb  Global.o [1]
Sensor8_IIC_Delay_us    0x08000515    0xa  Code  Gb  Sensor8_IIC_Init.o [1]
Sensor8_IIC_Init        0x08000595   0x4e  Code  Gb  Sensor8_IIC_Init.o [1]
Sensor8_IIC_Pin_Init    0x0800051f   0x16  Code  Gb  Sensor8_IIC_Init.o [1]
Sensor8_IIC_SCL_Read    0x08000589    0xc  Code  Gb  Sensor8_IIC_Init.o [1]
Sensor8_IIC_SDA_Read    0x0800057d    0xc  Code  Gb  Sensor8_IIC_Init.o [1]
Sensor8_IIC_Set_SCL_High
                        0x0800054d    0xc  Code  Gb  Sensor8_IIC_Init.o [1]
Sensor8_IIC_Set_SCL_Low
                        0x08000559    0xc  Code  Gb  Sensor8_IIC_Init.o [1]
Sensor8_IIC_Set_SDA_High
                        0x08000535    0xc  Code  Gb  Sensor8_IIC_Init.o [1]
Sensor8_IIC_Set_SDA_Input
                        0x08000565    0xc  Code  Gb  Sensor8_IIC_Init.o [1]
Sensor8_IIC_Set_SDA_Low
                        0x08000541    0xc  Code  Gb  Sensor8_IIC_Init.o [1]
Sensor8_IIC_Set_SDA_Output
                        0x08000571    0xc  Code  Gb  Sensor8_IIC_Init.o [1]
Sensor8_IIC_s           0x200010a8   0x28  Data  Gb  Global.o [1]
SetSysClock             0x08001719    0x8  Code  Lc  system_stm32f10x.o [1]
SetSysClockTo72         0x08001721   0xe0  Code  Lc  system_stm32f10x.o [1]
Sgpc10_Get_Data         0x08000df9   0x86  Code  Gb  Sgpc10_Driver.o [1]
Sgpc10_Init_Air_Quality
                        0x08000dd3   0x26  Code  Gb  Sgpc10_Driver.o [1]
Sgpc10_Read_Register    0x08000d6d   0x66  Code  Gb  Sgpc10_Driver.o [1]
SysTick_Handler         0x080019a9    0x8  Code  Gb  stm32f10x_it.o [1]
Sys_Init                0x08000131   0xe6  Code  Gb  main.o [1]
SystemInit              0x080016c5   0x54  Code  Gb  system_stm32f10x.o [1]
System_Time_Delay       0x200011e8    0x2  Data  Gb  Global.o [1]
Timer_Handler           0x0800185d   0x32  Code  Gb  Sys_Timer.o [1]
USART1_Config           0x08000fc5   0x78  Code  Gb  bsp_usart1.o [1]
USART_Cmd               0x0800164d   0x1c  Code  Gb  stm32f10x_usart.o [1]
USART_GetFlagStatus     0x08001671   0x1a  Code  Gb  stm32f10x_usart.o [1]
USART_Init              0x0800158d   0xba  Code  Gb  stm32f10x_usart.o [1]
USART_SendData          0x08001669    0x8  Code  Gb  stm32f10x_usart.o [1]
UsageFault_Handler      0x080019a1    0x2  Code  Gb  stm32f10x_it.o [1]
_PrintfTiny             0x08001309  0x136  Code  Gb  xprintftiny.o [3]
_Prout                  0x080019b1   0x16  Code  Gb  xprout.o [3]
__cmain                 0x08001955         Code  Gb  cmain.o [5]
__exit                  0x08001985   0x14  Code  Gb  exit.o [6]
__iar_Stdout            0x20000014   0x40  Data  Gb  xfiles.o [3]
__iar_data_init3        0x080018d1   0x28  Code  Gb  data_init.o [5]
__iar_packbits_init_single3
                        0x08001899   0x38  Code  Gb  packbits_init_single.o [5]
__iar_program_start     0x080019f1         Code  Gb  cstartup_M.o [5]
__iar_zero_init3        0x0800181d   0x40  Code  Gb  zero_init3.o [5]
__low_level_init        0x0800196f    0x4  Code  Gb  low_level_init.o [3]
__vector_table          0x08000000         Data  Gb  startup_stm32f10x_hd.o [1]
_call_main              0x08001961         Code  Gb  cmain.o [5]
_exit                   0x08001979         Code  Gb  cexit.o [5]
_main                   0x0800196b         Code  Gb  cmain.o [5]
exit                    0x08001973    0x4  Code  Gb  exit.o [3]
fputc                   0x0800103d   0x20  Code  Gb  bsp_usart1.o [1]
main                    0x080004b7   0x16  Code  Gb  main.o [1]
obuf                    0x20001058   0x50  Data  Lc  xfiles.o [3]
out                     0x080012f1   0x18  Code  Lc  xprintftiny.o [3]
printf                  0x08000d49   0x24  Code  Gb  printf.o [3]
putchar                 0x080019c9    0xc  Code  Gb  putchar.o [3]
sensirion_common_check_crc
                        0x0800147f   0x1a  Code  Gb  sensirion_common.o [1]
sensirion_common_generate_crc
                        0x0800143f   0x40  Code  Gb  sensirion_common.o [1]
strlen                  0x0800168d         Code  Gb  strlen.o [5]


[1] = D:\Workspace\STM32_Sensor8\EWARM\Debug\Obj
[2] = command line
[3] = dl7M_tlf.a
[4] = m7M_tl.a
[5] = rt7M_tl.a
[6] = shb_l.a

  6 824 bytes of readonly  code memory
    157 bytes of readonly  data memory
  4 582 bytes of readwrite data memory

Errors: none
Warnings: none
