###############################################################################
#
# IAR ELF Linker V7.80.4.12462/W32 for ARM                30/Mar/2017  19:33:53
# Copyright 2007-2017 IAR Systems AB.
#
#    Output file  =  
#        D:\Workspace\STM32_Sensor8\EWARM\Debug\Exe\STM32_Sensor8.out
#    Map file     =  
#        D:\Workspace\STM32_Sensor8\EWARM\Debug\List\STM32_Sensor8.map
#    Command line =  
#        D:\Workspace\STM32_Sensor8\EWARM\Debug\Obj\BH1721_Driver.o
#        D:\Workspace\STM32_Sensor8\EWARM\Debug\Obj\bsp_usart1.o
#        D:\Workspace\STM32_Sensor8\EWARM\Debug\Obj\Global.o
#        D:\Workspace\STM32_Sensor8\EWARM\Debug\Obj\GPIO_LED.o
#        D:\Workspace\STM32_Sensor8\EWARM\Debug\Obj\main.o
#        D:\Workspace\STM32_Sensor8\EWARM\Debug\Obj\misc.o
#        D:\Workspace\STM32_Sensor8\EWARM\Debug\Obj\sensirion_common.o
#        D:\Workspace\STM32_Sensor8\EWARM\Debug\Obj\sensirion_configuration.o
#        D:\Workspace\STM32_Sensor8\EWARM\Debug\Obj\Sensor8_IIC_Init.o
#        D:\Workspace\STM32_Sensor8\EWARM\Debug\Obj\Sensor8_IIC_Init1.o
#        D:\Workspace\STM32_Sensor8\EWARM\Debug\Obj\Sensor8_IIC_Init2.o
#        D:\Workspace\STM32_Sensor8\EWARM\Debug\Obj\Sensor8_IIC_Init3.o
#        D:\Workspace\STM32_Sensor8\EWARM\Debug\Obj\Sensor8_IIC_Init4.o
#        D:\Workspace\STM32_Sensor8\EWARM\Debug\Obj\Sensor8_IIC_Init5.o
#        D:\Workspace\STM32_Sensor8\EWARM\Debug\Obj\Sensor8_IIC_Init6.o
#        D:\Workspace\STM32_Sensor8\EWARM\Debug\Obj\Sensor8_IIC_Init7.o
#        D:\Workspace\STM32_Sensor8\EWARM\Debug\Obj\sgpc1x.o
#        D:\Workspace\STM32_Sensor8\EWARM\Debug\Obj\sgpc1x_featureset.o
#        D:\Workspace\STM32_Sensor8\EWARM\Debug\Obj\SHT30_Driver.o
#        D:\Workspace\STM32_Sensor8\EWARM\Debug\Obj\SHT30_Init.o
#        D:\Workspace\STM32_Sensor8\EWARM\Debug\Obj\startup_stm32f10x_hd.o
#        D:\Workspace\STM32_Sensor8\EWARM\Debug\Obj\stm32f10x_gpio.o
#        D:\Workspace\STM32_Sensor8\EWARM\Debug\Obj\stm32f10x_it.o
#        D:\Workspace\STM32_Sensor8\EWARM\Debug\Obj\stm32f10x_rcc.o
#        D:\Workspace\STM32_Sensor8\EWARM\Debug\Obj\stm32f10x_usart.o
#        D:\Workspace\STM32_Sensor8\EWARM\Debug\Obj\sw_i2c.o
#        D:\Workspace\STM32_Sensor8\EWARM\Debug\Obj\SW_IIC.o
#        D:\Workspace\STM32_Sensor8\EWARM\Debug\Obj\system_stm32f10x.o -o
#        D:\Workspace\STM32_Sensor8\EWARM\Debug\Exe\STM32_Sensor8.out --map
#        D:\Workspace\STM32_Sensor8\EWARM\Debug\List\STM32_Sensor8.map --config
#        D:\IAR\arm\config\linker\ST\stm32f103xE.icf --semihosting --entry
#        __iar_program_start --vfe
#
###############################################################################

*******************************************************************************
*** RUNTIME MODEL ATTRIBUTES
***

CppFlavor       = *
__SystemLibrary = DLib


*******************************************************************************
*** PLACEMENT SUMMARY
***

"A0":  place at 0x08000000 { ro section .intvec };
"P1":  place in [from 0x08000000 to 0x0807ffff] { ro };
"P2":  place in [from 0x20000000 to 0x2000ffff] { rw, block CSTACK, block HEAP };
initialize by copy { rw };

  Section             Kind        Address    Size  Object
  -------             ----        -------    ----  ------
"A0":                                       0x130
  .intvec             ro code  0x08000000   0x130  startup_stm32f10x_hd.o [1]
                             - 0x08000130   0x130

"P1":                                      0x2bce
  .text               ro code  0x08000130   0xdbe  xprintffull_nomb.o [3]
  .rodata             const    0x08000eee     0x1  sgpc1x.o [1]
  .text               ro code  0x08000ef0    0x16  strchr.o [5]
  .text               ro code  0x08000f08    0x36  strlen.o [5]
  .text               ro code  0x08000f40    0x58  memchr.o [5]
  .text               ro code  0x08000f98    0xee  I64DivMod.o [5]
  .text               ro code  0x08001088    0x76  ABImemcpy_unaligned.o [5]
  .text               ro code  0x080010fe    0x44  xdnorm.o [4]
  .text               ro code  0x08001144    0x2e  DblCmpLe.o [4]
  .text               ro code  0x08001174    0x2e  DblCmpGe.o [4]
  .text               ro code  0x080011a4   0x10c  xdscale.o [4]
  .text               ro code  0x080012b0    0x58  DblToI32.o [4]
  .text               ro code  0x08001308    0x30  I32ToDbl.o [4]
  .text               ro code  0x08001338   0x180  DblSub.o [4]
  .text               ro code  0x080014b8   0x1a2  DblMul.o [4]
  .text               ro code  0x0800165c   0x256  DblDiv.o [4]
  .text               ro code  0x080018b4    0x6c  localeconv.o [3]
  .text               ro code  0x08001920     0xe  div.o [3]
  .text               ro code  0x08001930     0x2  I64DivZer.o [5]
  .text               ro code  0x08001934    0xd4  DblAdd.o [4]
  .text               ro code  0x08001a08     0x2  xtls.o [3]
  .text               ro code  0x08001a0c   0x3ec  sgpc1x.o [1]
  .text               ro code  0x08001df8   0x1bc  sw_i2c.o [1]
  .text               ro code  0x08001fb4    0x5a  sensirion_common.o [1]
  .text               ro code  0x08002010    0x6e  sensirion_configuration.o [1]
  .text               ro code  0x08002080    0x24  printf.o [3]
  .text               ro code  0x080020a4    0x60  Global.o [1]
  .text               ro code  0x08002104    0xe2  stm32f10x_gpio.o [1]
  .text               ro code  0x080021e8    0xf4  stm32f10x_rcc.o [1]
  .text               ro code  0x080022dc   0x158  system_stm32f10x.o [1]
  .text               ro code  0x08002434   0x11c  sgpc1x_featureset.o [1]
  .text               ro code  0x08002550    0x22  I64Shl.o [5]
  .text               ro code  0x08002574    0xfe  stm32f10x_usart.o [1]
  .text               ro code  0x08002674    0xa0  bsp_usart1.o [1]
  .text               ro code  0x08002714    0x70  main.o [1]
  .text               ro code  0x08002784    0x40  zero_init3.o [5]
  .text               ro code  0x080027c4    0x38  packbits_init_single.o [5]
  .rodata             const    0x080027fc    0x30  sgpc1x_featureset.o [1]
  .rodata             const    0x0800282c    0x30  sgpc1x_featureset.o [1]
  .rodata             const    0x0800285c    0x30  sgpc1x_featureset.o [1]
  .rodata             const    0x0800288c    0x30  sgpc1x_featureset.o [1]
  .rodata             const    0x080028bc    0x30  sgpc1x_featureset.o [1]
  .text               ro code  0x080028ec    0x28  data_init.o [5]
  .rodata             const    0x08002914    0x24  main.o [1]
  .rodata             const    0x08002938    0x24  sgpc1x_featureset.o [1]
  .rodata             const    0x0800295c    0x24  sgpc1x_featureset.o [1]
  .rodata             const    0x08002980    0x24  sgpc1x_featureset.o [1]
  .rodata             const    0x080029a4    0x24  sgpc1x_featureset.o [1]
  .rodata             const    0x080029c8    0x24  sgpc1x_featureset.o [1]
  .rodata             const    0x080029ec    0x24  sgpc1x_featureset.o [1]
  .iar.init_table     const    0x08002a10    0x20  - Linker created -
  .rodata             const    0x08002a30    0x1c  main.o [1]
  .rodata             const    0x08002a4c    0x1c  main.o [1]
  .text               ro code  0x08002a68    0x1a  cmain.o [5]
  .text               ro code  0x08002a82     0x4  low_level_init.o [3]
  .text               ro code  0x08002a86     0x4  exit.o [3]
  .text               ro code  0x08002a8c     0xa  cexit.o [5]
  .text               ro code  0x08002a98    0x14  exit.o [6]
  .text               ro code  0x08002aac    0x16  xprout.o [3]
  .text               ro code  0x08002ac4     0xc  putchar.o [3]
  .rodata             const    0x08002ad0    0x14  sgpc1x.o [1]
  .text               ro code  0x08002ae4    0x12  stm32f10x_it.o [1]
  .text               ro code  0x08002af8    0x10  startup_stm32f10x_hd.o [1]
  .rodata             const    0x08002b08     0xc  main.o [1]
  .text               ro code  0x08002b14     0xc  cstartup_M.o [5]
  .rodata             const    0x08002b20     0x8  sgpc1x.o [1]
  .rodata             const    0x08002b28     0x8  sgpc1x_featureset.o [1]
  .rodata             const    0x08002b30     0x4  sgpc1x.o [1]
  .rodata             const    0x08002b34     0x4  sgpc1x.o [1]
  .rodata             const    0x08002b38     0x4  sgpc1x.o [1]
  .text               ro code  0x08002b3c     0x4  startup_stm32f10x_hd.o [1]
  .text               ro code  0x08002b40     0x4  startup_stm32f10x_hd.o [1]
  .text               ro code  0x08002b44     0x4  startup_stm32f10x_hd.o [1]
  .text               ro code  0x08002b48     0x4  startup_stm32f10x_hd.o [1]
  .text               ro code  0x08002b4c     0x4  startup_stm32f10x_hd.o [1]
  .text               ro code  0x08002b50     0x4  startup_stm32f10x_hd.o [1]
  .text               ro code  0x08002b54     0x4  startup_stm32f10x_hd.o [1]
  .text               ro code  0x08002b58     0x4  startup_stm32f10x_hd.o [1]
  .text               ro code  0x08002b5c     0x4  startup_stm32f10x_hd.o [1]
  .text               ro code  0x08002b60     0x4  startup_stm32f10x_hd.o [1]
  .text               ro code  0x08002b64     0x4  startup_stm32f10x_hd.o [1]
  .text               ro code  0x08002b68     0x4  startup_stm32f10x_hd.o [1]
  .text               ro code  0x08002b6c     0x4  startup_stm32f10x_hd.o [1]
  .text               ro code  0x08002b70     0x4  startup_stm32f10x_hd.o [1]
  .text               ro code  0x08002b74     0x4  startup_stm32f10x_hd.o [1]
  .text               ro code  0x08002b78     0x4  startup_stm32f10x_hd.o [1]
  .text               ro code  0x08002b7c     0x4  startup_stm32f10x_hd.o [1]
  .text               ro code  0x08002b80     0x4  startup_stm32f10x_hd.o [1]
  .text               ro code  0x08002b84     0x4  startup_stm32f10x_hd.o [1]
  .text               ro code  0x08002b88     0x4  startup_stm32f10x_hd.o [1]
  .text               ro code  0x08002b8c     0x4  startup_stm32f10x_hd.o [1]
  .text               ro code  0x08002b90     0x4  startup_stm32f10x_hd.o [1]
  .text               ro code  0x08002b94     0x4  startup_stm32f10x_hd.o [1]
  .text               ro code  0x08002b98     0x4  startup_stm32f10x_hd.o [1]
  .text               ro code  0x08002b9c     0x4  startup_stm32f10x_hd.o [1]
  .text               ro code  0x08002ba0     0x4  startup_stm32f10x_hd.o [1]
  .text               ro code  0x08002ba4     0x4  startup_stm32f10x_hd.o [1]
  .text               ro code  0x08002ba8     0x4  startup_stm32f10x_hd.o [1]
  .text               ro code  0x08002bac     0x4  startup_stm32f10x_hd.o [1]
  .text               ro code  0x08002bb0     0x4  startup_stm32f10x_hd.o [1]
  .text               ro code  0x08002bb4     0x4  startup_stm32f10x_hd.o [1]
  .text               ro code  0x08002bb8     0x4  startup_stm32f10x_hd.o [1]
  .text               ro code  0x08002bbc     0x4  startup_stm32f10x_hd.o [1]
  .text               ro code  0x08002bc0     0x4  startup_stm32f10x_hd.o [1]
  .text               ro code  0x08002bc4     0x4  startup_stm32f10x_hd.o [1]
  .text               ro code  0x08002bc8     0x4  startup_stm32f10x_hd.o [1]
  .text               ro code  0x08002bcc     0x4  startup_stm32f10x_hd.o [1]
  .text               ro code  0x08002bd0     0x4  startup_stm32f10x_hd.o [1]
  .text               ro code  0x08002bd4     0x4  startup_stm32f10x_hd.o [1]
  .text               ro code  0x08002bd8     0x4  startup_stm32f10x_hd.o [1]
  .text               ro code  0x08002bdc     0x4  startup_stm32f10x_hd.o [1]
  .text               ro code  0x08002be0     0x4  startup_stm32f10x_hd.o [1]
  .text               ro code  0x08002be4     0x4  startup_stm32f10x_hd.o [1]
  .text               ro code  0x08002be8     0x4  startup_stm32f10x_hd.o [1]
  .text               ro code  0x08002bec     0x4  startup_stm32f10x_hd.o [1]
  .text               ro code  0x08002bf0     0x4  startup_stm32f10x_hd.o [1]
  .text               ro code  0x08002bf4     0x4  startup_stm32f10x_hd.o [1]
  .text               ro code  0x08002bf8     0x4  startup_stm32f10x_hd.o [1]
  .text               ro code  0x08002bfc     0x4  startup_stm32f10x_hd.o [1]
  .text               ro code  0x08002c00     0x4  startup_stm32f10x_hd.o [1]
  .text               ro code  0x08002c04     0x4  startup_stm32f10x_hd.o [1]
  .text               ro code  0x08002c08     0x4  startup_stm32f10x_hd.o [1]
  .text               ro code  0x08002c0c     0x4  startup_stm32f10x_hd.o [1]
  .text               ro code  0x08002c10     0x4  startup_stm32f10x_hd.o [1]
  .text               ro code  0x08002c14     0x4  startup_stm32f10x_hd.o [1]
  .text               ro code  0x08002c18     0x4  startup_stm32f10x_hd.o [1]
  .text               ro code  0x08002c1c     0x4  startup_stm32f10x_hd.o [1]
  .text               ro code  0x08002c20     0x4  startup_stm32f10x_hd.o [1]
  .text               ro code  0x08002c24     0x4  startup_stm32f10x_hd.o [1]
  .text               ro code  0x08002c28     0x4  startup_stm32f10x_hd.o [1]
  .text               ro code  0x08002c2c     0x4  startup_stm32f10x_hd.o [1]
  .text               ro code  0x08002c30     0x4  startup_stm32f10x_hd.o [1]
  .text               ro code  0x08002c34     0x4  startup_stm32f10x_hd.o [1]
  .text               ro code  0x08002c38     0x4  startup_stm32f10x_hd.o [1]
  .text               ro code  0x08002c3c     0x4  startup_stm32f10x_hd.o [1]
  .text               ro code  0x08002c40     0x4  startup_stm32f10x_hd.o [1]
  .text               ro code  0x08002c44     0x4  startup_stm32f10x_hd.o [1]
  .text               ro code  0x08002c48     0x4  startup_stm32f10x_hd.o [1]
  .text               ro code  0x08002c4c     0x4  startup_stm32f10x_hd.o [1]
  .rodata             const    0x08002c50     0x0  zero_init3.o [5]
  .rodata             const    0x08002c50     0x0  packbits_init_single.o [5]
  Initializer bytes   const    0x08002c50    0xae  <for P2-1>
                             - 0x08002cfe  0x2bce

"P2", part 1 of 3:                          0x14c
  P2-1                         0x20000000   0x14c  <Init block>
    .data             inited   0x20000000     0x4  sgpc1x_featureset.o [1]
    .data             inited   0x20000004    0x40  sgpc1x_featureset.o [1]
    .data             inited   0x20000044     0x8  sgpc1x_featureset.o [1]
    .data             inited   0x2000004c     0x8  sgpc1x_featureset.o [1]
    .data             inited   0x20000054     0x8  sgpc1x_featureset.o [1]
    .data             inited   0x2000005c    0x14  sgpc1x_featureset.o [1]
    .data             inited   0x20000070    0x10  stm32f10x_rcc.o [1]
    .data             inited   0x20000080     0x4  stm32f10x_rcc.o [1]
    .data             inited   0x20000084    0x40  xfiles.o [3]
    __DLIB_PERTHREAD  inited   0x200000c4    0x88  localeconv.o [3]
                             - 0x2000014c   0x14c

"P2", part 2 of 3:                         0x1000
  CSTACK                       0x20000150  0x1000  <Block>
    CSTACK            uninit   0x20000150  0x1000  <Block tail>
                             - 0x20001150  0x1000

"P2", part 3 of 3:                          0x678
  .bss                zero     0x20001150   0x628  sgpc1x.o [1]
  .bss                zero     0x20001778    0x50  xfiles.o [3]
                             - 0x200017c8   0x678


*******************************************************************************
*** INIT TABLE
***

          Address     Size
          -------     ----
Zero (__iar_zero_init3)
    1 destination range, total size 0x678:
          0x20001150  0x678

Copy/packbits (__iar_packbits_init_single3)
    1 source range, total size 0xae (52% of destination):
          0x08002c50   0xae
    1 destination range, total size 0x14c:
          0x20000000  0x14c



*******************************************************************************
*** MODULE SUMMARY
***

    Module                     ro code  ro data  rw data
    ------                     -------  -------  -------
D:\Workspace\STM32_Sensor8\EWARM\Debug\Obj: [1]
    Global.o                        96
    bsp_usart1.o                   160
    main.o                         112      104
    sensirion_common.o              90
    sensirion_configuration.o      110
    sgpc1x.o                     1 004       41    1 576
    sgpc1x_featureset.o            284      522      112
    startup_stm32f10x_hd.o         596
    stm32f10x_gpio.o               226
    stm32f10x_it.o                  18
    stm32f10x_rcc.o                244       11       20
    stm32f10x_usart.o              254
    sw_i2c.o                       444
    system_stm32f10x.o             344
    ----------------------------------------------------
    Total:                       3 982      678    1 708

command line: [2]
    ----------------------------------------------------
    Total:

dl7M_tlf.a: [3]
    div.o                           14
    exit.o                           4
    localeconv.o                   108       72      136
    low_level_init.o                 4
    printf.o                        36
    putchar.o                       12
    xfiles.o                                 33      144
    xprintffull_nomb.o           3 518
    xprout.o                        22
    xtls.o                           2
    ----------------------------------------------------
    Total:                       3 720      105      280

m7M_tl.a: [4]
    DblAdd.o                       212
    DblCmpGe.o                      46
    DblCmpLe.o                      46
    DblDiv.o                       598
    DblMul.o                       418
    DblSub.o                       384
    DblToI32.o                      88
    I32ToDbl.o                      48
    xdnorm.o                        68
    xdscale.o                      268
    ----------------------------------------------------
    Total:                       2 176

rt7M_tl.a: [5]
    ABImemcpy_unaligned.o          118
    I64DivMod.o                    238
    I64DivZer.o                      2
    I64Shl.o                        34
    cexit.o                         10
    cmain.o                         26
    cstartup_M.o                    12
    data_init.o                     40
    memchr.o                        88
    packbits_init_single.o          56
    strchr.o                        22
    strlen.o                        54
    zero_init3.o                    64
    ----------------------------------------------------
    Total:                         764

shb_l.a: [6]
    exit.o                          20
    ----------------------------------------------------
    Total:                          20

    Gaps                            41
    Linker created                           32    4 096
--------------------------------------------------------
    Grand Total:                10 703      815    6 084


*******************************************************************************
*** ENTRY LIST
***

Entry                      Address   Size  Type      Object
-----                      -------   ----  ----      ------
.iar.init_table$$Base   0x08002a10          --   Gb  - Linker created -
.iar.init_table$$Limit  0x08002a30          --   Gb  - Linker created -
?main                   0x08002a69         Code  Gb  cmain.o [5]
ADCPrescTable           0x20000080    0x4  Data  Lc  stm32f10x_rcc.o [1]
APBAHBPrescTable        0x20000070   0x10  Data  Lc  stm32f10x_rcc.o [1]
BASELINE_WORD1          0x080029c8   0x24  Data  Lc  sgpc1x_featureset.o [1]
BASELINE_WORD2          0x080029ec   0x24  Data  Lc  sgpc1x_featureset.o [1]
BusFault_Handler        0x08002aeb    0x2  Code  Gb  stm32f10x_it.o [1]
CO2_EQ_PPM              0x080029a4   0x24  Data  Lc  sgpc1x_featureset.o [1]
CSTACK$$Base            0x20000150          --   Gb  - Linker created -
CSTACK$$Limit           0x20001150          --   Gb  - Linker created -
DebugMon_Handler        0x08002af1    0x2  Code  Gb  stm32f10x_it.o [1]
GPIO_Init               0x08002105   0xc0  Code  Gb  stm32f10x_gpio.o [1]
GPIO_Pin_Config         0x080020a5   0x26  Code  Gb  Global.o [1]
GPIO_ReadInputDataBit   0x080021c5   0x16  Code  Gb  stm32f10x_gpio.o [1]
GPIO_ResetBits          0x080021e1    0x6  Code  Gb  stm32f10x_gpio.o [1]
GPIO_SetBits            0x080021db    0x6  Code  Gb  stm32f10x_gpio.o [1]
HardFault_Handler       0x08002ae7    0x2  Code  Gb  stm32f10x_it.o [1]
LoadInt                 0x080006d7   0x6e  Code  Lc  xprintffull_nomb.o [3]
MemManage_Handler       0x08002ae9    0x2  Code  Gb  stm32f10x_it.o [1]
NMI_Handler             0x08002ae5    0x2  Code  Gb  stm32f10x_it.o [1]
PIXEL1                  0x08002938   0x24  Data  Lc  sgpc1x_featureset.o [1]
PIXEL3                  0x0800295c   0x24  Data  Lc  sgpc1x_featureset.o [1]
PendSV_Handler          0x08002af3    0x2  Code  Gb  stm32f10x_it.o [1]
RCC_APB2PeriphClockCmd  0x080022a3   0x20  Code  Gb  stm32f10x_rcc.o [1]
RCC_GetClocksFreq       0x080021e9   0xba  Code  Gb  stm32f10x_rcc.o [1]
Region$$Table$$Base     0x08002a10          --   Gb  - Linker created -
Region$$Table$$Limit    0x08002a30          --   Gb  - Linker created -
SGPC1X_ADDRESS          0x08000eee    0x1  Data  Lc  sgpc1x.o [1]
SGP_PROFILE_IAQ_GET_BASELINE
                        0x0800285c   0x30  Data  Lc  sgpc1x_featureset.o [1]
SGP_PROFILE_IAQ_GET_BASELINE_SIGNALS
                        0x2000004c    0x8  Data  Lc  sgpc1x_featureset.o [1]
SGP_PROFILE_IAQ_INIT    0x080027fc   0x30  Data  Lc  sgpc1x_featureset.o [1]
SGP_PROFILE_IAQ_MEASURE
                        0x0800282c   0x30  Data  Lc  sgpc1x_featureset.o [1]
SGP_PROFILE_IAQ_MEASURE_SIGNALS
                        0x20000044    0x8  Data  Lc  sgpc1x_featureset.o [1]
SGP_PROFILE_IAQ_SET_BASELINE
                        0x0800288c   0x30  Data  Lc  sgpc1x_featureset.o [1]
SGP_PROFILE_MEASURE_RAW
                        0x080028bc   0x30  Data  Lc  sgpc1x_featureset.o [1]
SGP_PROFILE_MEASURE_RAW_SIGNALS
                        0x20000054    0x8  Data  Lc  sgpc1x_featureset.o [1]
STM32_Delay_ms          0x080020e7   0x1e  Code  Gb  Global.o [1]
STM32_Delay_us          0x080020cb   0x1c  Code  Gb  Global.o [1]
SVC_Handler             0x08002aef    0x2  Code  Gb  stm32f10x_it.o [1]
SetSysClock             0x08002331    0x8  Code  Lc  system_stm32f10x.o [1]
SetSysClockTo72         0x08002339   0xe0  Code  Lc  system_stm32f10x.o [1]
SysTick_Handler         0x08002af5    0x2  Code  Gb  stm32f10x_it.o [1]
SystemInit              0x080022dd   0x54  Code  Gb  system_stm32f10x.o [1]
TVOC_PPB                0x08002980   0x24  Data  Lc  sgpc1x_featureset.o [1]
USART1_Config           0x08002675   0x78  Code  Gb  bsp_usart1.o [1]
USART_Cmd               0x08002635   0x1c  Code  Gb  stm32f10x_usart.o [1]
USART_GetFlagStatus     0x08002659   0x1a  Code  Gb  stm32f10x_usart.o [1]
USART_Init              0x08002575   0xba  Code  Gb  stm32f10x_usart.o [1]
USART_SendData          0x08002651    0x8  Code  Gb  stm32f10x_usart.o [1]
UsageFault_Handler      0x08002aed    0x2  Code  Gb  stm32f10x_it.o [1]
_GenldFullNoMb          0x08000c51  0x254  Code  Lc  xprintffull_nomb.o [3]
_LdtobFullNoMb          0x08000851  0x3fa  Code  Lc  xprintffull_nomb.o [3]
_LitobFullNoMb          0x08000745  0x10a  Code  Lc  xprintffull_nomb.o [3]
_Locale_aeabi_lconv     0x20000114   0x38  Data  Gb  localeconv.o [3]
_Locale_lconv           0x200000c4   0x50  Data  Gb  localeconv.o [3]
_PrintfFullNoMb         0x08000131  0x5a0  Code  Gb  xprintffull_nomb.o [3]
_Prout                  0x08002aad   0x16  Code  Gb  xprout.o [3]
_PutcharsFullNoMb       0x08000ea5   0x2e  Code  Lc  xprintffull_nomb.o [3]
__aeabi_cdcmple         0x08001145         Code  Gb  DblCmpLe.o [4]
__aeabi_cdrcmple        0x08001175         Code  Gb  DblCmpGe.o [4]
__aeabi_d2iz            0x080012b1         Code  Gb  DblToI32.o [4]
__aeabi_d2uiz           0x080012dd         Code  Gb  DblToI32.o [4]
__aeabi_ddiv            0x0800165d         Code  Gb  DblDiv.o [4]
__aeabi_dmul            0x080014b9         Code  Gb  DblMul.o [4]
__aeabi_dsub            0x08001339         Code  Gb  DblSub.o [4]
__aeabi_i2d             0x08001309         Code  Gb  I32ToDbl.o [4]
__aeabi_ldiv0           0x08001931         Code  Gb  I64DivZer.o [5]
__aeabi_llsl            0x08002551         Code  Gb  I64Shl.o [5]
__aeabi_ui2d            0x0800131d         Code  Gb  I32ToDbl.o [4]
__aeabi_uldivmod        0x08000f99         Code  Gb  I64DivMod.o [5]
__cmain                 0x08002a69         Code  Gb  cmain.o [5]
__exit                  0x08002a99   0x14  Code  Gb  exit.o [6]
__iar_Dnorm             0x080010ff   0x44  Code  Gb  xdnorm.o [4]
__iar_Dscale            0x080011a5  0x10c  Code  Gb  xdscale.o [4]
__iar_Locale_lconv_init
                        0x080018b5   0x3a  Code  Gb  localeconv.o [3]
__iar_Memchr            0x08000f41         Code  Gb  memchr.o [5]
__iar_Stdout            0x20000084   0x40  Data  Gb  xfiles.o [3]
__iar_Strchr            0x08000ef1         Code  Gb  strchr.o [5]
__iar_d2uiz             0x080012e9         Code  Gb  DblToI32.o [4]
__iar_dadd              0x08001935         Code  Gb  DblAdd.o [4]
__iar_data_init3        0x080028ed   0x28  Code  Gb  data_init.o [5]
__iar_dlib_perthread_access
                        0x08001a09    0x2  Code  Gb  xtls.o [3]
__iar_dsub              0x0800134d         Code  Gb  DblSub.o [4]
__iar_dsubStart         0x0800135f         Code  Gb  DblSub.o [4]
__iar_packbits_init_single3
                        0x080027c5   0x38  Code  Gb  packbits_init_single.o [5]
__iar_program_start     0x08002b15         Code  Gb  cstartup_M.o [5]
__iar_ui2d              0x08001321         Code  Gb  I32ToDbl.o [4]
__iar_unaligned___aeabi_memcpy
                        0x08001089         Code  Gb  ABImemcpy_unaligned.o [5]
__iar_unaligned___aeabi_memcpy4
                        0x080010a9         Code  Gb  ABImemcpy_unaligned.o [5]
__iar_unaligned___aeabi_memcpy8
                        0x080010a9         Code  Gb  ABImemcpy_unaligned.o [5]
__iar_zero_init3        0x08002785   0x40  Code  Gb  zero_init3.o [5]
__low_level_init        0x08002a83    0x4  Code  Gb  low_level_init.o [3]
__vector_table          0x08000000         Data  Gb  startup_stm32f10x_hd.o [1]
_call_main              0x08002a75         Code  Gb  cmain.o [5]
_exit                   0x08002a8d         Code  Gb  cexit.o [5]
_main                   0x08002a7f         Code  Gb  cmain.o [5]
client_data             0x20001150  0x628  Data  Gb  sgpc1x.o [1]
div                     0x08001921    0xe  Code  Gb  div.o [3]
do_div                  0x08002435   0x12  Code  Lc  sgpc1x_featureset.o [1]
exit                    0x08002a87    0x4  Code  Gb  exit.o [3]
fputc                   0x080026ed   0x20  Code  Gb  bsp_usart1.o [1]
localeconv              0x080018ef   0x16  Code  Gb  localeconv.o [3]
main                    0x08002715   0x60  Code  Gb  main.o [1]
memchr                  0x08000f41         Code  Gb  memchr.o [5]
obuf                    0x20001778   0x50  Data  Lc  xfiles.o [3]
printf                  0x08002081   0x24  Code  Gb  printf.o [3]
putchar                 0x08002ac5    0xc  Code  Gb  putchar.o [3]
read_measurement        0x08001b35   0x42  Code  Lc  sgpc1x.o [1]
sensirion_SCL_in        0x08002059    0xc  Code  Gb  sensirion_configuration.o [1]
sensirion_SCL_out       0x08002065    0xc  Code  Gb  sensirion_configuration.o [1]
sensirion_SDA_in        0x08002035    0xc  Code  Gb  sensirion_configuration.o [1]
sensirion_SDA_out       0x08002041    0xc  Code  Gb  sensirion_configuration.o [1]
sensirion_SDA_read      0x0800204d    0xc  Code  Gb  sensirion_configuration.o [1]
sensirion_common_check_crc
                        0x08001ff5   0x1a  Code  Gb  sensirion_common.o [1]
sensirion_common_generate_crc
                        0x08001fb5   0x40  Code  Gb  sensirion_common.o [1]
sensirion_i2c_init      0x08001fad    0x8  Code  Gb  sw_i2c.o [1]
sensirion_i2c_read      0x08001f57   0x56  Code  Gb  sw_i2c.o [1]
sensirion_i2c_read_byte
                        0x08001e5b   0x6c  Code  Lc  sw_i2c.o [1]
sensirion_i2c_start     0x08001ec7   0x18  Code  Lc  sw_i2c.o [1]
sensirion_i2c_stop      0x08001edf   0x22  Code  Lc  sw_i2c.o [1]
sensirion_i2c_write     0x08001f01   0x56  Code  Gb  sw_i2c.o [1]
sensirion_i2c_write_byte
                        0x08001df9   0x62  Code  Lc  sw_i2c.o [1]
sensirion_init_pins     0x08002011   0x24  Code  Gb  sensirion_configuration.o [1]
sensirion_sleep_usec    0x08002075    0xa  Code  Gb  sensirion_configuration.o [1]
sgp_adc_to_resistance   0x08002447   0xfe  Code  Gb  sgpc1x_featureset.o [1]
sgp_adc_to_resistance::EXPONENT_FACTOR
                        0x20000000    0x4  Data  Lc  sgpc1x_featureset.o [1]
sgp_adc_to_resistance::ROOTS_OF_2
                        0x20000004   0x40  Data  Lc  sgpc1x_featureset.o [1]
sgp_cmd_get_serial_id   0x08002b30    0x4  Data  Lc  sgpc1x.o [1]
sgp_cmd_get_status      0x08002b34    0x4  Data  Lc  sgpc1x.o [1]
sgp_cmd_get_versions    0x08002b38    0x4  Data  Lc  sgpc1x.o [1]
sgp_detect_featureset_version
                        0x08001cb5   0x32  Code  Gb  sgpc1x.o [1]
sgp_features_unknown    0x08002b20    0x8  Data  Lc  sgpc1x.o [1]
sgp_featureset          0x08002b28    0x8  Data  Gb  sgpc1x_featureset.o [1]
sgp_get_profile_by_number
                        0x08001be1   0x50  Code  Lc  sgpc1x.o [1]
sgp_get_serial_id       0x08001c7f    0xc  Code  Gb  sgpc1x.o [1]
sgp_i2c_read            0x08001a0d   0x7a  Code  Lc  sgpc1x.o [1]
sgp_i2c_read_from_cmd   0x08001b77   0x2a  Code  Lc  sgpc1x.o [1]
sgp_i2c_write           0x08001a87   0x20  Code  Lc  sgpc1x.o [1]
sgp_iaq_init            0x08001ce7    0xa  Code  Gb  sgpc1x.o [1]
sgp_measure_iaq_blocking_read
                        0x08001c57   0x28  Code  Gb  sgpc1x.o [1]
sgp_probe               0x08001cf1   0xde  Code  Gb  sgpc1x.o [1]
sgp_profiles            0x2000005c   0x14  Data  Lc  sgpc1x_featureset.o [1]
sgp_run_profile         0x08001ba1   0x40  Code  Lc  sgpc1x.o [1]
sgp_run_profile_by_number
                        0x08001c31   0x26  Code  Lc  sgpc1x.o [1]
sgp_update_status       0x08001c8b   0x2a  Code  Lc  sgpc1x.o [1]
strchr                  0x08000ef1         Code  Gb  strchr.o [5]
strlen                  0x08000f09         Code  Gb  strlen.o [5]
unpack_signals          0x08001aa7   0x8e  Code  Lc  sgpc1x.o [1]


[1] = D:\Workspace\STM32_Sensor8\EWARM\Debug\Obj
[2] = command line
[3] = dl7M_tlf.a
[4] = m7M_tl.a
[5] = rt7M_tl.a
[6] = shb_l.a

  10 703 bytes of readonly  code memory
     815 bytes of readonly  data memory
   6 084 bytes of readwrite data memory

Errors: none
Warnings: none
