###############################################################################
#
# IAR ELF Linker V7.80.4.12462/W32 for ARM                06/Apr/2017  20:02:01
# Copyright 2007-2017 IAR Systems AB.
#
#    Output file  =  
#        D:\Workspace\Goose_History_Data\EWARM\Debug\Exe\History_Data.out
#    Map file     =  
#        D:\Workspace\Goose_History_Data\EWARM\Debug\List\History_Data.map
#    Command line =  
#        D:\Workspace\Goose_History_Data\EWARM\Debug\Obj\bsp_usart1.o
#        D:\Workspace\Goose_History_Data\EWARM\Debug\Obj\Global.o
#        D:\Workspace\Goose_History_Data\EWARM\Debug\Obj\Goose_IIC_Init.o
#        D:\Workspace\Goose_History_Data\EWARM\Debug\Obj\main.o
#        D:\Workspace\Goose_History_Data\EWARM\Debug\Obj\misc.o
#        D:\Workspace\Goose_History_Data\EWARM\Debug\Obj\PCF8563_Driver.o
#        D:\Workspace\Goose_History_Data\EWARM\Debug\Obj\startup_stm32f10x_hd.o
#        D:\Workspace\Goose_History_Data\EWARM\Debug\Obj\stm32f10x_gpio.o
#        D:\Workspace\Goose_History_Data\EWARM\Debug\Obj\stm32f10x_it.o
#        D:\Workspace\Goose_History_Data\EWARM\Debug\Obj\stm32f10x_rcc.o
#        D:\Workspace\Goose_History_Data\EWARM\Debug\Obj\stm32f10x_usart.o
#        D:\Workspace\Goose_History_Data\EWARM\Debug\Obj\SW_IIC.o
#        D:\Workspace\Goose_History_Data\EWARM\Debug\Obj\system_stm32f10x.o -o
#        D:\Workspace\Goose_History_Data\EWARM\Debug\Exe\History_Data.out --map
#        D:\Workspace\Goose_History_Data\EWARM\Debug\List\History_Data.map
#        --config D:\IAR\arm\config\linker\ST\stm32f103xE.icf --semihosting
#        --entry __iar_program_start --vfe
#
###############################################################################

*******************************************************************************
*** RUNTIME MODEL ATTRIBUTES
***

CppFlavor       = *
__SystemLibrary = DLib


*******************************************************************************
*** PLACEMENT SUMMARY
***

"A0":  place at 0x08000000 { ro section .intvec };
"P1":  place in [from 0x08000000 to 0x0807ffff] { ro };
"P2":  place in [from 0x20000000 to 0x2000ffff] { rw, block CSTACK, block HEAP };
initialize by copy { rw };

  Section            Kind        Address    Size  Object
  -------            ----        -------    ----  ------
"A0":                                      0x130
  .intvec            ro code  0x08000000   0x130  startup_stm32f10x_hd.o [1]
                            - 0x08000130   0x130

"P1":                                      0xebd
  .text              ro code  0x08000130   0x28c  SW_IIC.o [1]
  .text              ro code  0x080003bc   0x158  system_stm32f10x.o [1]
  .text              ro code  0x08000514   0x14e  xprintftiny.o [3]
  .text              ro code  0x08000664    0x36  strlen.o [4]
  .text              ro code  0x0800069c   0x11c  PCF8563_Driver.o [1]
  .text              ro code  0x080007b8    0x60  Global.o [1]
  .text              ro code  0x08000818    0xf4  stm32f10x_rcc.o [1]
  .text              ro code  0x0800090c    0xe2  stm32f10x_gpio.o [1]
  .text              ro code  0x080009f0    0xfe  stm32f10x_usart.o [1]
  .text              ro code  0x08000af0    0xf8  Goose_IIC_Init.o [1]
  .text              ro code  0x08000be8    0xa0  bsp_usart1.o [1]
  .text              ro code  0x08000c88    0x5c  main.o [1]
  .text              ro code  0x08000ce4    0x24  printf.o [3]
  .text              ro code  0x08000d08    0x40  zero_init3.o [4]
  .rodata            const    0x08000d48    0x38  main.o [1]
  .text              ro code  0x08000d80    0x38  packbits_init_single.o [4]
  .text              ro code  0x08000db8    0x28  data_init.o [4]
  .iar.init_table    const    0x08000de0    0x20  - Linker created -
  .text              ro code  0x08000e00    0x1a  cmain.o [4]
  .text              ro code  0x08000e1a     0x4  low_level_init.o [3]
  .text              ro code  0x08000e1e     0x4  exit.o [3]
  .text              ro code  0x08000e24     0xa  cexit.o [4]
  .text              ro code  0x08000e30    0x14  exit.o [5]
  .text              ro code  0x08000e44    0x16  xprout.o [3]
  .text              ro code  0x08000e5c     0xc  putchar.o [3]
  .text              ro code  0x08000e68    0x12  stm32f10x_it.o [1]
  .text              ro code  0x08000e7c    0x10  startup_stm32f10x_hd.o [1]
  .rodata            const    0x08000e8c     0xc  main.o [1]
  .text              ro code  0x08000e98     0xc  cstartup_M.o [4]
  .text              ro code  0x08000ea4     0x4  startup_stm32f10x_hd.o [1]
  .text              ro code  0x08000ea8     0x4  startup_stm32f10x_hd.o [1]
  .text              ro code  0x08000eac     0x4  startup_stm32f10x_hd.o [1]
  .text              ro code  0x08000eb0     0x4  startup_stm32f10x_hd.o [1]
  .text              ro code  0x08000eb4     0x4  startup_stm32f10x_hd.o [1]
  .text              ro code  0x08000eb8     0x4  startup_stm32f10x_hd.o [1]
  .text              ro code  0x08000ebc     0x4  startup_stm32f10x_hd.o [1]
  .text              ro code  0x08000ec0     0x4  startup_stm32f10x_hd.o [1]
  .text              ro code  0x08000ec4     0x4  startup_stm32f10x_hd.o [1]
  .text              ro code  0x08000ec8     0x4  startup_stm32f10x_hd.o [1]
  .text              ro code  0x08000ecc     0x4  startup_stm32f10x_hd.o [1]
  .text              ro code  0x08000ed0     0x4  startup_stm32f10x_hd.o [1]
  .text              ro code  0x08000ed4     0x4  startup_stm32f10x_hd.o [1]
  .text              ro code  0x08000ed8     0x4  startup_stm32f10x_hd.o [1]
  .text              ro code  0x08000edc     0x4  startup_stm32f10x_hd.o [1]
  .text              ro code  0x08000ee0     0x4  startup_stm32f10x_hd.o [1]
  .text              ro code  0x08000ee4     0x4  startup_stm32f10x_hd.o [1]
  .text              ro code  0x08000ee8     0x4  startup_stm32f10x_hd.o [1]
  .text              ro code  0x08000eec     0x4  startup_stm32f10x_hd.o [1]
  .text              ro code  0x08000ef0     0x4  startup_stm32f10x_hd.o [1]
  .text              ro code  0x08000ef4     0x4  startup_stm32f10x_hd.o [1]
  .text              ro code  0x08000ef8     0x4  startup_stm32f10x_hd.o [1]
  .text              ro code  0x08000efc     0x4  startup_stm32f10x_hd.o [1]
  .text              ro code  0x08000f00     0x4  startup_stm32f10x_hd.o [1]
  .text              ro code  0x08000f04     0x4  startup_stm32f10x_hd.o [1]
  .text              ro code  0x08000f08     0x4  startup_stm32f10x_hd.o [1]
  .text              ro code  0x08000f0c     0x4  startup_stm32f10x_hd.o [1]
  .text              ro code  0x08000f10     0x4  startup_stm32f10x_hd.o [1]
  .text              ro code  0x08000f14     0x4  startup_stm32f10x_hd.o [1]
  .text              ro code  0x08000f18     0x4  startup_stm32f10x_hd.o [1]
  .text              ro code  0x08000f1c     0x4  startup_stm32f10x_hd.o [1]
  .text              ro code  0x08000f20     0x4  startup_stm32f10x_hd.o [1]
  .text              ro code  0x08000f24     0x4  startup_stm32f10x_hd.o [1]
  .text              ro code  0x08000f28     0x4  startup_stm32f10x_hd.o [1]
  .text              ro code  0x08000f2c     0x4  startup_stm32f10x_hd.o [1]
  .text              ro code  0x08000f30     0x4  startup_stm32f10x_hd.o [1]
  .text              ro code  0x08000f34     0x4  startup_stm32f10x_hd.o [1]
  .text              ro code  0x08000f38     0x4  startup_stm32f10x_hd.o [1]
  .text              ro code  0x08000f3c     0x4  startup_stm32f10x_hd.o [1]
  .text              ro code  0x08000f40     0x4  startup_stm32f10x_hd.o [1]
  .text              ro code  0x08000f44     0x4  startup_stm32f10x_hd.o [1]
  .text              ro code  0x08000f48     0x4  startup_stm32f10x_hd.o [1]
  .text              ro code  0x08000f4c     0x4  startup_stm32f10x_hd.o [1]
  .text              ro code  0x08000f50     0x4  startup_stm32f10x_hd.o [1]
  .text              ro code  0x08000f54     0x4  startup_stm32f10x_hd.o [1]
  .text              ro code  0x08000f58     0x4  startup_stm32f10x_hd.o [1]
  .text              ro code  0x08000f5c     0x4  startup_stm32f10x_hd.o [1]
  .text              ro code  0x08000f60     0x4  startup_stm32f10x_hd.o [1]
  .text              ro code  0x08000f64     0x4  startup_stm32f10x_hd.o [1]
  .text              ro code  0x08000f68     0x4  startup_stm32f10x_hd.o [1]
  .text              ro code  0x08000f6c     0x4  startup_stm32f10x_hd.o [1]
  .text              ro code  0x08000f70     0x4  startup_stm32f10x_hd.o [1]
  .text              ro code  0x08000f74     0x4  startup_stm32f10x_hd.o [1]
  .text              ro code  0x08000f78     0x4  startup_stm32f10x_hd.o [1]
  .text              ro code  0x08000f7c     0x4  startup_stm32f10x_hd.o [1]
  .text              ro code  0x08000f80     0x4  startup_stm32f10x_hd.o [1]
  .text              ro code  0x08000f84     0x4  startup_stm32f10x_hd.o [1]
  .text              ro code  0x08000f88     0x4  startup_stm32f10x_hd.o [1]
  .text              ro code  0x08000f8c     0x4  startup_stm32f10x_hd.o [1]
  .text              ro code  0x08000f90     0x4  startup_stm32f10x_hd.o [1]
  .text              ro code  0x08000f94     0x4  startup_stm32f10x_hd.o [1]
  .text              ro code  0x08000f98     0x4  startup_stm32f10x_hd.o [1]
  .text              ro code  0x08000f9c     0x4  startup_stm32f10x_hd.o [1]
  .text              ro code  0x08000fa0     0x4  startup_stm32f10x_hd.o [1]
  .text              ro code  0x08000fa4     0x4  startup_stm32f10x_hd.o [1]
  .text              ro code  0x08000fa8     0x4  startup_stm32f10x_hd.o [1]
  .text              ro code  0x08000fac     0x4  startup_stm32f10x_hd.o [1]
  .text              ro code  0x08000fb0     0x4  startup_stm32f10x_hd.o [1]
  .text              ro code  0x08000fb4     0x4  startup_stm32f10x_hd.o [1]
  .rodata            const    0x08000fb8     0x0  zero_init3.o [4]
  .rodata            const    0x08000fb8     0x0  packbits_init_single.o [4]
  Initializer bytes  const    0x08000fb8    0x35  <for P2-1>
                            - 0x08000fed   0xebd

"P2", part 1 of 3:                          0x54
  P2-1                        0x20000000    0x54  <Init block>
    .data            inited   0x20000000    0x10  stm32f10x_rcc.o [1]
    .data            inited   0x20000010     0x4  stm32f10x_rcc.o [1]
    .data            inited   0x20000014    0x40  xfiles.o [3]
                            - 0x20000054    0x54

"P2", part 2 of 3:                        0x1000
  CSTACK                      0x20000058  0x1000  <Block>
    CSTACK           uninit   0x20000058  0x1000  <Block tail>
                            - 0x20001058  0x1000

"P2", part 3 of 3:                          0x78
  .bss               zero     0x20001058    0x50  xfiles.o [3]
  .bss               zero     0x200010a8    0x28  Global.o [1]
                            - 0x200010d0    0x78


*******************************************************************************
*** INIT TABLE
***

          Address     Size
          -------     ----
Zero (__iar_zero_init3)
    1 destination range, total size 0x78:
          0x20001058  0x78

Copy/packbits (__iar_packbits_init_single3)
    1 source range, total size 0x35 (63% of destination):
          0x08000fb8  0x35
    1 destination range, total size 0x54:
          0x20000000  0x54



*******************************************************************************
*** MODULE SUMMARY
***

    Module                  ro code  ro data  rw data
    ------                  -------  -------  -------
D:\Workspace\Goose_History_Data\EWARM\Debug\Obj: [1]
    Global.o                     96                40
    Goose_IIC_Init.o            248
    PCF8563_Driver.o            284
    SW_IIC.o                    652
    bsp_usart1.o                160
    main.o                       92       68
    startup_stm32f10x_hd.o      596
    stm32f10x_gpio.o            226
    stm32f10x_it.o               18
    stm32f10x_rcc.o             244       12       20
    stm32f10x_usart.o           254
    system_stm32f10x.o          344
    -------------------------------------------------
    Total:                    3 214       80       60

command line: [2]
    -------------------------------------------------
    Total:

dl7M_tlf.a: [3]
    exit.o                        4
    low_level_init.o              4
    printf.o                     36
    putchar.o                    12
    xfiles.o                              41      144
    xprintftiny.o               334
    xprout.o                     22
    -------------------------------------------------
    Total:                      412       41      144

rt7M_tl.a: [4]
    cexit.o                      10
    cmain.o                      26
    cstartup_M.o                 12
    data_init.o                  40
    packbits_init_single.o       56
    strlen.o                     54
    zero_init3.o                 64
    -------------------------------------------------
    Total:                      262

shb_l.a: [5]
    exit.o                       20
    -------------------------------------------------
    Total:                       20

    Gaps                         16
    Linker created                        32    4 096
-----------------------------------------------------
    Grand Total:              3 924      153    4 300


*******************************************************************************
*** ENTRY LIST
***

Entry                      Address   Size  Type      Object
-----                      -------   ----  ----      ------
.iar.init_table$$Base   0x08000de0          --   Gb  - Linker created -
.iar.init_table$$Limit  0x08000e00          --   Gb  - Linker created -
?main                   0x08000e01         Code  Gb  cmain.o [4]
ADCPrescTable           0x20000010    0x4  Data  Lc  stm32f10x_rcc.o [1]
APBAHBPrescTable        0x20000000   0x10  Data  Lc  stm32f10x_rcc.o [1]
BusFault_Handler        0x08000e6f    0x2  Code  Gb  stm32f10x_it.o [1]
CSTACK$$Base            0x20000058          --   Gb  - Linker created -
CSTACK$$Limit           0x20001058          --   Gb  - Linker created -
DebugMon_Handler        0x08000e75    0x2  Code  Gb  stm32f10x_it.o [1]
GPIO_Init               0x0800090d   0xc0  Code  Gb  stm32f10x_gpio.o [1]
GPIO_Pin_Config         0x080007b9   0x26  Code  Gb  Global.o [1]
GPIO_ReadInputDataBit   0x080009cd   0x16  Code  Gb  stm32f10x_gpio.o [1]
GPIO_ResetBits          0x080009e9    0x6  Code  Gb  stm32f10x_gpio.o [1]
GPIO_SetBits            0x080009e3    0x6  Code  Gb  stm32f10x_gpio.o [1]
Goose_IIC_Delay_us      0x08000af1    0xa  Code  Gb  Goose_IIC_Init.o [1]
Goose_IIC_Init          0x08000b6f   0x4e  Code  Gb  Goose_IIC_Init.o [1]
Goose_IIC_Pin_Init      0x08000afb   0x14  Code  Gb  Goose_IIC_Init.o [1]
Goose_IIC_SCL_Read      0x08000b63    0xc  Code  Gb  Goose_IIC_Init.o [1]
Goose_IIC_SDA_Read      0x08000b57    0xc  Code  Gb  Goose_IIC_Init.o [1]
Goose_IIC_Set_SCL_High  0x08000b27    0xc  Code  Gb  Goose_IIC_Init.o [1]
Goose_IIC_Set_SCL_Low   0x08000b33    0xc  Code  Gb  Goose_IIC_Init.o [1]
Goose_IIC_Set_SDA_High  0x08000b0f    0xc  Code  Gb  Goose_IIC_Init.o [1]
Goose_IIC_Set_SDA_Input
                        0x08000b3f    0xc  Code  Gb  Goose_IIC_Init.o [1]
Goose_IIC_Set_SDA_Low   0x08000b1b    0xc  Code  Gb  Goose_IIC_Init.o [1]
Goose_IIC_Set_SDA_Output
                        0x08000b4b    0xc  Code  Gb  Goose_IIC_Init.o [1]
Goose_IIC_s             0x200010a8   0x28  Data  Gb  Global.o [1]
HardFault_Handler       0x08000e6b    0x2  Code  Gb  stm32f10x_it.o [1]
MemManage_Handler       0x08000e6d    0x2  Code  Gb  stm32f10x_it.o [1]
NMI_Handler             0x08000e69    0x2  Code  Gb  stm32f10x_it.o [1]
PCF563_Get_Date         0x08000735   0x44  Code  Gb  PCF8563_Driver.o [1]
PCF563_Set_Date         0x08000779   0x40  Code  Gb  PCF8563_Driver.o [1]
PCF8563_Read_Register   0x0800069d   0x46  Code  Gb  PCF8563_Driver.o [1]
PCF8563_Write_Register  0x080006e3   0x4e  Code  Gb  PCF8563_Driver.o [1]
PendSV_Handler          0x08000e77    0x2  Code  Gb  stm32f10x_it.o [1]
RCC_APB2PeriphClockCmd  0x080008d3   0x20  Code  Gb  stm32f10x_rcc.o [1]
RCC_GetClocksFreq       0x08000819   0xba  Code  Gb  stm32f10x_rcc.o [1]
Region$$Table$$Base     0x08000de0          --   Gb  - Linker created -
Region$$Table$$Limit    0x08000e00          --   Gb  - Linker created -
STM32_Delay_ms          0x080007fb   0x1e  Code  Gb  Global.o [1]
STM32_Delay_us          0x080007df   0x1c  Code  Gb  Global.o [1]
SVC_Handler             0x08000e73    0x2  Code  Gb  stm32f10x_it.o [1]
SW_IIC_Init             0x08000131   0x5e  Code  Gb  SW_IIC.o [1]
SW_IIC_Read_Byte        0x08000291   0x84  Code  Gb  SW_IIC.o [1]
SW_IIC_Start            0x080001c3   0x2e  Code  Gb  SW_IIC.o [1]
SW_IIC_Stop             0x080001f1   0x26  Code  Gb  SW_IIC.o [1]
SW_IIC_Transfer         0x08000315   0xa8  Code  Gb  SW_IIC.o [1]
SW_IIC_Wait_SCL_Turn_High
                        0x0800018f   0x34  Code  Lc  SW_IIC.o [1]
SW_IIC_Write_Byte       0x08000217   0x7a  Code  Gb  SW_IIC.o [1]
SetSysClock             0x08000411    0x8  Code  Lc  system_stm32f10x.o [1]
SetSysClockTo72         0x08000419   0xe0  Code  Lc  system_stm32f10x.o [1]
SysTick_Handler         0x08000e79    0x2  Code  Gb  stm32f10x_it.o [1]
SystemInit              0x080003bd   0x54  Code  Gb  system_stm32f10x.o [1]
USART1_Config           0x08000be9   0x78  Code  Gb  bsp_usart1.o [1]
USART_Cmd               0x08000ab1   0x1c  Code  Gb  stm32f10x_usart.o [1]
USART_GetFlagStatus     0x08000ad5   0x1a  Code  Gb  stm32f10x_usart.o [1]
USART_Init              0x080009f1   0xba  Code  Gb  stm32f10x_usart.o [1]
USART_SendData          0x08000acd    0x8  Code  Gb  stm32f10x_usart.o [1]
UsageFault_Handler      0x08000e71    0x2  Code  Gb  stm32f10x_it.o [1]
_PrintfTiny             0x0800052d  0x136  Code  Gb  xprintftiny.o [3]
_Prout                  0x08000e45   0x16  Code  Gb  xprout.o [3]
__cmain                 0x08000e01         Code  Gb  cmain.o [4]
__exit                  0x08000e31   0x14  Code  Gb  exit.o [5]
__iar_Stdout            0x20000014   0x40  Data  Gb  xfiles.o [3]
__iar_data_init3        0x08000db9   0x28  Code  Gb  data_init.o [4]
__iar_packbits_init_single3
                        0x08000d81   0x38  Code  Gb  packbits_init_single.o [4]
__iar_program_start     0x08000e99         Code  Gb  cstartup_M.o [4]
__iar_zero_init3        0x08000d09   0x40  Code  Gb  zero_init3.o [4]
__low_level_init        0x08000e1b    0x4  Code  Gb  low_level_init.o [3]
__vector_table          0x08000000         Data  Gb  startup_stm32f10x_hd.o [1]
_call_main              0x08000e0d         Code  Gb  cmain.o [4]
_exit                   0x08000e25         Code  Gb  cexit.o [4]
_main                   0x08000e17         Code  Gb  cmain.o [4]
exit                    0x08000e1f    0x4  Code  Gb  exit.o [3]
fputc                   0x08000c61   0x20  Code  Gb  bsp_usart1.o [1]
main                    0x08000c89   0x5c  Code  Gb  main.o [1]
obuf                    0x20001058   0x50  Data  Lc  xfiles.o [3]
out                     0x08000515   0x18  Code  Lc  xprintftiny.o [3]
printf                  0x08000ce5   0x24  Code  Gb  printf.o [3]
putchar                 0x08000e5d    0xc  Code  Gb  putchar.o [3]
strlen                  0x08000665         Code  Gb  strlen.o [4]


[1] = D:\Workspace\Goose_History_Data\EWARM\Debug\Obj
[2] = command line
[3] = dl7M_tlf.a
[4] = rt7M_tl.a
[5] = shb_l.a

  3 924 bytes of readonly  code memory
    153 bytes of readonly  data memory
  4 300 bytes of readwrite data memory

Errors: none
Warnings: none
