###############################################################################
#
# IAR ELF Linker V7.80.4.12462/W32 for ARM                13/Apr/2017  21:25:43
# Copyright 2007-2017 IAR Systems AB.
#
#    Output file  =  
#        D:\Workspace\NRF51_Goose_Data\EWARM\Debug\Exe\nRF51_Goose_Data.out
#    Map file     =  
#        D:\Workspace\NRF51_Goose_Data\EWARM\Debug\List\nRF51_Goose_Data.map
#    Command line =  
#        D:\Workspace\NRF51_Goose_Data\EWARM\Debug\Obj\app_error.o
#        D:\Workspace\NRF51_Goose_Data\EWARM\Debug\Obj\app_error_weak.o
#        D:\Workspace\NRF51_Goose_Data\EWARM\Debug\Obj\app_util_platform.o
#        D:\Workspace\NRF51_Goose_Data\EWARM\Debug\Obj\boards.o
#        D:\Workspace\NRF51_Goose_Data\EWARM\Debug\Obj\Global.o
#        D:\Workspace\NRF51_Goose_Data\EWARM\Debug\Obj\iar_startup_nrf51.o
#        D:\Workspace\NRF51_Goose_Data\EWARM\Debug\Obj\KH25V1635F_Driver.o
#        D:\Workspace\NRF51_Goose_Data\EWARM\Debug\Obj\main.o
#        D:\Workspace\NRF51_Goose_Data\EWARM\Debug\Obj\nrf_assert.o
#        D:\Workspace\NRF51_Goose_Data\EWARM\Debug\Obj\nrf_drv_clock.o
#        D:\Workspace\NRF51_Goose_Data\EWARM\Debug\Obj\nrf_drv_common.o
#        D:\Workspace\NRF51_Goose_Data\EWARM\Debug\Obj\nrf_drv_power.o
#        D:\Workspace\NRF51_Goose_Data\EWARM\Debug\Obj\nrf_drv_spi.o
#        D:\Workspace\NRF51_Goose_Data\EWARM\Debug\Obj\nrf_drv_uart.o
#        D:\Workspace\NRF51_Goose_Data\EWARM\Debug\Obj\sdk_errors.o
#        D:\Workspace\NRF51_Goose_Data\EWARM\Debug\Obj\sdk_mapped_flags.o
#        D:\Workspace\NRF51_Goose_Data\EWARM\Debug\Obj\simple_uart.o
#        D:\Workspace\NRF51_Goose_Data\EWARM\Debug\Obj\system_nrf51.o -o
#        D:\Workspace\NRF51_Goose_Data\EWARM\Debug\Exe\nRF51_Goose_Data.out
#        --map
#        D:\Workspace\NRF51_Goose_Data\EWARM\Debug\List\nRF51_Goose_Data.map
#        --config D:\IAR\arm\config\linker\NordicSemi\nrf518xx_xxac.icf
#        --semihosting --entry __iar_program_start
#        D:\IAR\arm\CMSIS\Lib\IAR\iar_cortexM0l_math.a --vfe
#
###############################################################################

*******************************************************************************
*** RUNTIME MODEL ATTRIBUTES
***

CppFlavor       = *
__SystemLibrary = DLib


*******************************************************************************
*** PLACEMENT SUMMARY
***

"A0":  place at 0x00000000 { ro section .intvec };
"P1":  place in [from 0x00000000 to 0x0003ffff] { ro };
"P2":  place in [from 0x20000000 to 0x20007fff] { rw, block CSTACK, block HEAP };
initialize by copy { rw };

  Section            Kind        Address    Size  Object
  -------            ----        -------    ----  ------
"A0":                                       0xc0
  .intvec            ro code  0x00000000    0xc0  iar_startup_nrf51.o [1]
                            - 0x000000c0    0xc0

"P1":                                     0x180b
  .text              ro code  0x000000c0   0x474  nrf_drv_spi.o [1]
  .text              ro code  0x00000534   0x180  nrf_drv_common.o [1]
  .text              ro code  0x000006b4    0x34  ABImemcpy.o [4]
  .text              ro code  0x000006e8    0x9a  app_util_platform.o [1]
  .text              ro code  0x00000782     0x2  iar_startup_nrf51.o [1]
  .text              ro code  0x00000784    0xc4  nrf_drv_clock.o [1]
  .text              ro code  0x00000848    0x84  nrf_drv_power.o [1]
  .text              ro code  0x000008cc   0x280  nrf_drv_uart.o [1]
  .text              ro code  0x00000b4c   0x26a  KH25V1635F_Driver.o [1]
  .text              ro code  0x00000db6     0x2  iar_startup_nrf51.o [1]
  .text              ro code  0x00000db8    0x98  app_error.o [1]
  .text              ro code  0x00000e50     0x8  app_error_weak.o [1]
  .text              ro code  0x00000e58   0x1b4  main.o [1]
  .text              ro code  0x0000100c    0xe4  boards.o [1]
  .text              ro code  0x000010f0    0x50  ABImemset.o [4]
  .text              ro code  0x00001140   0x134  simple_uart.o [1]
  .text              ro code  0x00001274    0x24  printf.o [3]
  .text              ro code  0x00001298   0x180  xprintftiny.o [3]
  .text              ro code  0x00001418    0xae  I32DivModFast.o [4]
  .text              ro code  0x000014c6    0x10  strlen.o [4]
  .text              ro code  0x000014d6     0x2  iar_startup_nrf51.o [1]
  .text              ro code  0x000014d8     0x2  IntDivZer.o [4]
  .text              ro code  0x000014da     0x2  iar_startup_nrf51.o [1]
  .text              ro code  0x000014dc   0x174  system_nrf51.o [1]
  .rodata            const    0x00001650    0x48  KH25V1635F_Driver.o [1]
  .text              ro code  0x00001698    0x3c  zero_init3.o [4]
  .text              ro code  0x000016d4    0x3c  packbits_init_single.o [4]
  .rodata            const    0x00001710    0x30  main.o [1]
  .text              ro code  0x00001740    0x2c  iar_startup_nrf51.o [1]
  .text              ro code  0x0000176c    0x28  data_init.o [4]
  .iar.init_table    const    0x00001794    0x20  - Linker created -
  .text              ro code  0x000017b4    0x1a  cmain.o [4]
  .text              ro code  0x000017ce     0x4  low_level_init.o [3]
  .text              ro code  0x000017d2     0x8  exit.o [3]
  .text              ro code  0x000017da     0x2  iar_startup_nrf51.o [1]
  .text              ro code  0x000017dc     0xa  cexit.o [4]
  .text              ro code  0x000017e6     0x2  iar_startup_nrf51.o [1]
  .text              ro code  0x000017e8    0x14  exit.o [5]
  .rodata            const    0x000017fc    0x18  main.o [1]
  .rodata            const    0x00001814    0x18  main.o [1]
  .text              ro code  0x0000182c    0x16  xprout.o [3]
  .text              ro code  0x00001842     0x2  iar_startup_nrf51.o [1]
  .text              ro code  0x00001844    0x10  putchar.o [3]
  .rodata            const    0x00001854    0x10  KH25V1635F_Driver.o [1]
  .text              ro code  0x00001864     0xc  cstartup_M.o [4]
  .rodata            const    0x00001870     0x8  Global.o [1]
  .rodata            const    0x00001878     0x4  boards.o [1]
  .rodata            const    0x0000187c     0x4  nrf_drv_spi.o [1]
  .text              ro code  0x00001880     0x2  iar_startup_nrf51.o [1]
  .text              ro code  0x00001882     0x2  iar_startup_nrf51.o [1]
  .text              ro code  0x00001884     0x2  iar_startup_nrf51.o [1]
  .text              ro code  0x00001886     0x2  iar_startup_nrf51.o [1]
  .text              ro code  0x00001888     0x2  iar_startup_nrf51.o [1]
  .text              ro code  0x0000188a     0x2  iar_startup_nrf51.o [1]
  .text              ro code  0x0000188c     0x2  iar_startup_nrf51.o [1]
  .text              ro code  0x0000188e     0x2  iar_startup_nrf51.o [1]
  .text              ro code  0x00001890     0x2  iar_startup_nrf51.o [1]
  .text              ro code  0x00001892     0x2  iar_startup_nrf51.o [1]
  .text              ro code  0x00001894     0x2  iar_startup_nrf51.o [1]
  .text              ro code  0x00001896     0x2  iar_startup_nrf51.o [1]
  .text              ro code  0x00001898     0x2  iar_startup_nrf51.o [1]
  .text              ro code  0x0000189a     0x2  iar_startup_nrf51.o [1]
  .text              ro code  0x0000189c     0x2  iar_startup_nrf51.o [1]
  .text              ro code  0x0000189e     0x2  iar_startup_nrf51.o [1]
  .text              ro code  0x000018a0     0x2  iar_startup_nrf51.o [1]
  .text              ro code  0x000018a2     0x2  iar_startup_nrf51.o [1]
  .rodata            const    0x000018a4     0x0  zero_init3.o [4]
  .rodata            const    0x000018a4     0x0  packbits_init_single.o [4]
  Initializer bytes  const    0x000018a4    0x27  <for P2-1>
                            - 0x000018cb  0x180b

"P2", part 1 of 3:                          0x44
  P2-1                        0x20000000    0x44  <Init block>
    .data            inited   0x20000000     0x4  system_nrf51.o [1]
    .data            inited   0x20000004    0x40  xfiles.o [3]
                            - 0x20000044    0x44

"P2", part 2 of 3:                         0x800
  CSTACK                      0x20000048   0x800  <Block>
    CSTACK           uninit   0x20000048   0x800  <Block tail>
                            - 0x20000848   0x800

"P2", part 3 of 3:                          0xe4
  .bss               zero     0x20000848    0x50  xfiles.o [3]
  .bss               zero     0x20000898    0x20  app_error.o [1]
  .bss               zero     0x200008b8    0x20  nrf_drv_spi.o [1]
  .bss               zero     0x200008d8    0x1c  nrf_drv_uart.o [1]
  .bss               zero     0x200008f4    0x14  nrf_drv_clock.o [1]
  .bss               zero     0x20000908     0x8  app_util_platform.o [1]
  .bss               zero     0x20000910     0x8  nrf_drv_common.o [1]
  .bss               zero     0x20000918     0x8  nrf_drv_common.o [1]
  .bss               zero     0x20000920     0x8  nrf_drv_common.o [1]
  .bss               zero     0x20000928     0x4  nrf_drv_power.o [1]
                            - 0x2000092c    0xe4


*******************************************************************************
*** INIT TABLE
***

          Address     Size
          -------     ----
Zero (__iar_zero_init3)
    1 destination range, total size 0xe4:
          0x20000848  0xe4

Copy/packbits (__iar_packbits_init_single3)
    1 source range, total size 0x27 (57% of destination):
          0x000018a4  0x27
    1 destination range, total size 0x44:
          0x20000000  0x44



*******************************************************************************
*** MODULE SUMMARY
***

    Module                  ro code  ro data  rw data
    ------                  -------  -------  -------
D:\Workspace\NRF51_Goose_Data\EWARM\Debug\Obj: [1]
    Global.o                               8
    KH25V1635F_Driver.o         618       88
    app_error.o                 152                32
    app_error_weak.o              8
    app_util_platform.o         154                 8
    boards.o                    228        4
    iar_startup_nrf51.o         286
    main.o                      436       96
    nrf_drv_clock.o             196                20
    nrf_drv_common.o            384                24
    nrf_drv_power.o             132                 4
    nrf_drv_spi.o             1 140        4       32
    nrf_drv_uart.o              640                28
    simple_uart.o               308
    system_nrf51.o              372        2        4
    -------------------------------------------------
    Total:                    5 054      202      152

command line: [2]
    -------------------------------------------------
    Total:

dl6M_tlf.a: [3]
    exit.o                        8
    low_level_init.o              4
    printf.o                     36
    putchar.o                    16
    xfiles.o                              37      144
    xprintftiny.o               384
    xprout.o                     22
    -------------------------------------------------
    Total:                      470       37      144

rt6M_tl.a: [4]
    ABImemcpy.o                  52
    ABImemset.o                  80
    I32DivModFast.o             174
    IntDivZer.o                   2
    cexit.o                      10
    cmain.o                      26
    cstartup_M.o                 12
    data_init.o                  40
    packbits_init_single.o       60
    strlen.o                     16
    zero_init3.o                 60
    -------------------------------------------------
    Total:                      532

shb_l.a: [5]
    exit.o                       20
    -------------------------------------------------
    Total:                       20

    Linker created                        32    2 048
-----------------------------------------------------
    Grand Total:              6 076      271    2 344


*******************************************************************************
*** ENTRY LIST
***

Entry                      Address   Size  Type      Object
-----                      -------   ----  ----      ------
.iar.init_table$$Base   0x00001794          --   Gb  - Linker created -
.iar.init_table$$Limit  0x000017b4          --   Gb  - Linker created -
?main                   0x000017b5         Code  Gb  cmain.o [4]
CSTACK$$Base            0x20000048          --   Gb  - Linker created -
CSTACK$$Limit           0x20000848          --   Gb  - Linker created -
KH25_Flash_Init         0x00000b4d   0x52  Code  Gb  KH25V1635F_Driver.o [1]
KH25_GetID              0x00000b9f   0x32  Code  Gb  KH25V1635F_Driver.o [1]
KH25_Page251_Program    0x00000ca3   0x72  Code  Gb  KH25V1635F_Driver.o [1]
KH25_Page_Program       0x00000d25   0x3a  Code  Gb  KH25V1635F_Driver.o [1]
KH25_Read251_Data       0x00000c25   0x52  Code  Gb  KH25V1635F_Driver.o [1]
KH25_Read_Data          0x00000c77   0x2c  Code  Gb  KH25V1635F_Driver.o [1]
KH25_Read_Status_Reg    0x00000bed   0x24  Code  Gb  KH25V1635F_Driver.o [1]
KH25_WaiteForWriteEnd   0x00000c11   0x14  Code  Gb  KH25V1635F_Driver.o [1]
KH25_Write_Enable       0x00000bd1   0x1c  Code  Gb  KH25V1635F_Driver.o [1]
KH25_Write_WithNoRead   0x00000d5f   0x58  Code  Gb  KH25V1635F_Driver.o [1]
LPCOMP_IRQHandler       0x000005e9    0xa  Code  Gb  nrf_drv_common.o [1]
NVIC_ClearPendingIRQ    0x00000543    0xe  Code  Lc  nrf_drv_common.o [1]
NVIC_EnableIRQ          0x00000535    0xe  Code  Lc  nrf_drv_common.o [1]
NVIC_SetPriority        0x00000551   0x84  Code  Lc  nrf_drv_common.o [1]
POWER_CLOCK_IRQHandler  0x00000689    0xc  Code  Gb  nrf_drv_common.o [1]
Region$$Table$$Base     0x00001794          --   Gb  - Linker created -
Region$$Table$$Limit    0x000017b4          --   Gb  - Linker created -
SPI0_TWI0_IRQHandler    0x000005d5    0xa  Code  Gb  nrf_drv_common.o [1]
SPI1_TWI1_IRQHandler    0x000005df    0xa  Code  Gb  nrf_drv_common.o [1]
SystemCoreClock         0x20000000    0x4  Data  Gb  system_nrf51.o [1]
SystemInit              0x000014dd   0x4c  Code  Gb  system_nrf51.o [1]
UART0_IRQHandler        0x00000b37    0xc  Code  Gb  nrf_drv_uart.o [1]
_PrintfTiny             0x000012b3  0x166  Code  Gb  xprintftiny.o [3]
_Prout                  0x0000182d   0x16  Code  Gb  xprout.o [3]
__Vectors               0x00000000          --   Gb  iar_startup_nrf51.o [1]
__Vectors_End           0x000000c0         Data  Gb  iar_startup_nrf51.o [1]
__Vectors_Size {Abs}    0x000000c0          --   Gb  iar_startup_nrf51.o [1]
__aeabi_idiv0           0x000014d9         Code  Gb  IntDivZer.o [4]
__aeabi_memcpy4         0x000006b5         Code  Wk  ABImemcpy.o [4]
__aeabi_memset          0x000010f1         Code  Gb  ABImemset.o [4]
__aeabi_uidiv           0x00001419         Code  Gb  I32DivModFast.o [4]
__aeabi_uidivmod        0x00001419         Code  Gb  I32DivModFast.o [4]
__cmain                 0x000017b5         Code  Gb  cmain.o [4]
__exit                  0x000017e9   0x14  Code  Gb  exit.o [5]
__iar_Memset4_word      0x00001111         Code  Gb  ABImemset.o [4]
__iar_Memset_word       0x000010fd         Code  Gb  ABImemset.o [4]
__iar_Stdout            0x20000004   0x40  Data  Gb  xfiles.o [3]
__iar_data_init3        0x0000176d   0x28  Code  Gb  data_init.o [4]
__iar_packbits_init_single3
                        0x000016d5   0x3c  Code  Gb  packbits_init_single.o [4]
__iar_program_start     0x00001865         Code  Gb  cstartup_M.o [4]
__iar_zero_init3        0x00001699   0x3c  Code  Gb  zero_init3.o [4]
__low_level_init        0x000017cf    0x4  Code  Gb  low_level_init.o [3]
__sd_nvic_irq_disable   0x000006e9    0x8  Code  Lc  app_util_platform.o [1]
__sd_nvic_irq_enable    0x000006f1    0x4  Code  Lc  app_util_platform.o [1]
__vector_table          0x00000000         Data  Gb  iar_startup_nrf51.o [1]
_call_main              0x000017c1         Code  Gb  cmain.o [4]
_exit                   0x000017dd         Code  Gb  cexit.o [4]
_main                   0x000017cb         Code  Gb  cmain.o [4]
acquire_shared_resource
                        0x000005f3   0x3c  Code  Lc  nrf_drv_common.o [1]
app_error_fault_handler
                        0x00000e51    0x8  Code  Wk  app_error_weak.o [1]
app_error_handler       0x00000db9   0x16  Code  Gb  app_error.o [1]
app_error_save_and_stop
                        0x00000dcf   0x7a  Code  Gb  app_error.o [1]
app_error_save_and_stop::m_error_data
                        0x20000898   0x20  Data  Lc  app_error.o [1]
app_util_critical_region_enter
                        0x00000771    0x8  Code  Gb  app_util_platform.o [1]
app_util_critical_region_exit
                        0x00000779    0xa  Code  Gb  app_util_platform.o [1]
bsp_board_led_off       0x000010ad    0xe  Code  Gb  boards.o [1]
bsp_board_leds_init     0x000010cf   0x1a  Code  Gb  boards.o [1]
bsp_board_leds_off      0x000010bb   0x14  Code  Gb  boards.o [1]
clock_clk_started_notify
                        0x000007c5   0x28  Code  Lc  nrf_drv_clock.o [1]
exit                    0x000017d3    0x8  Code  Gb  exit.o [3]
finish_transfer         0x0000034b   0x20  Code  Lc  nrf_drv_spi.o [1]
fputc                   0x00001225   0x1a  Code  Gb  simple_uart.o [1]
irq_handler_for_instance_0
                        0x0000051d    0xc  Code  Lc  nrf_drv_spi.o [1]
irq_handler_spi         0x000004f9   0x24  Code  Lc  nrf_drv_spi.o [1]
is_disabled_in_debug_needed
                        0x00001599   0x38  Code  Lc  system_nrf51.o [1]
is_manual_peripheral_setup_needed
                        0x00001529   0x70  Code  Lc  system_nrf51.o [1]
is_peripheral_domain_setup_needed
                        0x000015d1   0x54  Code  Lc  system_nrf51.o [1]
item_dequeue            0x000007af   0x10  Code  Lc  nrf_drv_clock.o [1]
m_board_led_list        0x00001878    0x4  Data  Lc  boards.o [1]
m_cb                    0x200008b8   0x20  Data  Lc  nrf_drv_spi.o [1]
m_cb                    0x200008d8   0x1c  Data  Lc  nrf_drv_uart.o [1]
m_clock_cb              0x200008f4   0x14  Data  Lc  nrf_drv_clock.o [1]
m_comp_lpcomp           0x20000920    0x8  Data  Lc  nrf_drv_common.o [1]
m_irq_handlers          0x0000187c    0x4  Data  Lc  nrf_drv_spi.o [1]
m_pofwarn_handler       0x20000928    0x4  Data  Lc  nrf_drv_power.o [1]
m_serial_box_0          0x20000910    0x8  Data  Lc  nrf_drv_common.o [1]
m_serial_box_1          0x20000918    0x8  Data  Lc  nrf_drv_common.o [1]
main                    0x00000ef9  0x102  Code  Gb  main.o [1]
nrf_clock_event_check   0x00000797   0x18  Code  Lc  nrf_drv_clock.o [1]
nrf_clock_event_clear   0x0000078b    0xc  Code  Lc  nrf_drv_clock.o [1]
nrf_clock_int_disable   0x00000785    0x6  Code  Lc  nrf_drv_clock.o [1]
nrf_drv_clock_onIRQ     0x000007ed   0x50  Code  Gb  nrf_drv_clock.o [1]
nrf_drv_common_irq_enable
                        0x00000695   0x20  Code  Gb  nrf_drv_common.o [1]
nrf_drv_common_per_res_acquire
                        0x0000062f   0x30  Code  Gb  nrf_drv_common.o [1]
nrf_drv_power_onIRQ     0x000008a7   0x1e  Code  Gb  nrf_drv_power.o [1]
nrf_drv_spi_init        0x00000207  0x116  Code  Gb  nrf_drv_spi.o [1]
nrf_drv_spi_transfer    0x0000032d   0x1e  Code  Gb  nrf_drv_spi.o [1]
nrf_drv_spi_xfer        0x00000479   0x76  Code  Gb  nrf_drv_spi.o [1]
nrf_gpio_cfg            0x00001013   0x3a  Code  Lc  boards.o [1]
nrf_gpio_cfg            0x00000e5f   0x3a  Code  Lc  main.o [1]
nrf_gpio_cfg            0x00000165   0x3a  Code  Lc  nrf_drv_spi.o [1]
nrf_gpio_cfg            0x00001147   0x3a  Code  Lc  simple_uart.o [1]
nrf_gpio_cfg_input      0x000001b7   0x1a  Code  Lc  nrf_drv_spi.o [1]
nrf_gpio_cfg_input      0x00001199   0x1a  Code  Lc  simple_uart.o [1]
nrf_gpio_cfg_output     0x0000104d   0x18  Code  Lc  boards.o [1]
nrf_gpio_cfg_output     0x00000e99   0x18  Code  Lc  main.o [1]
nrf_gpio_cfg_output     0x0000019f   0x18  Code  Lc  nrf_drv_spi.o [1]
nrf_gpio_cfg_output     0x00001181   0x18  Code  Lc  simple_uart.o [1]
nrf_gpio_pin_clear      0x00001079   0x14  Code  Lc  boards.o [1]
nrf_gpio_pin_clear      0x00000ec5   0x14  Code  Lc  main.o [1]
nrf_gpio_pin_clear      0x000001e5   0x14  Code  Lc  nrf_drv_spi.o [1]
nrf_gpio_pin_port_decode
                        0x0000100d    0x6  Code  Lc  boards.o [1]
nrf_gpio_pin_port_decode
                        0x00000e59    0x6  Code  Lc  main.o [1]
nrf_gpio_pin_port_decode
                        0x0000015f    0x6  Code  Lc  nrf_drv_spi.o [1]
nrf_gpio_pin_port_decode
                        0x00001141    0x6  Code  Lc  simple_uart.o [1]
nrf_gpio_pin_set        0x00001065   0x14  Code  Lc  boards.o [1]
nrf_gpio_pin_set        0x00000eb1   0x14  Code  Lc  main.o [1]
nrf_gpio_pin_set        0x000001d1   0x14  Code  Lc  nrf_drv_spi.o [1]
nrf_gpio_pin_write      0x0000108d   0x12  Code  Lc  boards.o [1]
nrf_gpio_pin_write      0x00000ed9   0x12  Code  Lc  main.o [1]
nrf_gpio_port_out_clear
                        0x000010a7    0x6  Code  Lc  boards.o [1]
nrf_gpio_port_out_clear
                        0x00000ef3    0x6  Code  Lc  main.o [1]
nrf_gpio_port_out_clear
                        0x00000201    0x6  Code  Lc  nrf_drv_spi.o [1]
nrf_gpio_port_out_set   0x0000109f    0x8  Code  Lc  boards.o [1]
nrf_gpio_port_out_set   0x00000eeb    0x8  Code  Lc  main.o [1]
nrf_gpio_port_out_set   0x000001f9    0x8  Code  Lc  nrf_drv_spi.o [1]
nrf_nvic_state          0x20000908    0x8  Data  Gb  app_util_platform.o [1]
nrf_power_event_check   0x00000867   0x18  Code  Lc  nrf_drv_power.o [1]
nrf_power_event_clear   0x00000859    0xe  Code  Lc  nrf_drv_power.o [1]
nrf_power_event_get_and_clear
                        0x0000087f   0x22  Code  Lc  nrf_drv_power.o [1]
nrf_power_int_enable_get
                        0x000008a1    0x6  Code  Lc  nrf_drv_power.o [1]
nrf_power_regptr_get    0x00000849    0x8  Code  Lc  nrf_drv_power.o [1]
nrf_power_regptr_get_c  0x00000851    0x8  Code  Lc  nrf_drv_power.o [1]
nrf_spi_configure       0x00000125   0x3a  Code  Lc  nrf_drv_spi.o [1]
nrf_spi_enable          0x000000ed    0xa  Code  Lc  nrf_drv_spi.o [1]
nrf_spi_event_check     0x000000c9   0x14  Code  Lc  nrf_drv_spi.o [1]
nrf_spi_event_clear     0x000000c1    0x8  Code  Lc  nrf_drv_spi.o [1]
nrf_spi_frequency_set   0x0000011f    0x6  Code  Lc  nrf_drv_spi.o [1]
nrf_spi_int_disable     0x000000e5    0x8  Code  Lc  nrf_drv_spi.o [1]
nrf_spi_int_enable      0x000000dd    0x8  Code  Lc  nrf_drv_spi.o [1]
nrf_spi_pins_set        0x000000f7   0x16  Code  Lc  nrf_drv_spi.o [1]
nrf_spi_rxd_get         0x00000115    0xa  Code  Lc  nrf_drv_spi.o [1]
nrf_spi_txd_set         0x0000010d    0x8  Code  Lc  nrf_drv_spi.o [1]
nrf_uart_errorsrc_get_and_clear
                        0x00000909   0x10  Code  Lc  nrf_drv_uart.o [1]
nrf_uart_event_check    0x000008d5   0x14  Code  Lc  nrf_drv_uart.o [1]
nrf_uart_event_clear    0x000008cd    0x8  Code  Lc  nrf_drv_uart.o [1]
nrf_uart_int_disable    0x00000901    0x8  Code  Lc  nrf_drv_uart.o [1]
nrf_uart_int_enable_check
                        0x000008e9   0x18  Code  Lc  nrf_drv_uart.o [1]
nrf_uart_rxd_get        0x00000919    0xa  Code  Lc  nrf_drv_uart.o [1]
nrf_uart_task_trigger   0x0000092b    0x8  Code  Lc  nrf_drv_uart.o [1]
nrf_uart_txd_set        0x00000923    0x8  Code  Lc  nrf_drv_uart.o [1]
obuf                    0x20000848   0x50  Data  Lc  xfiles.o [3]
out                     0x00001299   0x1a  Code  Lc  xprintftiny.o [3]
printf                  0x00001275   0x24  Code  Gb  printf.o [3]
putchar                 0x00001845   0x10  Code  Gb  putchar.o [3]
rx_byte                 0x0000095f   0x3e  Code  Lc  nrf_drv_uart.o [1]
rx_done_event           0x0000099d   0x1a  Code  Lc  nrf_drv_uart.o [1]
sd_nvic_critical_region_enter
                        0x000006f5   0x3e  Code  Lc  app_util_platform.o [1]
sd_nvic_critical_region_exit
                        0x00000733   0x2e  Code  Lc  app_util_platform.o [1]
simple_uart_config      0x000011b3   0x72  Code  Gb  simple_uart.o [1]
spi                     0x00001870    0x8  Data  Gb  Global.o [1]
spi_xfer                0x000003e3   0x96  Code  Lc  nrf_drv_spi.o [1]
strlen                  0x000014c7   0x10  Code  Gb  strlen.o [4]
transfer_byte           0x0000036b   0x78  Code  Lc  nrf_drv_spi.o [1]
tx_byte                 0x00000939   0x26  Code  Lc  nrf_drv_uart.o [1]
tx_done_event           0x000009b7   0x24  Code  Lc  nrf_drv_uart.o [1]
uart_irq_handler        0x000009db  0x15c  Code  Lc  nrf_drv_uart.o [1]


[1] = D:\Workspace\NRF51_Goose_Data\EWARM\Debug\Obj
[2] = command line
[3] = dl6M_tlf.a
[4] = rt6M_tl.a
[5] = shb_l.a

  6 076 bytes of readonly  code memory
    271 bytes of readonly  data memory
  2 344 bytes of readwrite data memory

Errors: none
Warnings: none
