###############################################################################
#
# IAR ELF Linker V7.80.4.12462/W32 for ARM                18/Apr/2017  15:32:08
# Copyright 2007-2017 IAR Systems AB.
#
#    Output file  =  
#        D:\Workspace\NRF51_Goose_Data\EWARM\Debug\Exe\nRF51_Goose_Data.out
#    Map file     =  
#        D:\Workspace\NRF51_Goose_Data\EWARM\Debug\List\nRF51_Goose_Data.map
#    Command line =  
#        D:\Workspace\NRF51_Goose_Data\EWARM\Debug\Obj\app_error.o
#        D:\Workspace\NRF51_Goose_Data\EWARM\Debug\Obj\app_error_weak.o
#        D:\Workspace\NRF51_Goose_Data\EWARM\Debug\Obj\app_util_platform.o
#        D:\Workspace\NRF51_Goose_Data\EWARM\Debug\Obj\boards.o
#        D:\Workspace\NRF51_Goose_Data\EWARM\Debug\Obj\Global.o
#        D:\Workspace\NRF51_Goose_Data\EWARM\Debug\Obj\Goose_IIC_Init.o
#        D:\Workspace\NRF51_Goose_Data\EWARM\Debug\Obj\iar_startup_nrf51.o
#        D:\Workspace\NRF51_Goose_Data\EWARM\Debug\Obj\KH25_Flash_Store.o
#        D:\Workspace\NRF51_Goose_Data\EWARM\Debug\Obj\KH25V1635F_Driver.o
#        D:\Workspace\NRF51_Goose_Data\EWARM\Debug\Obj\main.o
#        D:\Workspace\NRF51_Goose_Data\EWARM\Debug\Obj\nrf_assert.o
#        D:\Workspace\NRF51_Goose_Data\EWARM\Debug\Obj\nrf_drv_clock.o
#        D:\Workspace\NRF51_Goose_Data\EWARM\Debug\Obj\nrf_drv_common.o
#        D:\Workspace\NRF51_Goose_Data\EWARM\Debug\Obj\nrf_drv_power.o
#        D:\Workspace\NRF51_Goose_Data\EWARM\Debug\Obj\nrf_drv_spi.o
#        D:\Workspace\NRF51_Goose_Data\EWARM\Debug\Obj\nrf_drv_uart.o
#        D:\Workspace\NRF51_Goose_Data\EWARM\Debug\Obj\PCF8563_Driver.o
#        D:\Workspace\NRF51_Goose_Data\EWARM\Debug\Obj\sdk_errors.o
#        D:\Workspace\NRF51_Goose_Data\EWARM\Debug\Obj\sdk_mapped_flags.o
#        D:\Workspace\NRF51_Goose_Data\EWARM\Debug\Obj\simple_uart.o
#        D:\Workspace\NRF51_Goose_Data\EWARM\Debug\Obj\SW_IIC.o
#        D:\Workspace\NRF51_Goose_Data\EWARM\Debug\Obj\system_nrf51.o -o
#        D:\Workspace\NRF51_Goose_Data\EWARM\Debug\Exe\nRF51_Goose_Data.out
#        --map
#        D:\Workspace\NRF51_Goose_Data\EWARM\Debug\List\nRF51_Goose_Data.map
#        --config D:\IAR\arm\config\linker\NordicSemi\nrf518xx_xxac.icf
#        --semihosting --entry __iar_program_start
#        D:\IAR\arm\CMSIS\Lib\IAR\iar_cortexM0l_math.a --vfe
#
###############################################################################

*******************************************************************************
*** RUNTIME MODEL ATTRIBUTES
***

CppFlavor       = *
__SystemLibrary = DLib


*******************************************************************************
*** PLACEMENT SUMMARY
***

"A0":  place at 0x00000000 { ro section .intvec };
"P1":  place in [from 0x00000000 to 0x0003ffff] { ro };
"P2":  place in [from 0x20000000 to 0x20007fff] { rw, block CSTACK, block HEAP };
initialize by copy { rw };

  Section            Kind        Address    Size  Object
  -------            ----        -------    ----  ------
"A0":                                       0xc0
  .intvec            ro code  0x00000000    0xc0  iar_startup_nrf51.o [1]
                            - 0x000000c0    0xc0

"P1":                                     0x1f73
  .text              ro code  0x000000c0   0x474  nrf_drv_spi.o [1]
  .text              ro code  0x00000534   0x180  nrf_drv_common.o [1]
  .text              ro code  0x000006b4    0x34  ABImemcpy.o [4]
  .text              ro code  0x000006e8    0x9a  app_util_platform.o [1]
  .text              ro code  0x00000782     0x2  iar_startup_nrf51.o [1]
  .text              ro code  0x00000784    0xc4  nrf_drv_clock.o [1]
  .text              ro code  0x00000848    0x84  nrf_drv_power.o [1]
  .text              ro code  0x000008cc   0x3b4  KH25V1635F_Driver.o [1]
  .text              ro code  0x00000c80    0x98  app_error.o [1]
  .text              ro code  0x00000d18     0x8  app_error_weak.o [1]
  .text              ro code  0x00000d20   0x28e  SW_IIC.o [1]
  .text              ro code  0x00000fae     0x2  iar_startup_nrf51.o [1]
  .text              ro code  0x00000fb0   0x280  nrf_drv_uart.o [1]
  .text              ro code  0x00001230   0x1e0  KH25_Flash_Store.o [1]
  .text              ro code  0x00001410    0x14  memset.o [3]
  .text              ro code  0x00001424    0xd4  PCF8563_Driver.o [1]
  .text              ro code  0x000014f8    0x50  ABImemset.o [4]
  .text              ro code  0x00001548   0x188  Goose_IIC_Init.o [1]
  .text              ro code  0x000016d0   0x180  xprintftiny.o [3]
  .text              ro code  0x00001850    0xae  I32DivModFast.o [4]
  .text              ro code  0x000018fe    0x10  strlen.o [4]
  .text              ro code  0x0000190e     0x2  iar_startup_nrf51.o [1]
  .text              ro code  0x00001910     0x2  IntDivZer.o [4]
  .text              ro code  0x00001912     0x2  iar_startup_nrf51.o [1]
  .text              ro code  0x00001914   0x174  system_nrf51.o [1]
  .text              ro code  0x00001a88   0x134  simple_uart.o [1]
  .text              ro code  0x00001bbc    0xf4  main.o [1]
  .text              ro code  0x00001cb0    0xe4  boards.o [1]
  .text              ro code  0x00001d94    0x24  printf.o [3]
  .rodata            const    0x00001db8    0x48  KH25V1635F_Driver.o [1]
  .text              ro code  0x00001e00    0x3c  zero_init3.o [4]
  .text              ro code  0x00001e3c    0x3c  packbits_init_single.o [4]
  .rodata            const    0x00001e78    0x30  main.o [1]
  .rodata            const    0x00001ea8    0x30  main.o [1]
  .text              ro code  0x00001ed8    0x2c  iar_startup_nrf51.o [1]
  .text              ro code  0x00001f04    0x28  data_init.o [4]
  .iar.init_table    const    0x00001f2c    0x20  - Linker created -
  .text              ro code  0x00001f4c    0x1a  cmain.o [4]
  .text              ro code  0x00001f66     0x4  low_level_init.o [3]
  .text              ro code  0x00001f6a     0x8  exit.o [3]
  .text              ro code  0x00001f72     0x2  iar_startup_nrf51.o [1]
  .text              ro code  0x00001f74     0xa  cexit.o [4]
  .text              ro code  0x00001f7e     0x2  iar_startup_nrf51.o [1]
  .text              ro code  0x00001f80    0x14  exit.o [5]
  .text              ro code  0x00001f94    0x16  xprout.o [3]
  .text              ro code  0x00001faa     0x2  iar_startup_nrf51.o [1]
  .text              ro code  0x00001fac    0x10  putchar.o [3]
  .rodata            const    0x00001fbc    0x10  KH25V1635F_Driver.o [1]
  .text              ro code  0x00001fcc     0xc  cstartup_M.o [4]
  .rodata            const    0x00001fd8     0x8  Global.o [1]
  .rodata            const    0x00001fe0     0x4  boards.o [1]
  .rodata            const    0x00001fe4     0x4  nrf_drv_spi.o [1]
  .text              ro code  0x00001fe8     0x2  iar_startup_nrf51.o [1]
  .text              ro code  0x00001fea     0x2  iar_startup_nrf51.o [1]
  .text              ro code  0x00001fec     0x2  iar_startup_nrf51.o [1]
  .text              ro code  0x00001fee     0x2  iar_startup_nrf51.o [1]
  .text              ro code  0x00001ff0     0x2  iar_startup_nrf51.o [1]
  .text              ro code  0x00001ff2     0x2  iar_startup_nrf51.o [1]
  .text              ro code  0x00001ff4     0x2  iar_startup_nrf51.o [1]
  .text              ro code  0x00001ff6     0x2  iar_startup_nrf51.o [1]
  .text              ro code  0x00001ff8     0x2  iar_startup_nrf51.o [1]
  .text              ro code  0x00001ffa     0x2  iar_startup_nrf51.o [1]
  .text              ro code  0x00001ffc     0x2  iar_startup_nrf51.o [1]
  .text              ro code  0x00001ffe     0x2  iar_startup_nrf51.o [1]
  .text              ro code  0x00002000     0x2  iar_startup_nrf51.o [1]
  .text              ro code  0x00002002     0x2  iar_startup_nrf51.o [1]
  .text              ro code  0x00002004     0x2  iar_startup_nrf51.o [1]
  .text              ro code  0x00002006     0x2  iar_startup_nrf51.o [1]
  .text              ro code  0x00002008     0x2  iar_startup_nrf51.o [1]
  .text              ro code  0x0000200a     0x2  iar_startup_nrf51.o [1]
  .rodata            const    0x0000200c     0x0  zero_init3.o [4]
  .rodata            const    0x0000200c     0x0  packbits_init_single.o [4]
  Initializer bytes  const    0x0000200c    0x27  <for P2-1>
                            - 0x00002033  0x1f73

"P2", part 1 of 3:                          0x44
  P2-1                        0x20000000    0x44  <Init block>
    .data            inited   0x20000000     0x4  system_nrf51.o [1]
    .data            inited   0x20000004    0x40  xfiles.o [3]
                            - 0x20000044    0x44

"P2", part 2 of 3:                         0x800
  CSTACK                      0x20000048   0x800  <Block>
    CSTACK           uninit   0x20000048   0x800  <Block tail>
                            - 0x20000848   0x800

"P2", part 3 of 3:                         0x114
  .bss               zero     0x20000848    0x50  xfiles.o [3]
  .bss               zero     0x20000898    0x28  Global.o [1]
  .bss               zero     0x200008c0    0x20  app_error.o [1]
  .bss               zero     0x200008e0    0x20  nrf_drv_spi.o [1]
  .bss               zero     0x20000900    0x1c  nrf_drv_uart.o [1]
  .bss               zero     0x2000091c    0x14  nrf_drv_clock.o [1]
  .bss               zero     0x20000930     0x8  app_util_platform.o [1]
  .bss               zero     0x20000938     0x8  Global.o [1]
  .bss               zero     0x20000940     0x8  nrf_drv_common.o [1]
  .bss               zero     0x20000948     0x8  nrf_drv_common.o [1]
  .bss               zero     0x20000950     0x8  nrf_drv_common.o [1]
  .bss               zero     0x20000958     0x4  nrf_drv_power.o [1]
                            - 0x2000095c   0x114


*******************************************************************************
*** INIT TABLE
***

          Address     Size
          -------     ----
Zero (__iar_zero_init3)
    1 destination range, total size 0x114:
          0x20000848  0x114

Copy/packbits (__iar_packbits_init_single3)
    1 source range, total size 0x27 (57% of destination):
          0x0000200c   0x27
    1 destination range, total size 0x44:
          0x20000000   0x44



*******************************************************************************
*** MODULE SUMMARY
***

    Module                  ro code  ro data  rw data
    ------                  -------  -------  -------
D:\Workspace\NRF51_Goose_Data\EWARM\Debug\Obj: [1]
    Global.o                               8       48
    Goose_IIC_Init.o            392
    KH25V1635F_Driver.o         948       88
    KH25_Flash_Store.o          480
    PCF8563_Driver.o            212
    SW_IIC.o                    654
    app_error.o                 152                32
    app_error_weak.o              8
    app_util_platform.o         154                 8
    boards.o                    228        4
    iar_startup_nrf51.o         286
    main.o                      244       96
    nrf_drv_clock.o             196                20
    nrf_drv_common.o            384                24
    nrf_drv_power.o             132                 4
    nrf_drv_spi.o             1 140        4       32
    nrf_drv_uart.o              640                28
    simple_uart.o               308
    system_nrf51.o              372        2        4
    -------------------------------------------------
    Total:                    6 930      202      200

command line: [2]
    -------------------------------------------------
    Total:

dl6M_tlf.a: [3]
    exit.o                        8
    low_level_init.o              4
    memset.o                     20
    printf.o                     36
    putchar.o                    16
    xfiles.o                              37      144
    xprintftiny.o               384
    xprout.o                     22
    -------------------------------------------------
    Total:                      490       37      144

rt6M_tl.a: [4]
    ABImemcpy.o                  52
    ABImemset.o                  80
    I32DivModFast.o             174
    IntDivZer.o                   2
    cexit.o                      10
    cmain.o                      26
    cstartup_M.o                 12
    data_init.o                  40
    packbits_init_single.o       60
    strlen.o                     16
    zero_init3.o                 60
    -------------------------------------------------
    Total:                      532

shb_l.a: [5]
    exit.o                       20
    -------------------------------------------------
    Total:                       20

    Linker created                        32    2 048
-----------------------------------------------------
    Grand Total:              7 972      271    2 392


*******************************************************************************
*** ENTRY LIST
***

Entry                      Address   Size  Type      Object
-----                      -------   ----  ----      ------
.iar.init_table$$Base   0x00001f2c          --   Gb  - Linker created -
.iar.init_table$$Limit  0x00001f4c          --   Gb  - Linker created -
?main                   0x00001f4d         Code  Gb  cmain.o [4]
CSTACK$$Base            0x20000048          --   Gb  - Linker created -
CSTACK$$Limit           0x20000848          --   Gb  - Linker created -
Date_Buff_s             0x20000938    0x8  Data  Gb  Global.o [1]
Get_Current_Data        0x0000138b   0x6c  Code  Gb  KH25_Flash_Store.o [1]
Goose_IIC_Delay_us      0x000015cd    0xa  Code  Gb  Goose_IIC_Init.o [1]
Goose_IIC_Init          0x00001633   0x4c  Code  Gb  Goose_IIC_Init.o [1]
Goose_IIC_Pin_Init      0x000015d7   0x10  Code  Gb  Goose_IIC_Init.o [1]
Goose_IIC_SCL_Read      0x00001625    0xe  Code  Gb  Goose_IIC_Init.o [1]
Goose_IIC_SDA_Read      0x00001617    0xe  Code  Gb  Goose_IIC_Init.o [1]
Goose_IIC_Set_SCL_High  0x000015f7    0x8  Code  Gb  Goose_IIC_Init.o [1]
Goose_IIC_Set_SCL_Low   0x000015ff    0x8  Code  Gb  Goose_IIC_Init.o [1]
Goose_IIC_Set_SDA_High  0x000015e7    0x8  Code  Gb  Goose_IIC_Init.o [1]
Goose_IIC_Set_SDA_Input
                        0x00001607    0x8  Code  Gb  Goose_IIC_Init.o [1]
Goose_IIC_Set_SDA_Low   0x000015ef    0x8  Code  Gb  Goose_IIC_Init.o [1]
Goose_IIC_Set_SDA_Output
                        0x0000160f    0x8  Code  Gb  Goose_IIC_Init.o [1]
Goose_IIC_s             0x20000898   0x28  Data  Gb  Global.o [1]
KH25_Chip_Erase         0x00000b0b   0x28  Code  Gb  KH25V1635F_Driver.o [1]
KH25_Chip_Init          0x00000b33   0x22  Code  Gb  KH25V1635F_Driver.o [1]
KH25_Erase              0x00000aad   0x5e  Code  Gb  KH25V1635F_Driver.o [1]
KH25_Flash_Init         0x0000096d   0x6e  Code  Gb  KH25V1635F_Driver.o [1]
KH25_Page251_Program    0x00000b55   0x76  Code  Gb  KH25V1635F_Driver.o [1]
KH25_Page_Program       0x00000bd5   0x3a  Code  Gb  KH25V1635F_Driver.o [1]
KH25_Read251_Data       0x00000a2f   0x52  Code  Gb  KH25V1635F_Driver.o [1]
KH25_Read_Data          0x00000a81   0x2c  Code  Gb  KH25V1635F_Driver.o [1]
KH25_Read_Status_Reg    0x000009f7   0x24  Code  Gb  KH25V1635F_Driver.o [1]
KH25_WaiteForWriteEnd   0x00000a1b   0x14  Code  Gb  KH25V1635F_Driver.o [1]
KH25_Write_Enable       0x000009db   0x1c  Code  Gb  KH25V1635F_Driver.o [1]
KH25_Write_WithNoRead   0x00000c0f   0x66  Code  Gb  KH25V1635F_Driver.o [1]
LPCOMP_IRQHandler       0x000005e9    0xa  Code  Gb  nrf_drv_common.o [1]
NVIC_ClearPendingIRQ    0x00000543    0xe  Code  Lc  nrf_drv_common.o [1]
NVIC_EnableIRQ          0x00000535    0xe  Code  Lc  nrf_drv_common.o [1]
NVIC_SetPriority        0x00000551   0x84  Code  Lc  nrf_drv_common.o [1]
PCF8563_Get_Date        0x000014b5   0x44  Code  Gb  PCF8563_Driver.o [1]
PCF8563_Read_Register   0x0000145f   0x4a  Code  Gb  PCF8563_Driver.o [1]
POWER_CLOCK_IRQHandler  0x00000689    0xc  Code  Gb  nrf_drv_common.o [1]
Region$$Table$$Base     0x00001f2c          --   Gb  - Linker created -
Region$$Table$$Limit    0x00001f4c          --   Gb  - Linker created -
SPI0_TWI0_IRQHandler    0x000005d5    0xa  Code  Gb  nrf_drv_common.o [1]
SPI1_TWI1_IRQHandler    0x000005df    0xa  Code  Gb  nrf_drv_common.o [1]
SW_IIC_Init             0x00000d21   0x5e  Code  Gb  SW_IIC.o [1]
SW_IIC_Read_Byte        0x00000e87   0x70  Code  Gb  SW_IIC.o [1]
SW_IIC_Start            0x00000db3   0x2e  Code  Gb  SW_IIC.o [1]
SW_IIC_Stop             0x00000de1   0x26  Code  Gb  SW_IIC.o [1]
SW_IIC_Transfer         0x00000ef7   0xb8  Code  Gb  SW_IIC.o [1]
SW_IIC_Wait_SCL_Turn_High
                        0x00000d7f   0x34  Code  Lc  SW_IIC.o [1]
SW_IIC_Write_Byte       0x00000e07   0x80  Code  Gb  SW_IIC.o [1]
SearchFor_Valid_Addr    0x0000126b   0x9a  Code  Gb  KH25_Flash_Store.o [1]
Store_History_Data      0x00001305   0x86  Code  Gb  KH25_Flash_Store.o [1]
SystemCoreClock         0x20000000    0x4  Data  Gb  system_nrf51.o [1]
SystemInit              0x00001915   0x4c  Code  Gb  system_nrf51.o [1]
UART0_IRQHandler        0x0000121b    0xc  Code  Gb  nrf_drv_uart.o [1]
_PrintfTiny             0x000016eb  0x166  Code  Gb  xprintftiny.o [3]
_Prout                  0x00001f95   0x16  Code  Gb  xprout.o [3]
__Vectors               0x00000000          --   Gb  iar_startup_nrf51.o [1]
__Vectors_End           0x000000c0         Data  Gb  iar_startup_nrf51.o [1]
__Vectors_Size {Abs}    0x000000c0          --   Gb  iar_startup_nrf51.o [1]
__aeabi_idiv0           0x00001911         Code  Gb  IntDivZer.o [4]
__aeabi_memcpy4         0x000006b5         Code  Wk  ABImemcpy.o [4]
__aeabi_memset          0x000014f9         Code  Gb  ABImemset.o [4]
__aeabi_uidiv           0x00001851         Code  Gb  I32DivModFast.o [4]
__aeabi_uidivmod        0x00001851         Code  Gb  I32DivModFast.o [4]
__cmain                 0x00001f4d         Code  Gb  cmain.o [4]
__exit                  0x00001f81   0x14  Code  Gb  exit.o [5]
__iar_Memset4_word      0x00001519         Code  Gb  ABImemset.o [4]
__iar_Memset_word       0x00001505         Code  Gb  ABImemset.o [4]
__iar_Stdout            0x20000004   0x40  Data  Gb  xfiles.o [3]
__iar_data_init3        0x00001f05   0x28  Code  Gb  data_init.o [4]
__iar_packbits_init_single3
                        0x00001e3d   0x3c  Code  Gb  packbits_init_single.o [4]
__iar_program_start     0x00001fcd         Code  Gb  cstartup_M.o [4]
__iar_zero_init3        0x00001e01   0x3c  Code  Gb  zero_init3.o [4]
__low_level_init        0x00001f67    0x4  Code  Gb  low_level_init.o [3]
__sd_nvic_irq_disable   0x000006e9    0x8  Code  Lc  app_util_platform.o [1]
__sd_nvic_irq_enable    0x000006f1    0x4  Code  Lc  app_util_platform.o [1]
__vector_table          0x00000000         Data  Gb  iar_startup_nrf51.o [1]
_call_main              0x00001f59         Code  Gb  cmain.o [4]
_exit                   0x00001f75         Code  Gb  cexit.o [4]
_main                   0x00001f63         Code  Gb  cmain.o [4]
acquire_shared_resource
                        0x000005f3   0x3c  Code  Lc  nrf_drv_common.o [1]
app_error_fault_handler
                        0x00000d19    0x8  Code  Wk  app_error_weak.o [1]
app_error_handler       0x00000c81   0x16  Code  Gb  app_error.o [1]
app_error_save_and_stop
                        0x00000c97   0x7a  Code  Gb  app_error.o [1]
app_error_save_and_stop::m_error_data
                        0x200008c0   0x20  Data  Lc  app_error.o [1]
app_util_critical_region_enter
                        0x00000771    0x8  Code  Gb  app_util_platform.o [1]
app_util_critical_region_exit
                        0x00000779    0xa  Code  Gb  app_util_platform.o [1]
bsp_board_led_off       0x00001d51    0xe  Code  Gb  boards.o [1]
bsp_board_leds_init     0x00001d73   0x1a  Code  Gb  boards.o [1]
bsp_board_leds_off      0x00001d5f   0x14  Code  Gb  boards.o [1]
clock_clk_started_notify
                        0x000007c5   0x28  Code  Lc  nrf_drv_clock.o [1]
exit                    0x00001f6b    0x8  Code  Gb  exit.o [3]
finish_transfer         0x0000034b   0x20  Code  Lc  nrf_drv_spi.o [1]
fputc                   0x00001b6d   0x1a  Code  Gb  simple_uart.o [1]
irq_handler_for_instance_0
                        0x0000051d    0xc  Code  Lc  nrf_drv_spi.o [1]
irq_handler_spi         0x000004f9   0x24  Code  Lc  nrf_drv_spi.o [1]
is_disabled_in_debug_needed
                        0x000019d1   0x38  Code  Lc  system_nrf51.o [1]
is_manual_peripheral_setup_needed
                        0x00001961   0x70  Code  Lc  system_nrf51.o [1]
is_peripheral_domain_setup_needed
                        0x00001a09   0x54  Code  Lc  system_nrf51.o [1]
item_dequeue            0x000007af   0x10  Code  Lc  nrf_drv_clock.o [1]
m_board_led_list        0x00001fe0    0x4  Data  Lc  boards.o [1]
m_cb                    0x200008e0   0x20  Data  Lc  nrf_drv_spi.o [1]
m_cb                    0x20000900   0x1c  Data  Lc  nrf_drv_uart.o [1]
m_clock_cb              0x2000091c   0x14  Data  Lc  nrf_drv_clock.o [1]
m_comp_lpcomp           0x20000950    0x8  Data  Lc  nrf_drv_common.o [1]
m_irq_handlers          0x00001fe4    0x4  Data  Lc  nrf_drv_spi.o [1]
m_pofwarn_handler       0x20000958    0x4  Data  Lc  nrf_drv_power.o [1]
m_serial_box_0          0x20000940    0x8  Data  Lc  nrf_drv_common.o [1]
m_serial_box_1          0x20000948    0x8  Data  Lc  nrf_drv_common.o [1]
main                    0x00001bbd   0xf4  Code  Gb  main.o [1]
memset                  0x00001411   0x14  Code  Gb  memset.o [3]
nrf_clock_event_check   0x00000797   0x18  Code  Lc  nrf_drv_clock.o [1]
nrf_clock_event_clear   0x0000078b    0xc  Code  Lc  nrf_drv_clock.o [1]
nrf_clock_int_disable   0x00000785    0x6  Code  Lc  nrf_drv_clock.o [1]
nrf_delay_ms            0x0000125d    0xe  Code  Lc  KH25_Flash_Store.o [1]
nrf_delay_ms            0x00001451    0xe  Code  Lc  PCF8563_Driver.o [1]
nrf_delay_us            0x000015a1   0x2c  Code  Lc  Goose_IIC_Init.o [1]
nrf_delay_us            0x00001231   0x2c  Code  Lc  KH25_Flash_Store.o [1]
nrf_delay_us            0x00001425   0x2c  Code  Lc  PCF8563_Driver.o [1]
nrf_drv_clock_onIRQ     0x000007ed   0x50  Code  Gb  nrf_drv_clock.o [1]
nrf_drv_common_irq_enable
                        0x00000695   0x20  Code  Gb  nrf_drv_common.o [1]
nrf_drv_common_per_res_acquire
                        0x0000062f   0x30  Code  Gb  nrf_drv_common.o [1]
nrf_drv_power_onIRQ     0x000008a7   0x1e  Code  Gb  nrf_drv_power.o [1]
nrf_drv_spi_init        0x00000207  0x116  Code  Gb  nrf_drv_spi.o [1]
nrf_drv_spi_transfer    0x0000032d   0x1e  Code  Gb  nrf_drv_spi.o [1]
nrf_drv_spi_xfer        0x00000479   0x76  Code  Gb  nrf_drv_spi.o [1]
nrf_gpio_cfg            0x00001cb7   0x3a  Code  Lc  boards.o [1]
nrf_gpio_cfg            0x0000154f   0x3a  Code  Lc  Goose_IIC_Init.o [1]
nrf_gpio_cfg            0x000008d3   0x3a  Code  Lc  KH25V1635F_Driver.o [1]
nrf_gpio_cfg            0x00000165   0x3a  Code  Lc  nrf_drv_spi.o [1]
nrf_gpio_cfg            0x00001a8f   0x3a  Code  Lc  simple_uart.o [1]
nrf_gpio_cfg_input      0x000001b7   0x1a  Code  Lc  nrf_drv_spi.o [1]
nrf_gpio_cfg_input      0x00001ae1   0x1a  Code  Lc  simple_uart.o [1]
nrf_gpio_cfg_output     0x00001cf1   0x18  Code  Lc  boards.o [1]
nrf_gpio_cfg_output     0x00001589   0x18  Code  Lc  Goose_IIC_Init.o [1]
nrf_gpio_cfg_output     0x0000090d   0x18  Code  Lc  KH25V1635F_Driver.o [1]
nrf_gpio_cfg_output     0x0000019f   0x18  Code  Lc  nrf_drv_spi.o [1]
nrf_gpio_cfg_output     0x00001ac9   0x18  Code  Lc  simple_uart.o [1]
nrf_gpio_pin_clear      0x00001d1d   0x14  Code  Lc  boards.o [1]
nrf_gpio_pin_clear      0x00000939   0x14  Code  Lc  KH25V1635F_Driver.o [1]
nrf_gpio_pin_clear      0x000001e5   0x14  Code  Lc  nrf_drv_spi.o [1]
nrf_gpio_pin_port_decode
                        0x00001cb1    0x6  Code  Lc  boards.o [1]
nrf_gpio_pin_port_decode
                        0x00001549    0x6  Code  Lc  Goose_IIC_Init.o [1]
nrf_gpio_pin_port_decode
                        0x000008cd    0x6  Code  Lc  KH25V1635F_Driver.o [1]
nrf_gpio_pin_port_decode
                        0x0000015f    0x6  Code  Lc  nrf_drv_spi.o [1]
nrf_gpio_pin_port_decode
                        0x00001a89    0x6  Code  Lc  simple_uart.o [1]
nrf_gpio_pin_set        0x00001d09   0x14  Code  Lc  boards.o [1]
nrf_gpio_pin_set        0x00000925   0x14  Code  Lc  KH25V1635F_Driver.o [1]
nrf_gpio_pin_set        0x000001d1   0x14  Code  Lc  nrf_drv_spi.o [1]
nrf_gpio_pin_write      0x00001d31   0x12  Code  Lc  boards.o [1]
nrf_gpio_pin_write      0x0000094d   0x12  Code  Lc  KH25V1635F_Driver.o [1]
nrf_gpio_port_out_clear
                        0x00001d4b    0x6  Code  Lc  boards.o [1]
nrf_gpio_port_out_clear
                        0x00000967    0x6  Code  Lc  KH25V1635F_Driver.o [1]
nrf_gpio_port_out_clear
                        0x00000201    0x6  Code  Lc  nrf_drv_spi.o [1]
nrf_gpio_port_out_set   0x00001d43    0x8  Code  Lc  boards.o [1]
nrf_gpio_port_out_set   0x0000095f    0x8  Code  Lc  KH25V1635F_Driver.o [1]
nrf_gpio_port_out_set   0x000001f9    0x8  Code  Lc  nrf_drv_spi.o [1]
nrf_nvic_state          0x20000930    0x8  Data  Gb  app_util_platform.o [1]
nrf_power_event_check   0x00000867   0x18  Code  Lc  nrf_drv_power.o [1]
nrf_power_event_clear   0x00000859    0xe  Code  Lc  nrf_drv_power.o [1]
nrf_power_event_get_and_clear
                        0x0000087f   0x22  Code  Lc  nrf_drv_power.o [1]
nrf_power_int_enable_get
                        0x000008a1    0x6  Code  Lc  nrf_drv_power.o [1]
nrf_power_regptr_get    0x00000849    0x8  Code  Lc  nrf_drv_power.o [1]
nrf_power_regptr_get_c  0x00000851    0x8  Code  Lc  nrf_drv_power.o [1]
nrf_spi_configure       0x00000125   0x3a  Code  Lc  nrf_drv_spi.o [1]
nrf_spi_enable          0x000000ed    0xa  Code  Lc  nrf_drv_spi.o [1]
nrf_spi_event_check     0x000000c9   0x14  Code  Lc  nrf_drv_spi.o [1]
nrf_spi_event_clear     0x000000c1    0x8  Code  Lc  nrf_drv_spi.o [1]
nrf_spi_frequency_set   0x0000011f    0x6  Code  Lc  nrf_drv_spi.o [1]
nrf_spi_int_disable     0x000000e5    0x8  Code  Lc  nrf_drv_spi.o [1]
nrf_spi_int_enable      0x000000dd    0x8  Code  Lc  nrf_drv_spi.o [1]
nrf_spi_pins_set        0x000000f7   0x16  Code  Lc  nrf_drv_spi.o [1]
nrf_spi_rxd_get         0x00000115    0xa  Code  Lc  nrf_drv_spi.o [1]
nrf_spi_txd_set         0x0000010d    0x8  Code  Lc  nrf_drv_spi.o [1]
nrf_uart_errorsrc_get_and_clear
                        0x00000fed   0x10  Code  Lc  nrf_drv_uart.o [1]
nrf_uart_event_check    0x00000fb9   0x14  Code  Lc  nrf_drv_uart.o [1]
nrf_uart_event_clear    0x00000fb1    0x8  Code  Lc  nrf_drv_uart.o [1]
nrf_uart_int_disable    0x00000fe5    0x8  Code  Lc  nrf_drv_uart.o [1]
nrf_uart_int_enable_check
                        0x00000fcd   0x18  Code  Lc  nrf_drv_uart.o [1]
nrf_uart_rxd_get        0x00000ffd    0xa  Code  Lc  nrf_drv_uart.o [1]
nrf_uart_task_trigger   0x0000100f    0x8  Code  Lc  nrf_drv_uart.o [1]
nrf_uart_txd_set        0x00001007    0x8  Code  Lc  nrf_drv_uart.o [1]
obuf                    0x20000848   0x50  Data  Lc  xfiles.o [3]
out                     0x000016d1   0x1a  Code  Lc  xprintftiny.o [3]
printf                  0x00001d95   0x24  Code  Gb  printf.o [3]
putchar                 0x00001fad   0x10  Code  Gb  putchar.o [3]
rx_byte                 0x00001043   0x3e  Code  Lc  nrf_drv_uart.o [1]
rx_done_event           0x00001081   0x1a  Code  Lc  nrf_drv_uart.o [1]
sd_nvic_critical_region_enter
                        0x000006f5   0x3e  Code  Lc  app_util_platform.o [1]
sd_nvic_critical_region_exit
                        0x00000733   0x2e  Code  Lc  app_util_platform.o [1]
simple_uart_config      0x00001afb   0x72  Code  Gb  simple_uart.o [1]
spi                     0x00001fd8    0x8  Data  Gb  Global.o [1]
spi_xfer                0x000003e3   0x96  Code  Lc  nrf_drv_spi.o [1]
strlen                  0x000018ff   0x10  Code  Gb  strlen.o [4]
transfer_byte           0x0000036b   0x78  Code  Lc  nrf_drv_spi.o [1]
tx_byte                 0x0000101d   0x26  Code  Lc  nrf_drv_uart.o [1]
tx_done_event           0x0000109b   0x24  Code  Lc  nrf_drv_uart.o [1]
uart_irq_handler        0x000010bf  0x15c  Code  Lc  nrf_drv_uart.o [1]


[1] = D:\Workspace\NRF51_Goose_Data\EWARM\Debug\Obj
[2] = command line
[3] = dl6M_tlf.a
[4] = rt6M_tl.a
[5] = shb_l.a

  7 972 bytes of readonly  code memory
    271 bytes of readonly  data memory
  2 392 bytes of readwrite data memory

Errors: none
Warnings: none
